Component: ARM Compiler 5.06 update 6 (build 750) Tool: armlink [4d35ed]

==============================================================================

Section Cross References

    startup_stm32f103xb.o(RESET) refers to startup_stm32f103xb.o(STACK) for __initial_sp
    startup_stm32f103xb.o(RESET) refers to startup_stm32f103xb.o(.text) for Reset_Handler
    startup_stm32f103xb.o(RESET) refers to stm32f1xx_it.o(i.NMI_Handler) for NMI_Handler
    startup_stm32f103xb.o(RESET) refers to stm32f1xx_it.o(i.HardFault_Handler) for HardFault_Handler
    startup_stm32f103xb.o(RESET) refers to stm32f1xx_it.o(i.MemManage_Handler) for MemManage_Handler
    startup_stm32f103xb.o(RESET) refers to stm32f1xx_it.o(i.BusFault_Handler) for BusFault_Handler
    startup_stm32f103xb.o(RESET) refers to stm32f1xx_it.o(i.UsageFault_Handler) for UsageFault_Handler
    startup_stm32f103xb.o(RESET) refers to stm32f1xx_it.o(i.SVC_Handler) for SVC_Handler
    startup_stm32f103xb.o(RESET) refers to stm32f1xx_it.o(i.DebugMon_Handler) for DebugMon_Handler
    startup_stm32f103xb.o(RESET) refers to stm32f1xx_it.o(i.PendSV_Handler) for PendSV_Handler
    startup_stm32f103xb.o(RESET) refers to stm32f1xx_it.o(i.SysTick_Handler) for SysTick_Handler
    startup_stm32f103xb.o(RESET) refers to stm32f1xx_it.o(i.TIM4_IRQHandler) for TIM4_IRQHandler
    startup_stm32f103xb.o(RESET) refers to stm32f1xx_it.o(i.USART2_IRQHandler) for USART2_IRQHandler
    startup_stm32f103xb.o(.text) refers to system_stm32f1xx.o(i.SystemInit) for SystemInit
    startup_stm32f103xb.o(.text) refers to entry.o(.ARM.Collect$$$$00000000) for __main
    main.o(i.Gled_task) refers to stm32f1xx_hal_gpio.o(i.HAL_GPIO_TogglePin) for HAL_GPIO_TogglePin
    main.o(i.Gled_task) refers to tasks.o(i.vTaskDelay) for vTaskDelay
    main.o(i.Gled_task) refers to printfb.o(i.__0printf$bare) for __2printf
    main.o(i.HAL_TIM_PeriodElapsedCallback) refers to stm32f1xx_hal.o(i.HAL_IncTick) for HAL_IncTick
    main.o(i.SystemClock_Config) refers to memseta.o(.text) for __aeabi_memclr4
    main.o(i.SystemClock_Config) refers to stm32f1xx_hal_rcc.o(i.HAL_RCC_OscConfig) for HAL_RCC_OscConfig
    main.o(i.SystemClock_Config) refers to stm32f1xx_hal_rcc.o(i.HAL_RCC_ClockConfig) for HAL_RCC_ClockConfig
    main.o(i.Wled_task) refers to stm32f1xx_hal_gpio.o(i.HAL_GPIO_TogglePin) for HAL_GPIO_TogglePin
    main.o(i.Wled_task) refers to tasks.o(i.vTaskDelay) for vTaskDelay
    main.o(i.Wled_task) refers to printfb.o(i.__0printf$bare) for __2printf
    main.o(i.fputc) refers to stm32f1xx_hal_uart.o(i.HAL_UART_Transmit) for HAL_UART_Transmit
    main.o(i.fputc) refers to usart.o(.bss) for huart2
    main.o(i.key1_task) refers to stm32f1xx_hal_gpio.o(i.HAL_GPIO_ReadPin) for HAL_GPIO_ReadPin
    main.o(i.key1_task) refers to tasks.o(i.vTaskDelay) for vTaskDelay
    main.o(i.key1_task) refers to tasks.o(i.vTaskDelete) for vTaskDelete
    main.o(i.key1_task) refers to printfb.o(i.__0printf$bare) for __2printf
    main.o(i.key1_task) refers to main.o(.data) for .data
    main.o(i.main) refers to stm32f1xx_hal.o(i.HAL_Init) for HAL_Init
    main.o(i.main) refers to main.o(i.SystemClock_Config) for SystemClock_Config
    main.o(i.main) refers to gpio.o(i.MX_GPIO_Init) for MX_GPIO_Init
    main.o(i.main) refers to usart.o(i.MX_USART2_UART_Init) for MX_USART2_UART_Init
    main.o(i.main) refers to i2c.o(i.MX_I2C1_Init) for MX_I2C1_Init
    main.o(i.main) refers to tasks.o(i.xTaskCreate) for xTaskCreate
    main.o(i.main) refers to printfb.o(i.__0printf$bare) for __2printf
    main.o(i.main) refers to tasks.o(i.vTaskStartScheduler) for vTaskStartScheduler
    main.o(i.main) refers to main.o(.data) for .data
    main.o(i.main) refers to main.o(i.start_task) for start_task
    main.o(i.print_task) refers to stm32f1xx_hal_uart.o(i.HAL_UART_Transmit) for HAL_UART_Transmit
    main.o(i.print_task) refers to tasks.o(i.vTaskDelay) for vTaskDelay
    main.o(i.print_task) refers to usart.o(.bss) for huart2
    main.o(i.start_task) refers to tasks.o(i.xTaskCreate) for xTaskCreate
    main.o(i.start_task) refers to printfb.o(i.__0printf$bare) for __2printf
    main.o(i.start_task) refers to tasks.o(i.vTaskDelete) for vTaskDelete
    main.o(i.start_task) refers to main.o(.data) for .data
    main.o(i.start_task) refers to main.o(i.Wled_task) for Wled_task
    main.o(i.start_task) refers to main.o(i.Gled_task) for Gled_task
    main.o(i.start_task) refers to main.o(i.key1_task) for key1_task
    gpio.o(i.MX_GPIO_Init) refers to stm32f1xx_hal_gpio.o(i.HAL_GPIO_WritePin) for HAL_GPIO_WritePin
    gpio.o(i.MX_GPIO_Init) refers to stm32f1xx_hal_gpio.o(i.HAL_GPIO_Init) for HAL_GPIO_Init
    i2c.o(i.HAL_I2C_MspDeInit) refers to stm32f1xx_hal_gpio.o(i.HAL_GPIO_DeInit) for HAL_GPIO_DeInit
    i2c.o(i.HAL_I2C_MspInit) refers to stm32f1xx_hal_gpio.o(i.HAL_GPIO_Init) for HAL_GPIO_Init
    i2c.o(i.MX_I2C1_Init) refers to stm32f1xx_hal_i2c.o(i.HAL_I2C_Init) for HAL_I2C_Init
[...]
    Removing stm32f1xx_hal_tim_ex.o(i.HAL_TIMEx_HallSensor_MspInit), (2 bytes).
    Removing stm32f1xx_hal_tim_ex.o(i.HAL_TIMEx_HallSensor_Start), (128 bytes).
    Removing stm32f1xx_hal_tim_ex.o(i.HAL_TIMEx_HallSensor_Start_DMA), (184 bytes).
    Removing stm32f1xx_hal_tim_ex.o(i.HAL_TIMEx_HallSensor_Start_IT), (140 bytes).
    Removing stm32f1xx_hal_tim_ex.o(i.HAL_TIMEx_HallSensor_Stop), (58 bytes).
    Removing stm32f1xx_hal_tim_ex.o(i.HAL_TIMEx_HallSensor_Stop_DMA), (70 bytes).
    Removing stm32f1xx_hal_tim_ex.o(i.HAL_TIMEx_HallSensor_Stop_IT), (68 bytes).
    Removing stm32f1xx_hal_tim_ex.o(i.HAL_TIMEx_MasterConfigSynchronization), (104 bytes).
    Removing stm32f1xx_hal_tim_ex.o(i.HAL_TIMEx_OCN_Start), (152 bytes).
    Removing stm32f1xx_hal_tim_ex.o(i.HAL_TIMEx_OCN_Start_DMA), (352 bytes).
    Removing stm32f1xx_hal_tim_ex.o(i.HAL_TIMEx_OCN_Start_IT), (192 bytes).
    Removing stm32f1xx_hal_tim_ex.o(i.HAL_TIMEx_OCN_Stop), (104 bytes).
    Removing stm32f1xx_hal_tim_ex.o(i.HAL_TIMEx_OCN_Stop_DMA), (168 bytes).
    Removing stm32f1xx_hal_tim_ex.o(i.HAL_TIMEx_OCN_Stop_IT), (170 bytes).
    Removing stm32f1xx_hal_tim_ex.o(i.HAL_TIMEx_OnePulseN_Start), (100 bytes).
    Removing stm32f1xx_hal_tim_ex.o(i.HAL_TIMEx_OnePulseN_Start_IT), (120 bytes).
    Removing stm32f1xx_hal_tim_ex.o(i.HAL_TIMEx_OnePulseN_Stop), (98 bytes).
    Removing stm32f1xx_hal_tim_ex.o(i.HAL_TIMEx_OnePulseN_Stop_IT), (120 bytes).
    Removing stm32f1xx_hal_tim_ex.o(i.HAL_TIMEx_PWMN_Start), (152 bytes).
    Removing stm32f1xx_hal_tim_ex.o(i.HAL_TIMEx_PWMN_Start_DMA), (352 bytes).
    Removing stm32f1xx_hal_tim_ex.o(i.HAL_TIMEx_PWMN_Start_IT), (192 bytes).
    Removing stm32f1xx_hal_tim_ex.o(i.HAL_TIMEx_PWMN_Stop), (104 bytes).
    Removing stm32f1xx_hal_tim_ex.o(i.HAL_TIMEx_PWMN_Stop_DMA), (168 bytes).
    Removing stm32f1xx_hal_tim_ex.o(i.HAL_TIMEx_PWMN_Stop_IT), (170 bytes).
    Removing stm32f1xx_hal_tim_ex.o(i.HAL_TIMEx_RemapConfig), (4 bytes).
    Removing stm32f1xx_hal_tim_ex.o(i.TIMEx_DMACommutationCplt), (16 bytes).
    Removing stm32f1xx_hal_tim_ex.o(i.TIMEx_DMACommutationHalfCplt), (16 bytes).
    Removing stm32f1xx_hal_tim_ex.o(i.TIM_CCxNChannelCmd), (26 bytes).
    Removing stm32f1xx_hal_tim_ex.o(i.TIM_DMADelayPulseNCplt), (74 bytes).
    Removing stm32f1xx_hal_tim_ex.o(i.TIM_DMAErrorCCxN), (62 bytes).
    Removing stm32f1xx_hal_uart.o(.rev16_text), (4 bytes).
    Removing stm32f1xx_hal_uart.o(.revsh_text), (4 bytes).
    Removing stm32f1xx_hal_uart.o(.rrx_text), (6 bytes).
    Removing stm32f1xx_hal_uart.o(i.HAL_HalfDuplex_EnableReceiver), (50 bytes).
    Removing stm32f1xx_hal_uart.o(i.HAL_HalfDuplex_EnableTransmitter), (50 bytes).
    Removing stm32f1xx_hal_uart.o(i.HAL_HalfDuplex_Init), (110 bytes).
    Removing stm32f1xx_hal_uart.o(i.HAL_LIN_Init), (130 bytes).
    Removing stm32f1xx_hal_uart.o(i.HAL_LIN_SendBreak), (60 bytes).
    Removing stm32f1xx_hal_uart.o(i.HAL_MultiProcessor_EnterMuteMode), (62 bytes).
    Removing stm32f1xx_hal_uart.o(i.HAL_MultiProcessor_ExitMuteMode), (62 bytes).
    Removing stm32f1xx_hal_uart.o(i.HAL_MultiProcessor_Init), (144 bytes).
    Removing stm32f1xx_hal_uart.o(i.HAL_UARTEx_GetRxEventType), (4 bytes).
    Removing stm32f1xx_hal_uart.o(i.HAL_UARTEx_ReceiveToIdle), (240 bytes).
    Removing stm32f1xx_hal_uart.o(i.HAL_UARTEx_ReceiveToIdle_DMA), (74 bytes).
    Removing stm32f1xx_hal_uart.o(i.HAL_UARTEx_ReceiveToIdle_IT), (78 bytes).
    Removing stm32f1xx_hal_uart.o(i.HAL_UART_Abort), (210 bytes).
    Removing stm32f1xx_hal_uart.o(i.HAL_UART_AbortCpltCallback), (2 bytes).
    Removing stm32f1xx_hal_uart.o(i.HAL_UART_AbortReceive), (148 bytes).
    Removing stm32f1xx_hal_uart.o(i.HAL_UART_AbortReceiveCpltCallback), (2 bytes).
    Removing stm32f1xx_hal_uart.o(i.HAL_UART_AbortReceive_IT), (152 bytes).
    Removing stm32f1xx_hal_uart.o(i.HAL_UART_AbortTransmit), (98 bytes).
    Removing stm32f1xx_hal_uart.o(i.HAL_UART_AbortTransmitCpltCallback), (2 bytes).
    Removing stm32f1xx_hal_uart.o(i.HAL_UART_AbortTransmit_IT), (104 bytes).
    Removing stm32f1xx_hal_uart.o(i.HAL_UART_Abort_IT), (244 bytes).
    Removing stm32f1xx_hal_uart.o(i.HAL_UART_DMAPause), (120 bytes).
    Removing stm32f1xx_hal_uart.o(i.HAL_UART_DMAResume), (114 bytes).
    Removing stm32f1xx_hal_uart.o(i.HAL_UART_DMAStop), (112 bytes).
    Removing stm32f1xx_hal_uart.o(i.HAL_UART_DeInit), (54 bytes).
    Removing stm32f1xx_hal_uart.o(i.HAL_UART_GetError), (4 bytes).
    Removing stm32f1xx_hal_uart.o(i.HAL_UART_GetState), (10 bytes).
    Removing stm32f1xx_hal_uart.o(i.HAL_UART_MspDeInit), (2 bytes).
    Removing stm32f1xx_hal_uart.o(i.HAL_UART_MspInit), (2 bytes).
    Removing stm32f1xx_hal_uart.o(i.HAL_UART_Receive), (176 bytes).
    Removing stm32f1xx_hal_uart.o(i.HAL_UART_Receive_DMA), (28 bytes).
    Removing stm32f1xx_hal_uart.o(i.HAL_UART_Receive_IT), (28 bytes).
    Removing stm32f1xx_hal_uart.o(i.HAL_UART_RxHalfCpltCallback), (2 bytes).
    Removing stm32f1xx_hal_uart.o(i.HAL_UART_Transmit_DMA), (120 bytes).
    Removing stm32f1xx_hal_uart.o(i.HAL_UART_Transmit_IT), (50 bytes).
    Removing stm32f1xx_hal_uart.o(i.HAL_UART_TxHalfCpltCallback), (2 bytes).
    Removing stm32f1xx_hal_uart.o(i.UART_DMAError), (74 bytes).
    Removing stm32f1xx_hal_uart.o(i.UART_DMAReceiveCplt), (134 bytes).
    Removing stm32f1xx_hal_uart.o(i.UART_DMARxAbortCallback), (44 bytes).
    Removing stm32f1xx_hal_uart.o(i.UART_DMARxHalfCplt), (30 bytes).
    Removing stm32f1xx_hal_uart.o(i.UART_DMARxOnlyAbortCallback), (22 bytes).
    Removing stm32f1xx_hal_uart.o(i.UART_DMATransmitCplt), (66 bytes).
    Removing stm32f1xx_hal_uart.o(i.UART_DMATxAbortCallback), (44 bytes).
    Removing stm32f1xx_hal_uart.o(i.UART_DMATxHalfCplt), (10 bytes).
    Removing stm32f1xx_hal_uart.o(i.UART_DMATxOnlyAbortCallback), (20 bytes).
    Removing stm32f1xx_hal_uart.o(i.UART_EndTxTransfer), (28 bytes).
    Removing stm32f1xx_hal_uart.o(i.UART_Start_Receive_DMA), (144 bytes).
    Removing stm32f1xx_hal_uart.o(i.UART_Start_Receive_IT), (54 bytes).
    Removing system_stm32f1xx.o(.rev16_text), (4 bytes).
    Removing system_stm32f1xx.o(.revsh_text), (4 bytes).
    Removing system_stm32f1xx.o(.rrx_text), (6 bytes).
    Removing system_stm32f1xx.o(i.SystemCoreClockUpdate), (104 bytes).
    Removing event_groups.o(i.prvTestWaitCondition), (20 bytes).
    Removing event_groups.o(i.vEventGroupClearBitsCallback), (4 bytes).
    Removing event_groups.o(i.vEventGroupDelete), (44 bytes).
    Removing event_groups.o(i.vEventGroupSetBitsCallback), (4 bytes).
    Removing event_groups.o(i.xEventGroupClearBits), (26 bytes).
    Removing event_groups.o(i.xEventGroupCreate), (26 bytes).
    Removing event_groups.o(i.xEventGroupGetBitsFromISR), (26 bytes).
    Removing event_groups.o(i.xEventGroupSetBits), (100 bytes).
    Removing event_groups.o(i.xEventGroupSync), (140 bytes).
    Removing event_groups.o(i.xEventGroupWaitBits), (176 bytes).
    Removing queue.o(i.pcQueueGetName), (40 bytes).
    Removing queue.o(i.prvCopyDataToQueue), (108 bytes).
    Removing queue.o(i.uxQueueMessagesWaiting), (18 bytes).
    Removing queue.o(i.uxQueueMessagesWaitingFromISR), (4 bytes).
    Removing queue.o(i.uxQueueSpacesAvailable), (22 bytes).
    Removing queue.o(i.vQueueDelete), (18 bytes).
    Removing queue.o(i.vQueueUnregisterQueue), (40 bytes).
    Removing queue.o(i.xQueueCreateMutex), (36 bytes).
    Removing queue.o(i.xQueueGenericSend), (248 bytes).
    Removing queue.o(i.xQueueGenericSendFromISR), (112 bytes).
    Removing queue.o(i.xQueueGiveFromISR), (102 bytes).
    Removing queue.o(i.xQueueIsQueueEmptyFromISR), (12 bytes).
    Removing queue.o(i.xQueueIsQueueFullFromISR), (16 bytes).
    Removing queue.o(i.xQueuePeek), (232 bytes).
    Removing queue.o(i.xQueuePeekFromISR), (44 bytes).
    Removing queue.o(i.xQueueReceiveFromISR), (108 bytes).
    Removing queue.o(i.xQueueSemaphoreTake), (296 bytes).
    Removing stream_buffer.o(i.prvBytesInBuffer), (18 bytes).
    Removing stream_buffer.o(i.prvInitialiseNewStreamBuffer), (36 bytes).
    Removing stream_buffer.o(i.prvReadBytesFromBuffer), (64 bytes).
    Removing stream_buffer.o(i.prvReadMessageFromBuffer), (68 bytes).
    Removing stream_buffer.o(i.prvWriteBytesToBuffer), (62 bytes).
    Removing stream_buffer.o(i.prvWriteMessageToBuffer), (70 bytes).
    Removing stream_buffer.o(i.vStreamBufferDelete), (16 bytes).
    Removing stream_buffer.o(i.xStreamBufferBytesAvailable), (4 bytes).
    Removing stream_buffer.o(i.xStreamBufferGenericCreate), (76 bytes).
    Removing stream_buffer.o(i.xStreamBufferIsEmpty), (16 bytes).
    Removing stream_buffer.o(i.xStreamBufferIsFull), (30 bytes).
    Removing stream_buffer.o(i.xStreamBufferNextMessageLengthBytes), (40 bytes).
    Removing stream_buffer.o(i.xStreamBufferReceive), (164 bytes).
    Removing stream_buffer.o(i.xStreamBufferReceiveCompletedFromISR), (54 bytes).
    Removing stream_buffer.o(i.xStreamBufferReceiveFromISR), (104 bytes).
    Removing stream_buffer.o(i.xStreamBufferReset), (52 bytes).
    Removing stream_buffer.o(i.xStreamBufferSend), (202 bytes).
    Removing stream_buffer.o(i.xStreamBufferSendCompletedFromISR), (54 bytes).
    Removing stream_buffer.o(i.xStreamBufferSendFromISR), (110 bytes).
    Removing stream_buffer.o(i.xStreamBufferSetTriggerLevel), (20 bytes).
    Removing stream_buffer.o(i.xStreamBufferSpacesAvailable), (32 bytes).
    Removing tasks.o(i.pcTaskGetName), (16 bytes).
    Removing tasks.o(i.prvTaskIsTaskSuspended), (32 bytes).
    Removing tasks.o(i.pvTaskIncrementMutexHeldCount), (24 bytes).
    Removing tasks.o(i.ulTaskGenericNotifyTake), (132 bytes).
    Removing tasks.o(i.ulTaskGenericNotifyValueClear), (48 bytes).
    Removing tasks.o(i.uxTaskGetNumberOfTasks), (12 bytes).
    Removing tasks.o(i.uxTaskPriorityGet), (28 bytes).
    Removing tasks.o(i.uxTaskPriorityGetFromISR), (36 bytes).
    Removing tasks.o(i.uxTaskResetEventItemValue), (24 bytes).
    Removing tasks.o(i.vTaskEndScheduler), (28 bytes).
    Removing tasks.o(i.vTaskGenericNotifyGiveFromISR), (232 bytes).
    Removing tasks.o(i.vTaskPlaceOnUnorderedEventList), (64 bytes).
    Removing tasks.o(i.vTaskPriorityDisinheritAfterTimeout), (156 bytes).
    Removing tasks.o(i.vTaskPrioritySet), (212 bytes).
    Removing tasks.o(i.vTaskRemoveFromUnorderedEventList), (164 bytes).
    Removing tasks.o(i.vTaskResume), (148 bytes).
    Removing tasks.o(i.vTaskSetTimeOutState), (32 bytes).
    Removing tasks.o(i.vTaskSuspend), (168 bytes).
    Removing tasks.o(i.xTaskCatchUpTicks), (36 bytes).
    Removing tasks.o(i.xTaskDelayUntil), (88 bytes).
    Removing tasks.o(i.xTaskGenericNotify), (244 bytes).
    Removing tasks.o(i.xTaskGenericNotifyFromISR), (328 bytes).
    Removing tasks.o(i.xTaskGenericNotifyStateClear), (52 bytes).
    Removing tasks.o(i.xTaskGenericNotifyWait), (164 bytes).
    Removing tasks.o(i.xTaskGetCurrentTaskHandle), (12 bytes).
    Removing tasks.o(i.xTaskGetSchedulerState), (28 bytes).
    Removing tasks.o(i.xTaskGetTickCountFromISR), (12 bytes).
    Removing tasks.o(i.xTaskPriorityDisinherit), (140 bytes).
    Removing tasks.o(i.xTaskPriorityInherit), (176 bytes).
    Removing tasks.o(i.xTaskResumeFromISR), (168 bytes).
    Removing timers.o(i.pcTimerGetName), (4 bytes).
    Removing timers.o(i.pvTimerGetTimerID), (18 bytes).
    Removing timers.o(i.uxTimerGetReloadMode), (4 bytes).
    Removing timers.o(i.vTimerSetReloadMode), (36 bytes).
    Removing timers.o(i.vTimerSetTimerID), (20 bytes).
    Removing timers.o(i.xTimerCreate), (74 bytes).
    Removing timers.o(i.xTimerGenericCommand), (72 bytes).
    Removing timers.o(i.xTimerGetExpiryTime), (4 bytes).
    Removing timers.o(i.xTimerGetPeriod), (4 bytes).
    Removing timers.o(i.xTimerGetReloadMode), (30 bytes).
    Removing timers.o(i.xTimerGetTimerDaemonTaskHandle), (12 bytes).
    Removing timers.o(i.xTimerIsTimerActive), (32 bytes).
    Removing port.o(i.vPortEndScheduler), (2 bytes).
    Removing heap_4.o(i.pvPortCalloc), (38 bytes).
    Removing heap_4.o(i.vPortGetHeapStats), (108 bytes).
    Removing heap_4.o(i.vPortInitialiseBlocks), (2 bytes).
    Removing heap_4.o(i.xPortGetFreeHeapSize), (12 bytes).
    Removing heap_4.o(i.xPortGetMinimumEverFreeHeapSize), (12 bytes).
    Removing font.o(.constdata), (552 bytes).
    Removing font.o(.constdata), (1140 bytes).
    Removing font.o(.constdata), (1520 bytes).
    Removing font.o(.constdata), (3420 bytes).
    Removing font.o(.constdata), (488 bytes).
    Removing font.o(.constdata), (288 bytes).
    Removing oled.o(.rev16_text), (4 bytes).
    Removing oled.o(.revsh_text), (4 bytes).
    Removing oled.o(.rrx_text), (6 bytes).
    Removing oled.o(i.OLED_ClearBuffer), (40 bytes).
    Removing oled.o(i.OLED_DisPlay_Off), (30 bytes).
    Removing oled.o(i.OLED_DisPlay_On), (30 bytes).
    Removing oled.o(i.OLED_DrawCircle), (90 bytes).
    Removing oled.o(i.OLED_DrawCircleFilled), (80 bytes).
    Removing oled.o(i.OLED_DrawLine), (152 bytes).
    Removing oled.o(i.OLED_DrawPicture), (156 bytes).
    Removing oled.o(i.OLED_DrawPixel), (44 bytes).
    Removing oled.o(i.OLED_DrawRectangle), (80 bytes).
    Removing oled.o(i.OLED_DrawRectangleFilled), (52 bytes).
    Removing oled.o(i.OLED_Init), (222 bytes).
    Removing oled.o(i.OLED_PrintChar), (228 bytes).
    Removing oled.o(i.OLED_PrintString), (60 bytes).
    Removing oled.o(i.OLED_Refresh), (120 bytes).
    Removing oled.o(i.OLED_SetColorMode), (24 bytes).
    Removing oled.o(i.OLED_SetOrientation), (44 bytes).
    Removing oled.o(i.OLED_TransmitByte), (48 bytes).
    Removing oled.o(i._OLED_DrawCircleSection), (190 bytes).
    Removing oled.o(i._OLED_DrawCircleSectionFilled), (118 bytes).
    Removing oled.o(i.is_ascii), (14 bytes).
    Removing oled.o(i.is_gbk), (14 bytes).
    Removing oled.o(i.oled_string), (20 bytes).
    Removing oled.o(.bss), (1032 bytes).
    Removing dadd.o(.text), (334 bytes).
    Removing dmul.o(.text), (228 bytes).
    Removing ddiv.o(.text), (222 bytes).
    Removing dfixul.o(.text), (48 bytes).
    Removing cdrcmple.o(.text), (48 bytes).
    Removing depilogue.o(.text), (186 bytes).

598 unused section(s) (total 58132 bytes) removed from the image.

==============================================================================

Image Symbol Table

    Local Symbols

    Symbol Name                              Value     Ov Type        Size  Object(Section)

    ../Core/Src/gpio.c                       0x00000000   Number         0  gpio.o ABSOLUTE
    ../Core/Src/i2c.c                        0x00000000   Number         0  i2c.o ABSOLUTE
    ../Core/Src/main.c                       0x00000000   Number         0  main.o ABSOLUTE
    ../Core/Src/stm32f1xx_hal_msp.c          0x00000000   Number         0  stm32f1xx_hal_msp.o ABSOLUTE
    ../Core/Src/stm32f1xx_hal_timebase_tim.c 0x00000000   Number         0  stm32f1xx_hal_timebase_tim.o ABSOLUTE
    ../Core/Src/stm32f1xx_it.c               0x00000000   Number         0  stm32f1xx_it.o ABSOLUTE
    ../Core/Src/system_stm32f1xx.c           0x00000000   Number         0  system_stm32f1xx.o ABSOLUTE
    ../Core/Src/usart.c                      0x00000000   Number         0  usart.o ABSOLUTE
    ../Drivers/STM32F1xx_HAL_Driver/Src/stm32f1xx_hal.c 0x00000000   Number         0  stm32f1xx_hal.o ABSOLUTE
    ../Drivers/STM32F1xx_HAL_Driver/Src/stm32f1xx_hal_cortex.c 0x00000000   Number         0  stm32f1xx_hal_cortex.o ABSOLUTE
    ../Drivers/STM32F1xx_HAL_Driver/Src/stm32f1xx_hal_dma.c 0x00000000   Number         0  stm32f1xx_hal_dma.o ABSOLUTE
    ../Drivers/STM32F1xx_HAL_Driver/Src/stm32f1xx_hal_exti.c 0x00000000   Number         0  stm32f1xx_hal_exti.o ABSOLUTE
    ../Drivers/STM32F1xx_HAL_Driver/Src/stm32f1xx_hal_flash.c 0x00000000   Number         0  stm32f1xx_hal_flash.o ABSOLUTE
    ../Drivers/STM32F1xx_HAL_Driver/Src/stm32f1xx_hal_flash_ex.c 0x00000000   Number         0  stm32f1xx_hal_flash_ex.o ABSOLUTE
    ../Drivers/STM32F1xx_HAL_Driver/Src/stm32f1xx_hal_gpio.c 0x00000000   Number         0  stm32f1xx_hal_gpio.o ABSOLUTE
    ../Drivers/STM32F1xx_HAL_Driver/Src/stm32f1xx_hal_gpio_ex.c 0x00000000   Number         0  stm32f1xx_hal_gpio_ex.o ABSOLUTE
    ../Drivers/STM32F1xx_HAL_Driver/Src/stm32f1xx_hal_i2c.c 0x00000000   Number         0  stm32f1xx_hal_i2c.o ABSOLUTE
    ../Drivers/STM32F1xx_HAL_Driver/Src/stm32f1xx_hal_pwr.c 0x00000000   Number         0  stm32f1xx_hal_pwr.o ABSOLUTE
    ../Drivers/STM32F1xx_HAL_Driver/Src/stm32f1xx_hal_rcc.c 0x00000000   Number         0  stm32f1xx_hal_rcc.o ABSOLUTE
    ../Drivers/STM32F1xx_HAL_Driver/Src/stm32f1xx_hal_rcc_ex.c 0x00000000   Number         0  stm32f1xx_hal_rcc_ex.o ABSOLUTE
    ../Drivers/STM32F1xx_HAL_Driver/Src/stm32f1xx_hal_tim.c 0x00000000   Number         0  stm32f1xx_hal_tim.o ABSOLUTE
    ../Drivers/STM32F1xx_HAL_Driver/Src/stm32f1xx_hal_tim_ex.c 0x00000000   Number         0  stm32f1xx_hal_tim_ex.o ABSOLUTE
    ../Drivers/STM32F1xx_HAL_Driver/Src/stm32f1xx_hal_uart.c 0x00000000   Number         0  stm32f1xx_hal_uart.o ABSOLUTE
    ../clib/microlib/division.c              0x00000000   Number         0  uldiv.o ABSOLUTE
    ../clib/microlib/division.c              0x00000000   Number         0  uidiv.o ABSOLUTE
    ../clib/microlib/init/entry.s            0x00000000   Number         0  entry.o ABSOLUTE
    ../clib/microlib/init/entry.s            0x00000000   Number         0  entry8a.o ABSOLUTE
    ../clib/microlib/init/entry.s            0x00000000   Number         0  entry8b.o ABSOLUTE
    ../clib/microlib/init/entry.s            0x00000000   Number         0  entry10b.o ABSOLUTE
    ../clib/microlib/init/entry.s            0x00000000   Number         0  entry11b.o ABSOLUTE
    ../clib/microlib/init/entry.s            0x00000000   Number         0  entry10a.o ABSOLUTE
    ../clib/microlib/init/entry.s            0x00000000   Number         0  entry5.o ABSOLUTE
    ../clib/microlib/init/entry.s            0x00000000   Number         0  entry7a.o ABSOLUTE
    ../clib/microlib/init/entry.s            0x00000000   Number         0  entry7b.o ABSOLUTE
    ../clib/microlib/init/entry.s            0x00000000   Number         0  entry9b.o ABSOLUTE
    ../clib/microlib/init/entry.s            0x00000000   Number         0  entry2.o ABSOLUTE
    ../clib/microlib/init/entry.s            0x00000000   Number         0  entry9a.o ABSOLUTE
    ../clib/microlib/init/entry.s            0x00000000   Number         0  entry11a.o ABSOLUTE
    ../clib/microlib/longlong.c              0x00000000   Number         0  llushr.o ABSOLUTE
    ../clib/microlib/longlong.c              0x00000000   Number         0  llsshr.o ABSOLUTE
    ../clib/microlib/longlong.c              0x00000000   Number         0  llshl.o ABSOLUTE
    ../clib/microlib/printf/printf.c         0x00000000   Number         0  printf4.o ABSOLUTE
    ../clib/microlib/printf/printf.c         0x00000000   Number         0  printfb.o ABSOLUTE
    ../clib/microlib/printf/printf.c         0x00000000   Number         0  printf5.o ABSOLUTE
    ../clib/microlib/printf/printf.c         0x00000000   Number         0  printf6.o ABSOLUTE
    ../clib/microlib/printf/printf.c         0x00000000   Number         0  printf7.o ABSOLUTE
    ../clib/microlib/printf/printf.c         0x00000000   Number         0  printf0.o ABSOLUTE
    ../clib/microlib/printf/printf.c         0x00000000   Number         0  printf8.o ABSOLUTE
    ../clib/microlib/printf/printf.c         0x00000000   Number         0  printf1.o ABSOLUTE
    ../clib/microlib/printf/printf.c         0x00000000   Number         0  printf2.o ABSOLUTE
    ../clib/microlib/printf/printf.c         0x00000000   Number         0  printf3.o ABSOLUTE
    ../clib/microlib/printf/printf.c         0x00000000   Number         0  printfa.o ABSOLUTE
    ../clib/microlib/stdio/streams.c         0x00000000   Number         0  stdout.o ABSOLUTE
    ../clib/microlib/string/memcpy.c         0x00000000   Number         0  memcpyb.o ABSOLUTE
    ../clib/microlib/string/memcpy.c         0x00000000   Number         0  memcpya.o ABSOLUTE
    ../clib/microlib/string/memset.c         0x00000000   Number         0  memseta.o ABSOLUTE
    ../clib/microlib/stubs.s                 0x00000000   Number         0  iusefp.o ABSOLUTE
    ../fplib/microlib/fpadd.c                0x00000000   Number         0  dadd.o ABSOLUTE
    ../fplib/microlib/fpdiv.c                0x00000000   Number         0  ddiv.o ABSOLUTE
    ../fplib/microlib/fpepilogue.c           0x00000000   Number         0  depilogue.o ABSOLUTE
    ../fplib/microlib/fpfix.c                0x00000000   Number         0  dfixul.o ABSOLUTE
    ../fplib/microlib/fpmul.c                0x00000000   Number         0  dmul.o ABSOLUTE
    ..\Core\Src\gpio.c                       0x00000000   Number         0  gpio.o ABSOLUTE
    ..\Core\Src\i2c.c                        0x00000000   Number         0  i2c.o ABSOLUTE
    ..\Core\Src\main.c                       0x00000000   Number         0  main.o ABSOLUTE
    ..\Core\Src\stm32f1xx_hal_msp.c          0x00000000   Number         0  stm32f1xx_hal_msp.o ABSOLUTE
    ..\Core\Src\stm32f1xx_hal_timebase_tim.c 0x00000000   Number         0  stm32f1xx_hal_timebase_tim.o ABSOLUTE
    ..\Core\Src\stm32f1xx_it.c               0x00000000   Number         0  stm32f1xx_it.o ABSOLUTE
    ..\Core\Src\system_stm32f1xx.c           0x00000000   Number         0  system_stm32f1xx.o ABSOLUTE
    ..\Core\Src\usart.c                      0x00000000   Number         0  usart.o ABSOLUTE
    ..\Drivers\STM32F1xx_HAL_Driver\Src\stm32f1xx_hal.c 0x00000000   Number         0  stm32f1xx_hal.o ABSOLUTE
    ..\Drivers\STM32F1xx_HAL_Driver\Src\stm32f1xx_hal_cortex.c 0x00000000   Number         0  stm32f1xx_hal_cortex.o ABSOLUTE
    ..\Drivers\STM32F1xx_HAL_Driver\Src\stm32f1xx_hal_dma.c 0x00000000   Number         0  stm32f1xx_hal_dma.o ABSOLUTE
    ..\Drivers\STM32F1xx_HAL_Driver\Src\stm32f1xx_hal_exti.c 0x00000000   Number         0  stm32f1xx_hal_exti.o ABSOLUTE
    ..\Drivers\STM32F1xx_HAL_Driver\Src\stm32f1xx_hal_flash.c 0x00000000   Number         0  stm32f1xx_hal_flash.o ABSOLUTE
    ..\Drivers\STM32F1xx_HAL_Driver\Src\stm32f1xx_hal_flash_ex.c 0x00000000   Number         0  stm32f1xx_hal_flash_ex.o ABSOLUTE
    ..\Drivers\STM32F1xx_HAL_Driver\Src\stm32f1xx_hal_gpio.c 0x00000000   Number         0  stm32f1xx_hal_gpio.o ABSOLUTE
    ..\Drivers\STM32F1xx_HAL_Driver\Src\stm32f1xx_hal_gpio_ex.c 0x00000000   Number         0  stm32f1xx_hal_gpio_ex.o ABSOLUTE
    ..\Drivers\STM32F1xx_HAL_Driver\Src\stm32f1xx_hal_i2c.c 0x00000000   Number         0  stm32f1xx_hal_i2c.o ABSOLUTE
    ..\Drivers\STM32F1xx_HAL_Driver\Src\stm32f1xx_hal_pwr.c 0x00000000   Number         0  stm32f1xx_hal_pwr.o ABSOLUTE
    ..\Drivers\STM32F1xx_HAL_Driver\Src\stm32f1xx_hal_rcc.c 0x00000000   Number         0  stm32f1xx_hal_rcc.o ABSOLUTE
    ..\Drivers\STM32F1xx_HAL_Driver\Src\stm32f1xx_hal_rcc_ex.c 0x00000000   Number         0  stm32f1xx_hal_rcc_ex.o ABSOLUTE
    ..\Drivers\STM32F1xx_HAL_Driver\Src\stm32f1xx_hal_tim.c 0x00000000   Number         0  stm32f1xx_hal_tim.o ABSOLUTE
    ..\Drivers\STM32F1xx_HAL_Driver\Src\stm32f1xx_hal_tim_ex.c 0x00000000   Number         0  stm32f1xx_hal_tim_ex.o ABSOLUTE
    ..\Drivers\STM32F1xx_HAL_Driver\Src\stm32f1xx_hal_uart.c 0x00000000   Number         0  stm32f1xx_hal_uart.o ABSOLUTE
    ..\FreeRtos\croutine.c                   0x00000000   Number         0  croutine.o ABSOLUTE
    ..\FreeRtos\event_groups.c               0x00000000   Number         0  event_groups.o ABSOLUTE
    ..\FreeRtos\list.c                       0x00000000   Number         0  list.o ABSOLUTE
    ..\FreeRtos\portable\MemMang\heap_4.c    0x00000000   Number         0  heap_4.o ABSOLUTE
    ..\FreeRtos\portable\RVDS\ARM_CM3\port.c 0x00000000   Number         0  port.o ABSOLUTE
    ..\FreeRtos\queue.c                      0x00000000   Number         0  queue.o ABSOLUTE
    ..\FreeRtos\stream_buffer.c              0x00000000   Number         0  stream_buffer.o ABSOLUTE
    ..\FreeRtos\tasks.c                      0x00000000   Number         0  tasks.o ABSOLUTE
    ..\FreeRtos\timers.c                     0x00000000   Number         0  timers.o ABSOLUTE
    ..\Mycore\OLED\font.c                    0x00000000   Number         0  font.o ABSOLUTE
    ..\Mycore\OLED\oled.c                    0x00000000   Number         0  oled.o ABSOLUTE
    ..\\FreeRtos\\portable\\RVDS\\ARM_CM3\\port.c 0x00000000   Number         0  port.o ABSOLUTE
    ..\\Mycore\\OLED\\oled.c                 0x00000000   Number         0  oled.o ABSOLUTE
    cdrcmple.s                               0x00000000   Number         0  cdrcmple.o ABSOLUTE
    dc.s                                     0x00000000   Number         0  dc.o ABSOLUTE
    handlers.s                               0x00000000   Number         0  handlers.o ABSOLUTE
    init.s                                   0x00000000   Number         0  init.o ABSOLUTE
    startup_stm32f103xb.s                    0x00000000   Number         0  startup_stm32f103xb.o ABSOLUTE
    RESET                                    0x08000000   Section      236  startup_stm32f103xb.o(RESET)
    .ARM.Collect$$$$00000000                 0x080000ec   Section        0  entry.o(.ARM.Collect$$$$00000000)
    .ARM.Collect$$$$00000001                 0x080000ec   Section        4  entry2.o(.ARM.Collect$$$$00000001)
    .ARM.Collect$$$$00000004                 0x080000f0   Section        4  entry5.o(.ARM.Collect$$$$00000004)
    .ARM.Collect$$$$00000008                 0x080000f4   Section        0  entry7b.o(.ARM.Collect$$$$00000008)
    .ARM.Collect$$$$0000000A                 0x080000f4   Section        0  entry8b.o(.ARM.Collect$$$$0000000A)
    .ARM.Collect$$$$0000000B                 0x080000f4   Section        8  entry9a.o(.ARM.Collect$$$$0000000B)
    .ARM.Collect$$$$0000000D                 0x080000fc   Section        0  entry10a.o(.ARM.Collect$$$$0000000D)
    .ARM.Collect$$$$0000000F                 0x080000fc   Section        0  entry11a.o(.ARM.Collect$$$$0000000F)
    .ARM.Collect$$$$00002712                 0x080000fc   Section        4  entry2.o(.ARM.Collect$$$$00002712)
    __lit__00000000                          0x080000fc   Data           4  entry2.o(.ARM.Collect$$$$00002712)
    .emb_text                                0x08000100   Section      150  port.o(.emb_text)
    .text                                    0x08000198   Section       36  startup_stm32f103xb.o(.text)
    .text                                    0x080001bc   Section        0  memcpya.o(.text)
    .text                                    0x080001e0   Section        0  memseta.o(.text)
    .text                                    0x08000204   Section       36  init.o(.text)
    i.BusFault_Handler                       0x08000228   Section        0  stm32f1xx_it.o(i.BusFault_Handler)
    i.DebugMon_Handler                       0x0800022a   Section        0  stm32f1xx_it.o(i.DebugMon_Handler)
    i.Error_Handler                          0x0800022c   Section        0  main.o(i.Error_Handler)
    i.Gled_task                              0x08000230   Section        0  main.o(i.Gled_task)
    i.HAL_DMA_Abort                          0x0800025c   Section        0  stm32f1xx_hal_dma.o(i.HAL_DMA_Abort)
    i.HAL_DMA_Abort_IT                       0x080002a4   Section        0  stm32f1xx_hal_dma.o(i.HAL_DMA_Abort_IT)
    i.HAL_GPIO_Init                          0x0800033c   Section        0  stm32f1xx_hal_gpio.o(i.HAL_GPIO_Init)
    i.HAL_GPIO_ReadPin                       0x0800051c   Section        0  stm32f1xx_hal_gpio.o(i.HAL_GPIO_ReadPin)
    i.HAL_GPIO_TogglePin                     0x08000526   Section        0  stm32f1xx_hal_gpio.o(i.HAL_GPIO_TogglePin)
    i.HAL_GPIO_WritePin                      0x08000536   Section        0  stm32f1xx_hal_gpio.o(i.HAL_GPIO_WritePin)
    i.HAL_GetTick                            0x08000540   Section        0  stm32f1xx_hal.o(i.HAL_GetTick)
    i.HAL_I2C_Init                           0x0800054c   Section        0  stm32f1xx_hal_i2c.o(i.HAL_I2C_Init)
    i.HAL_I2C_MspInit                        0x080006d4   Section        0  i2c.o(i.HAL_I2C_MspInit)
    i.HAL_IncTick                            0x08000730   Section        0  stm32f1xx_hal.o(i.HAL_IncTick)
    i.HAL_Init                               0x08000740   Section        0  stm32f1xx_hal.o(i.HAL_Init)
    i.HAL_InitTick                           0x08000764   Section        0  stm32f1xx_hal_timebase_tim.o(i.HAL_InitTick)
    i.HAL_MspInit                            0x080007fc   Section        0  stm32f1xx_hal_msp.o(i.HAL_MspInit)
    i.HAL_NVIC_EnableIRQ                     0x08000838   Section        0  stm32f1xx_hal_cortex.o(i.HAL_NVIC_EnableIRQ)
    i.HAL_NVIC_SetPriority                   0x08000854   Section        0  stm32f1xx_hal_cortex.o(i.HAL_NVIC_SetPriority)
    i.HAL_NVIC_SetPriorityGrouping           0x08000894   Section        0  stm32f1xx_hal_cortex.o(i.HAL_NVIC_SetPriorityGrouping)
    i.HAL_RCC_ClockConfig                    0x080008b8   Section        0  stm32f1xx_hal_rcc.o(i.HAL_RCC_ClockConfig)
    i.HAL_RCC_GetClockConfig                 0x080009e4   Section        0  stm32f1xx_hal_rcc.o(i.HAL_RCC_GetClockConfig)
    i.HAL_RCC_GetPCLK1Freq                   0x08000a24   Section        0  stm32f1xx_hal_rcc.o(i.HAL_RCC_GetPCLK1Freq)
    i.HAL_RCC_GetPCLK2Freq                   0x08000a44   Section        0  stm32f1xx_hal_rcc.o(i.HAL_RCC_GetPCLK2Freq)
    i.HAL_RCC_GetSysClockFreq                0x08000a64   Section        0  stm32f1xx_hal_rcc.o(i.HAL_RCC_GetSysClockFreq)
    i.HAL_RCC_OscConfig                      0x08000ab0   Section        0  stm32f1xx_hal_rcc.o(i.HAL_RCC_OscConfig)
    i.HAL_TIMEx_BreakCallback                0x08000dd0   Section        0  stm32f1xx_hal_tim_ex.o(i.HAL_TIMEx_BreakCallback)
    i.HAL_TIMEx_CommutCallback               0x08000dd2   Section        0  stm32f1xx_hal_tim_ex.o(i.HAL_TIMEx_CommutCallback)
    i.HAL_TIM_Base_Init                      0x08000dd4   Section        0  stm32f1xx_hal_tim.o(i.HAL_TIM_Base_Init)
    i.HAL_TIM_Base_MspInit                   0x08000e2e   Section        0  stm32f1xx_hal_tim.o(i.HAL_TIM_Base_MspInit)
    i.HAL_TIM_Base_Start_IT                  0x08000e30   Section        0  stm32f1xx_hal_tim.o(i.HAL_TIM_Base_Start_IT)
    i.HAL_TIM_IC_CaptureCallback             0x08000e88   Section        0  stm32f1xx_hal_tim.o(i.HAL_TIM_IC_CaptureCallback)
    i.HAL_TIM_IRQHandler                     0x08000e8a   Section        0  stm32f1xx_hal_tim.o(i.HAL_TIM_IRQHandler)
    i.HAL_TIM_OC_DelayElapsedCallback        0x08000fba   Section        0  stm32f1xx_hal_tim.o(i.HAL_TIM_OC_DelayElapsedCallback)
    i.HAL_TIM_PWM_PulseFinishedCallback      0x08000fbc   Section        0  stm32f1xx_hal_tim.o(i.HAL_TIM_PWM_PulseFinishedCallback)
    i.HAL_TIM_PeriodElapsedCallback          0x08000fc0   Section        0  main.o(i.HAL_TIM_PeriodElapsedCallback)
    i.HAL_TIM_TriggerCallback                0x08000fd4   Section        0  stm32f1xx_hal_tim.o(i.HAL_TIM_TriggerCallback)
    i.HAL_UARTEx_RxEventCallback             0x08000fd6   Section        0  stm32f1xx_hal_uart.o(i.HAL_UARTEx_RxEventCallback)
    i.HAL_UART_ErrorCallback                 0x08000fd8   Section        0  stm32f1xx_hal_uart.o(i.HAL_UART_ErrorCallback)
    i.HAL_UART_IRQHandler                    0x08000fdc   Section        0  stm32f1xx_hal_uart.o(i.HAL_UART_IRQHandler)
    i.HAL_UART_Init                          0x08001248   Section        0  stm32f1xx_hal_uart.o(i.HAL_UART_Init)
    i.HAL_UART_MspInit                       0x080012ac   Section        0  usart.o(i.HAL_UART_MspInit)
    i.HAL_UART_RxCpltCallback                0x0800132c   Section        0  stm32f1xx_hal_uart.o(i.HAL_UART_RxCpltCallback)
    i.HAL_UART_Transmit                      0x0800132e   Section        0  stm32f1xx_hal_uart.o(i.HAL_UART_Transmit)
    i.HAL_UART_TxCpltCallback                0x080013ce   Section        0  stm32f1xx_hal_uart.o(i.HAL_UART_TxCpltCallback)
    i.HardFault_Handler                      0x080013d0   Section        0  stm32f1xx_it.o(i.HardFault_Handler)
    i.MX_GPIO_Init                           0x080013d4   Section        0  gpio.o(i.MX_GPIO_Init)
    i.MX_I2C1_Init                           0x08001468   Section        0  i2c.o(i.MX_I2C1_Init)
    i.MX_USART2_UART_Init                    0x080014a8   Section        0  usart.o(i.MX_USART2_UART_Init)
    i.MemManage_Handler                      0x080014e0   Section        0  stm32f1xx_it.o(i.MemManage_Handler)
    i.NMI_Handler                            0x080014e2   Section        0  stm32f1xx_it.o(i.NMI_Handler)
    i.PendSV_Handler                         0x080014e4   Section        0  stm32f1xx_it.o(i.PendSV_Handler)
    i.SVC_Handler                            0x080014e8   Section        0  stm32f1xx_it.o(i.SVC_Handler)
    i.SysTick_Handler                        0x080014ec   Section        0  stm32f1xx_it.o(i.SysTick_Handler)
    i.SystemClock_Config                     0x080014f0   Section        0  main.o(i.SystemClock_Config)
    i.SystemInit                             0x0800154e   Section        0  system_stm32f1xx.o(i.SystemInit)
    i.TIM4_IRQHandler                        0x08001550   Section        0  stm32f1xx_it.o(i.TIM4_IRQHandler)
    i.TIM_Base_SetConfig                     0x0800155c   Section        0  stm32f1xx_hal_tim.o(i.TIM_Base_SetConfig)
    i.UART_DMAAbortOnError                   0x080015d4   Section        0  stm32f1xx_hal_uart.o(i.UART_DMAAbortOnError)
    UART_DMAAbortOnError                     0x080015d5   Thumb Code    16  stm32f1xx_hal_uart.o(i.UART_DMAAbortOnError)
    i.UART_EndRxTransfer                     0x080015e4   Section        0  stm32f1xx_hal_uart.o(i.UART_EndRxTransfer)
    UART_EndRxTransfer                       0x080015e5   Thumb Code    78  stm32f1xx_hal_uart.o(i.UART_EndRxTransfer)
    i.UART_Receive_IT                        0x08001632   Section        0  stm32f1xx_hal_uart.o(i.UART_Receive_IT)
    UART_Receive_IT                          0x08001633   Thumb Code   194  stm32f1xx_hal_uart.o(i.UART_Receive_IT)
    i.UART_SetConfig                         0x080016f4   Section        0  stm32f1xx_hal_uart.o(i.UART_SetConfig)
    UART_SetConfig                           0x080016f5   Thumb Code   178  stm32f1xx_hal_uart.o(i.UART_SetConfig)
    i.UART_WaitOnFlagUntilTimeout            0x080017ac   Section        0  stm32f1xx_hal_uart.o(i.UART_WaitOnFlagUntilTimeout)
    UART_WaitOnFlagUntilTimeout              0x080017ad   Thumb Code   114  stm32f1xx_hal_uart.o(i.UART_WaitOnFlagUntilTimeout)
    i.USART2_IRQHandler                      0x08001820   Section        0  stm32f1xx_it.o(i.USART2_IRQHandler)
    i.UsageFault_Handler                     0x0800182c   Section        0  stm32f1xx_it.o(i.UsageFault_Handler)
    i.Wled_task                              0x08001830   Section        0  main.o(i.Wled_task)
    i.__0printf$bare                         0x0800185c   Section        0  printfb.o(i.__0printf$bare)
    i.__NVIC_SetPriority                     0x0800186c   Section        0  stm32f1xx_hal_cortex.o(i.__NVIC_SetPriority)
    __NVIC_SetPriority                       0x0800186d   Thumb Code    32  stm32f1xx_hal_cortex.o(i.__NVIC_SetPriority)
    i.__scatterload_copy                     0x0800188c   Section       14  handlers.o(i.__scatterload_copy)
    i.__scatterload_null                     0x0800189a   Section        2  handlers.o(i.__scatterload_null)
    i.__scatterload_zeroinit                 0x0800189c   Section       14  handlers.o(i.__scatterload_zeroinit)
    i._printf_core                           0x080018aa   Section        0  printfb.o(i._printf_core)
    _printf_core                             0x080018ab   Thumb Code    34  printfb.o(i._printf_core)
    i.fputc                                  0x080018cc   Section        0  main.o(i.fputc)
    i.key1_task                              0x080018e4   Section        0  main.o(i.key1_task)
    i.main                                   0x08001954   Section        0  main.o(i.main)
    i.prvAddCurrentTaskToDelayedList         0x080019e0   Section        0  tasks.o(i.prvAddCurrentTaskToDelayedList)
    prvAddCurrentTaskToDelayedList           0x080019e1   Thumb Code   128  tasks.o(i.prvAddCurrentTaskToDelayedList)
    i.prvAddNewTaskToReadyList               0x08001a68   Section        0  tasks.o(i.prvAddNewTaskToReadyList)
    prvAddNewTaskToReadyList                 0x08001a69   Thumb Code   222  tasks.o(i.prvAddNewTaskToReadyList)
    i.prvCheckForValidListAndQueue           0x08001b58   Section        0  timers.o(i.prvCheckForValidListAndQueue)
    prvCheckForValidListAndQueue             0x08001b59   Thumb Code    62  timers.o(i.prvCheckForValidListAndQueue)
    i.prvCopyDataFromQueue                   0x08001ba8   Section        0  queue.o(i.prvCopyDataFromQueue)
    prvCopyDataFromQueue                     0x08001ba9   Thumb Code    38  queue.o(i.prvCopyDataFromQueue)
    i.prvDeleteTCB                           0x08001bce   Section        0  tasks.o(i.prvDeleteTCB)
    prvDeleteTCB                             0x08001bcf   Thumb Code    20  tasks.o(i.prvDeleteTCB)
    i.prvHeapInit                            0x08001be4   Section        0  heap_4.o(i.prvHeapInit)
    prvHeapInit                              0x08001be5   Thumb Code    60  heap_4.o(i.prvHeapInit)
    i.prvIdleTask                            0x08001c28   Section        0  tasks.o(i.prvIdleTask)
    prvIdleTask                              0x08001c29   Thumb Code    82  tasks.o(i.prvIdleTask)
    i.prvInitialiseNewTask                   0x08001c88   Section        0  tasks.o(i.prvInitialiseNewTask)
    prvInitialiseNewTask                     0x08001c89   Thumb Code   114  tasks.o(i.prvInitialiseNewTask)
    i.prvInsertBlockIntoFreeList             0x08001cfc   Section        0  heap_4.o(i.prvInsertBlockIntoFreeList)
    prvInsertBlockIntoFreeList               0x08001cfd   Thumb Code    72  heap_4.o(i.prvInsertBlockIntoFreeList)
    i.prvInsertTimerInActiveList             0x08001d48   Section        0  timers.o(i.prvInsertTimerInActiveList)
    prvInsertTimerInActiveList               0x08001d49   Thumb Code    52  timers.o(i.prvInsertTimerInActiveList)
    i.prvIsQueueEmpty                        0x08001d80   Section        0  queue.o(i.prvIsQueueEmpty)
    prvIsQueueEmpty                          0x08001d81   Thumb Code    28  queue.o(i.prvIsQueueEmpty)
    i.prvProcessExpiredTimer                 0x08001d9c   Section        0  timers.o(i.prvProcessExpiredTimer)
    prvProcessExpiredTimer                   0x08001d9d   Thumb Code    58  timers.o(i.prvProcessExpiredTimer)
    i.prvProcessReceivedCommands             0x08001ddc   Section        0  timers.o(i.prvProcessReceivedCommands)
    prvProcessReceivedCommands               0x08001ddd   Thumb Code   204  timers.o(i.prvProcessReceivedCommands)
    i.prvProcessTimerOrBlockTask             0x08001eac   Section        0  timers.o(i.prvProcessTimerOrBlockTask)
    prvProcessTimerOrBlockTask               0x08001ead   Thumb Code    98  timers.o(i.prvProcessTimerOrBlockTask)
    i.prvReloadTimer                         0x08001f18   Section        0  timers.o(i.prvReloadTimer)
    prvReloadTimer                           0x08001f19   Thumb Code    40  timers.o(i.prvReloadTimer)
    i.prvResetNextTaskUnblockTime            0x08001f40   Section        0  tasks.o(i.prvResetNextTaskUnblockTime)
    prvResetNextTaskUnblockTime              0x08001f41   Thumb Code    24  tasks.o(i.prvResetNextTaskUnblockTime)
    i.prvSampleTimeNow                       0x08001f5c   Section        0  timers.o(i.prvSampleTimeNow)
    prvSampleTimeNow                         0x08001f5d   Thumb Code    66  timers.o(i.prvSampleTimeNow)
    i.prvTaskExitError                       0x08001fa4   Section        0  port.o(i.prvTaskExitError)
    prvTaskExitError                         0x08001fa5   Thumb Code    16  port.o(i.prvTaskExitError)
    i.prvTimerTask                           0x08001fb4   Section        0  timers.o(i.prvTimerTask)
    prvTimerTask                             0x08001fb5   Thumb Code    32  timers.o(i.prvTimerTask)
    i.prvUnlockQueue                         0x08001fd8   Section        0  queue.o(i.prvUnlockQueue)
    prvUnlockQueue                           0x08001fd9   Thumb Code   106  queue.o(i.prvUnlockQueue)
    i.pvPortMalloc                           0x08002044   Section        0  heap_4.o(i.pvPortMalloc)
    i.pxPortInitialiseStack                  0x080020dc   Section        0  port.o(i.pxPortInitialiseStack)
    i.start_task                             0x08002100   Section        0  main.o(i.start_task)
    i.uxListRemove                           0x08002254   Section        0  list.o(i.uxListRemove)
    i.vListInitialise                        0x0800227a   Section        0  list.o(i.vListInitialise)
    i.vListInitialiseItem                    0x08002290   Section        0  list.o(i.vListInitialiseItem)
    i.vListInsert                            0x08002296   Section        0  list.o(i.vListInsert)
    i.vListInsertEnd                         0x080022c6   Section        0  list.o(i.vListInsertEnd)
    i.vPortEnterCritical                     0x080022e0   Section        0  port.o(i.vPortEnterCritical)
    i.vPortExitCritical                      0x080022fc   Section        0  port.o(i.vPortExitCritical)
    i.vPortFree                              0x08002310   Section        0  heap_4.o(i.vPortFree)
    i.vPortSetupTimerInterrupt               0x08002354   Section        0  port.o(i.vPortSetupTimerInterrupt)
    i.vQueueAddToRegistry                    0x0800236c   Section        0  queue.o(i.vQueueAddToRegistry)
    i.vQueueWaitForMessageRestricted         0x080023a8   Section        0  queue.o(i.vQueueWaitForMessageRestricted)
    i.vTaskDelay                             0x080023ec   Section        0  tasks.o(i.vTaskDelay)
    i.vTaskDelete                            0x0800241c   Section        0  tasks.o(i.vTaskDelete)
    i.vTaskInternalSetTimeOutState           0x080024bc   Section        0  tasks.o(i.vTaskInternalSetTimeOutState)
    i.vTaskMissedYield                       0x080024cc   Section        0  tasks.o(i.vTaskMissedYield)
    i.vTaskPlaceOnEventList                  0x080024d8   Section        0  tasks.o(i.vTaskPlaceOnEventList)
    i.vTaskPlaceOnEventListRestricted        0x080024f8   Section        0  tasks.o(i.vTaskPlaceOnEventListRestricted)
    i.vTaskStartScheduler                    0x08002538   Section        0  tasks.o(i.vTaskStartScheduler)
    i.vTaskSuspendAll                        0x08002590   Section        0  tasks.o(i.vTaskSuspendAll)
    i.vTaskSwitchContext                     0x080025a0   Section        0  tasks.o(i.vTaskSwitchContext)
    i.xPortStartScheduler                    0x080025e4   Section        0  port.o(i.xPortStartScheduler)
    i.xPortSysTickHandler                    0x08002614   Section        0  port.o(i.xPortSysTickHandler)
    i.xQueueGenericCreate                    0x08002640   Section        0  queue.o(i.xQueueGenericCreate)
    i.xQueueGenericReset                     0x08002688   Section        0  queue.o(i.xQueueGenericReset)
    i.xQueueReceive                          0x0800271c   Section        0  queue.o(i.xQueueReceive)
    i.xTaskCheckForTimeOut                   0x0800280c   Section        0  tasks.o(i.xTaskCheckForTimeOut)
    i.xTaskCreate                            0x08002864   Section        0  tasks.o(i.xTaskCreate)
    i.xTaskGetTickCount                      0x080028c0   Section        0  tasks.o(i.xTaskGetTickCount)
    i.xTaskIncrementTick                     0x080028cc   Section        0  tasks.o(i.xTaskIncrementTick)
    i.xTaskRemoveFromEventList               0x080029f0   Section        0  tasks.o(i.xTaskRemoveFromEventList)
    i.xTaskResumeAll                         0x08002abc   Section        0  tasks.o(i.xTaskResumeAll)
    i.xTimerCreateTimerTask                  0x08002bd8   Section        0  timers.o(i.xTimerCreateTimerTask)
    .constdata                               0x08002c14   Section       18  stm32f1xx_hal_rcc.o(.constdata)
    aPredivFactorTable                       0x08002c14   Data           2  stm32f1xx_hal_rcc.o(.constdata)
    aPLLMULFactorTable                       0x08002c16   Data          16  stm32f1xx_hal_rcc.o(.constdata)
    .constdata                               0x08002c26   Section       16  system_stm32f1xx.o(.constdata)
    .constdata                               0x08002c36   Section        8  system_stm32f1xx.o(.constdata)
    .data                                    0x20000000   Section       16  main.o(.data)
    .data                                    0x20000010   Section       12  stm32f1xx_hal.o(.data)
    .data                                    0x2000001c   Section        4  system_stm32f1xx.o(.data)
    .data                                    0x20000020   Section       64  tasks.o(.data)
    uxDeletedTasksWaitingCleanUp             0x20000024   Data           4  tasks.o(.data)
    uxCurrentNumberOfTasks                   0x20000028   Data           4  tasks.o(.data)
    xTickCount                               0x2000002c   Data           4  tasks.o(.data)
    uxTopReadyPriority                       0x20000030   Data           4  tasks.o(.data)
    xSchedulerRunning                        0x20000034   Data           4  tasks.o(.data)
    xPendedTicks                             0x20000038   Data           4  tasks.o(.data)
    xYieldPending                            0x2000003c   Data           4  tasks.o(.data)
    xNumOfOverflows                          0x20000040   Data           4  tasks.o(.data)
    uxTaskNumber                             0x20000044   Data           4  tasks.o(.data)
    xNextTaskUnblockTime                     0x20000048   Data           4  tasks.o(.data)
    xIdleTaskHandle                          0x2000004c   Data           4  tasks.o(.data)
    uxSchedulerSuspended                     0x20000054   Data           4  tasks.o(.data)
    pxDelayedTaskList                        0x20000058   Data           4  tasks.o(.data)
    pxOverflowDelayedTaskList                0x2000005c   Data           4  tasks.o(.data)
    .data                                    0x20000060   Section       20  timers.o(.data)
    xTimerQueue                              0x20000060   Data           4  timers.o(.data)
    xTimerTaskHandle                         0x20000064   Data           4  timers.o(.data)
    xLastTime                                0x20000068   Data           4  timers.o(.data)
    pxCurrentTimerList                       0x2000006c   Data           4  timers.o(.data)
    pxOverflowTimerList                      0x20000070   Data           4  timers.o(.data)
    .data                                    0x20000074   Section        4  port.o(.data)
    uxCriticalNesting                        0x20000074   Data           4  port.o(.data)
    .data                                    0x20000078   Section       28  heap_4.o(.data)
    pxEnd                                    0x20000078   Data           4  heap_4.o(.data)
    xFreeBytesRemaining                      0x2000007c   Data           4  heap_4.o(.data)
    xMinimumEverFreeBytesRemaining           0x20000080   Data           4  heap_4.o(.data)
    xNumberOfSuccessfulAllocations           0x20000084   Data           4  heap_4.o(.data)
    xNumberOfSuccessfulFrees                 0x20000088   Data           4  heap_4.o(.data)
    xStart                                   0x2000008c   Data           8  heap_4.o(.data)
    .data                                    0x20000094   Section        4  stdout.o(.data)
    .bss                                     0x20000098   Section       84  i2c.o(.bss)
    .bss                                     0x200000ec   Section       72  usart.o(.bss)
    .bss                                     0x20000134   Section       72  stm32f1xx_hal_timebase_tim.o(.bss)
    .bss                                     0x2000017c   Section       80  queue.o(.bss)
    .bss                                     0x200001cc   Section      740  tasks.o(.bss)
    pxReadyTasksLists                        0x200001cc   Data         640  tasks.o(.bss)
    xDelayedTaskList1                        0x2000044c   Data          20  tasks.o(.bss)
    xDelayedTaskList2                        0x20000460   Data          20  tasks.o(.bss)
    xPendingReadyList                        0x20000474   Data          20  tasks.o(.bss)
    xTasksWaitingTermination                 0x20000488   Data          20  tasks.o(.bss)
    xSuspendedTaskList                       0x2000049c   Data          20  tasks.o(.bss)
    .bss                                     0x200004b0   Section       40  timers.o(.bss)
    xActiveTimerList1                        0x200004b0   Data          20  timers.o(.bss)
    xActiveTimerList2                        0x200004c4   Data          20  timers.o(.bss)
    .bss                                     0x200004d8   Section     8192  heap_4.o(.bss)
    ucHeap                                   0x200004d8   Data        8192  heap_4.o(.bss)
    STACK                                    0x200024d8   Section     1024  startup_stm32f103xb.o(STACK)

    Global Symbols

    Symbol Name                              Value     Ov Type        Size  Object(Section)

    BuildAttributes$$THM_ISAv4$P$D$K$B$S$PE$A:L22UL41UL21$X:L11$S22US41US21$IEEE1$IW$USESV6$~STKCKD$USESV7$~SHL$OSPACE$ROPI$EBA8$MICROLIB$REQ8$PRES8$EABIv2 0x00000000   Number         0  anon$$obj.o ABSOLUTE
    __ARM_use_no_argv                        0x00000000   Number         0  main.o ABSOLUTE
    __cpp_initialize__aeabi_                  - Undefined Weak Reference
    __cxa_finalize                            - Undefined Weak Reference
    __decompress                              - Undefined Weak Reference
    _clock_init                               - Undefined Weak Reference
    _microlib_exit                            - Undefined Weak Reference
    __Vectors_Size                           0x000000ec   Number         0  startup_stm32f103xb.o ABSOLUTE
    __Vectors                                0x08000000   Data           4  startup_stm32f103xb.o(RESET)
    __Vectors_End                            0x080000ec   Data           0  startup_stm32f103xb.o(RESET)
    __main                                   0x080000ed   Thumb Code     0  entry.o(.ARM.Collect$$$$00000000)
    _main_stk                                0x080000ed   Thumb Code     0  entry2.o(.ARM.Collect$$$$00000001)
    _main_scatterload                        0x080000f1   Thumb Code     0  entry5.o(.ARM.Collect$$$$00000004)
    __main_after_scatterload                 0x080000f5   Thumb Code     0  entry5.o(.ARM.Collect$$$$00000004)
    _main_clock                              0x080000f5   Thumb Code     0  entry7b.o(.ARM.Collect$$$$00000008)
    _main_cpp_init                           0x080000f5   Thumb Code     0  entry8b.o(.ARM.Collect$$$$0000000A)
    _main_init                               0x080000f5   Thumb Code     0  entry9a.o(.ARM.Collect$$$$0000000B)
    __rt_final_cpp                           0x080000fd   Thumb Code     0  entry10a.o(.ARM.Collect$$$$0000000D)
    __rt_final_exit                          0x080000fd   Thumb Code     0  entry11a.o(.ARM.Collect$$$$0000000F)
    vPortSVCHandler                          0x08000101   Thumb Code    32  port.o(.emb_text)
    __asm___6_port_c_39a90d8d__prvStartFirstTask 0x08000125   Thumb Code    28  port.o(.emb_text)
    xPortPendSVHandler                       0x08000145   Thumb Code    72  port.o(.emb_text)
    vPortGetIPSR                             0x08000191   Thumb Code     6  port.o(.emb_text)
    Reset_Handler                            0x08000199   Thumb Code     8  startup_stm32f103xb.o(.text)
    ADC1_2_IRQHandler                        0x080001b3   Thumb Code     0  startup_stm32f103xb.o(.text)
    CAN1_RX1_IRQHandler                      0x080001b3   Thumb Code     0  startup_stm32f103xb.o(.text)
    CAN1_SCE_IRQHandler                      0x080001b3   Thumb Code     0  startup_stm32f103xb.o(.text)
    DMA1_Channel1_IRQHandler                 0x080001b3   Thumb Code     0  startup_stm32f103xb.o(.text)
    DMA1_Channel2_IRQHandler                 0x080001b3   Thumb Code     0  startup_stm32f103xb.o(.text)
    DMA1_Channel3_IRQHandler                 0x080001b3   Thumb Code     0  startup_stm32f103xb.o(.text)
    DMA1_Channel4_IRQHandler                 0x080001b3   Thumb Code     0  startup_stm32f103xb.o(.text)
    DMA1_Channel5_IRQHandler                 0x080001b3   Thumb Code     0  startup_stm32f103xb.o(.text)
    DMA1_Channel6_IRQHandler                 0x080001b3   Thumb Code     0  startup_stm32f103xb.o(.text)
    DMA1_Channel7_IRQHandler                 0x080001b3   Thumb Code     0  startup_stm32f103xb.o(.text)
    EXTI0_IRQHandler                         0x080001b3   Thumb Code     0  startup_stm32f103xb.o(.text)
    EXTI15_10_IRQHandler                     0x080001b3   Thumb Code     0  startup_stm32f103xb.o(.text)
    EXTI1_IRQHandler                         0x080001b3   Thumb Code     0  startup_stm32f103xb.o(.text)
    EXTI2_IRQHandler                         0x080001b3   Thumb Code     0  startup_stm32f103xb.o(.text)
    EXTI3_IRQHandler                         0x080001b3   Thumb Code     0  startup_stm32f103xb.o(.text)
    EXTI4_IRQHandler                         0x080001b3   Thumb Code     0  startup_stm32f103xb.o(.text)
    EXTI9_5_IRQHandler                       0x080001b3   Thumb Code     0  startup_stm32f103xb.o(.text)
    FLASH_IRQHandler                         0x080001b3   Thumb Code     0  startup_stm32f103xb.o(.text)
    I2C1_ER_IRQHandler                       0x080001b3   Thumb Code     0  startup_stm32f103xb.o(.text)
    I2C1_EV_IRQHandler                       0x080001b3   Thumb Code     0  startup_stm32f103xb.o(.text)
    I2C2_ER_IRQHandler                       0x080001b3   Thumb Code     0  startup_stm32f103xb.o(.text)
    I2C2_EV_IRQHandler                       0x080001b3   Thumb Code     0  startup_stm32f103xb.o(.text)
    PVD_IRQHandler                           0x080001b3   Thumb Code     0  startup_stm32f103xb.o(.text)
    RCC_IRQHandler                           0x080001b3   Thumb Code     0  startup_stm32f103xb.o(.text)
    RTC_Alarm_IRQHandler                     0x080001b3   Thumb Code     0  startup_stm32f103xb.o(.text)
    RTC_IRQHandler                           0x080001b3   Thumb Code     0  startup_stm32f103xb.o(.text)
    SPI1_IRQHandler                          0x080001b3   Thumb Code     0  startup_stm32f103xb.o(.text)
    SPI2_IRQHandler                          0x080001b3   Thumb Code     0  startup_stm32f103xb.o(.text)
    TAMPER_IRQHandler                        0x080001b3   Thumb Code     0  startup_stm32f103xb.o(.text)
    TIM1_BRK_IRQHandler                      0x080001b3   Thumb Code     0  startup_stm32f103xb.o(.text)
    TIM1_CC_IRQHandler                       0x080001b3   Thumb Code     0  startup_stm32f103xb.o(.text)
    TIM1_TRG_COM_IRQHandler                  0x080001b3   Thumb Code     0  startup_stm32f103xb.o(.text)
    TIM1_UP_IRQHandler                       0x080001b3   Thumb Code     0  startup_stm32f103xb.o(.text)
    TIM2_IRQHandler                          0x080001b3   Thumb Code     0  startup_stm32f103xb.o(.text)
    TIM3_IRQHandler                          0x080001b3   Thumb Code     0  startup_stm32f103xb.o(.text)
    USART1_IRQHandler                        0x080001b3   Thumb Code     0  startup_stm32f103xb.o(.text)
    USART3_IRQHandler                        0x080001b3   Thumb Code     0  startup_stm32f103xb.o(.text)
    USBWakeUp_IRQHandler                     0x080001b3   Thumb Code     0  startup_stm32f103xb.o(.text)
    USB_HP_CAN1_TX_IRQHandler                0x080001b3   Thumb Code     0  startup_stm32f103xb.o(.text)
    USB_LP_CAN1_RX0_IRQHandler               0x080001b3   Thumb Code     0  startup_stm32f103xb.o(.text)
    WWDG_IRQHandler                          0x080001b3   Thumb Code     0  startup_stm32f103xb.o(.text)
    __aeabi_memcpy                           0x080001bd   Thumb Code    36  memcpya.o(.text)
    __aeabi_memcpy4                          0x080001bd   Thumb Code     0  memcpya.o(.text)
    __aeabi_memcpy8                          0x080001bd   Thumb Code     0  memcpya.o(.text)
    __aeabi_memset                           0x080001e1   Thumb Code    14  memseta.o(.text)
    __aeabi_memset4                          0x080001e1   Thumb Code     0  memseta.o(.text)
    __aeabi_memset8                          0x080001e1   Thumb Code     0  memseta.o(.text)
    __aeabi_memclr                           0x080001ef   Thumb Code     4  memseta.o(.text)
    __aeabi_memclr4                          0x080001ef   Thumb Code     0  memseta.o(.text)
    __aeabi_memclr8                          0x080001ef   Thumb Code     0  memseta.o(.text)
    _memset$wrapper                          0x080001f3   Thumb Code    18  memseta.o(.text)
    __scatterload                            0x08000205   Thumb Code    28  init.o(.text)
    __scatterload_rt2                        0x08000205   Thumb Code     0  init.o(.text)
    BusFault_Handler                         0x08000229   Thumb Code     2  stm32f1xx_it.o(i.BusFault_Handler)
    DebugMon_Handler                         0x0800022b   Thumb Code     2  stm32f1xx_it.o(i.DebugMon_Handler)
    Error_Handler                            0x0800022d   Thumb Code     4  main.o(i.Error_Handler)
    Gled_task                                0x08000231   Thumb Code    28  main.o(i.Gled_task)
    HAL_DMA_Abort                            0x0800025d   Thumb Code    70  stm32f1xx_hal_dma.o(i.HAL_DMA_Abort)
    HAL_DMA_Abort_IT                         0x080002a5   Thumb Code   148  stm32f1xx_hal_dma.o(i.HAL_DMA_Abort_IT)
    HAL_GPIO_Init                            0x0800033d   Thumb Code   446  stm32f1xx_hal_gpio.o(i.HAL_GPIO_Init)
    HAL_GPIO_ReadPin                         0x0800051d   Thumb Code    10  stm32f1xx_hal_gpio.o(i.HAL_GPIO_ReadPin)
    HAL_GPIO_TogglePin                       0x08000527   Thumb Code    16  stm32f1xx_hal_gpio.o(i.HAL_GPIO_TogglePin)
    HAL_GPIO_WritePin                        0x08000537   Thumb Code    10  stm32f1xx_hal_gpio.o(i.HAL_GPIO_WritePin)
    HAL_GetTick                              0x08000541   Thumb Code     6  stm32f1xx_hal.o(i.HAL_GetTick)
    HAL_I2C_Init                             0x0800054d   Thumb Code   376  stm32f1xx_hal_i2c.o(i.HAL_I2C_Init)
    HAL_I2C_MspInit                          0x080006d5   Thumb Code    80  i2c.o(i.HAL_I2C_MspInit)
    HAL_IncTick                              0x08000731   Thumb Code    12  stm32f1xx_hal.o(i.HAL_IncTick)
    HAL_Init                                 0x08000741   Thumb Code    32  stm32f1xx_hal.o(i.HAL_Init)
    HAL_InitTick                             0x08000765   Thumb Code   132  stm32f1xx_hal_timebase_tim.o(i.HAL_InitTick)
    HAL_MspInit                              0x080007fd   Thumb Code    52  stm32f1xx_hal_msp.o(i.HAL_MspInit)
    HAL_NVIC_EnableIRQ                       0x08000839   Thumb Code    26  stm32f1xx_hal_cortex.o(i.HAL_NVIC_EnableIRQ)
    HAL_NVIC_SetPriority                     0x08000855   Thumb Code    60  stm32f1xx_hal_cortex.o(i.HAL_NVIC_SetPriority)
    HAL_NVIC_SetPriorityGrouping             0x08000895   Thumb Code    26  stm32f1xx_hal_cortex.o(i.HAL_NVIC_SetPriorityGrouping)
    HAL_RCC_ClockConfig                      0x080008b9   Thumb Code   280  stm32f1xx_hal_rcc.o(i.HAL_RCC_ClockConfig)
    HAL_RCC_GetClockConfig                   0x080009e5   Thumb Code    54  stm32f1xx_hal_rcc.o(i.HAL_RCC_GetClockConfig)
    HAL_RCC_GetPCLK1Freq                     0x08000a25   Thumb Code    20  stm32f1xx_hal_rcc.o(i.HAL_RCC_GetPCLK1Freq)
    HAL_RCC_GetPCLK2Freq                     0x08000a45   Thumb Code    20  stm32f1xx_hal_rcc.o(i.HAL_RCC_GetPCLK2Freq)
    HAL_RCC_GetSysClockFreq                  0x08000a65   Thumb Code    58  stm32f1xx_hal_rcc.o(i.HAL_RCC_GetSysClockFreq)
    HAL_RCC_OscConfig                        0x08000ab1   Thumb Code   778  stm32f1xx_hal_rcc.o(i.HAL_RCC_OscConfig)
    HAL_TIMEx_BreakCallback                  0x08000dd1   Thumb Code     2  stm32f1xx_hal_tim_ex.o(i.HAL_TIMEx_BreakCallback)
    HAL_TIMEx_CommutCallback                 0x08000dd3   Thumb Code     2  stm32f1xx_hal_tim_ex.o(i.HAL_TIMEx_CommutCallback)
    HAL_TIM_Base_Init                        0x08000dd5   Thumb Code    90  stm32f1xx_hal_tim.o(i.HAL_TIM_Base_Init)
    HAL_TIM_Base_MspInit                     0x08000e2f   Thumb Code     2  stm32f1xx_hal_tim.o(i.HAL_TIM_Base_MspInit)
    HAL_TIM_Base_Start_IT                    0x08000e31   Thumb Code    76  stm32f1xx_hal_tim.o(i.HAL_TIM_Base_Start_IT)
    HAL_TIM_IC_CaptureCallback               0x08000e89   Thumb Code     2  stm32f1xx_hal_tim.o(i.HAL_TIM_IC_CaptureCallback)
    HAL_TIM_IRQHandler                       0x08000e8b   Thumb Code   304  stm32f1xx_hal_tim.o(i.HAL_TIM_IRQHandler)
    HAL_TIM_OC_DelayElapsedCallback          0x08000fbb   Thumb Code     2  stm32f1xx_hal_tim.o(i.HAL_TIM_OC_DelayElapsedCallback)
    HAL_TIM_PWM_PulseFinishedCallback        0x08000fbd   Thumb Code     2  stm32f1xx_hal_tim.o(i.HAL_TIM_PWM_PulseFinishedCallback)
    HAL_TIM_PeriodElapsedCallback            0x08000fc1   Thumb Code    14  main.o(i.HAL_TIM_PeriodElapsedCallback)
    HAL_TIM_TriggerCallback                  0x08000fd5   Thumb Code     2  stm32f1xx_hal_tim.o(i.HAL_TIM_TriggerCallback)
    HAL_UARTEx_RxEventCallback               0x08000fd7   Thumb Code     2  stm32f1xx_hal_uart.o(i.HAL_UARTEx_RxEventCallback)
    HAL_UART_ErrorCallback                   0x08000fd9   Thumb Code     2  stm32f1xx_hal_uart.o(i.HAL_UART_ErrorCallback)
    HAL_UART_IRQHandler                      0x08000fdd   Thumb Code   616  stm32f1xx_hal_uart.o(i.HAL_UART_IRQHandler)
    HAL_UART_Init                            0x08001249   Thumb Code   100  stm32f1xx_hal_uart.o(i.HAL_UART_Init)
    HAL_UART_MspInit                         0x080012ad   Thumb Code   114  usart.o(i.HAL_UART_MspInit)
    HAL_UART_RxCpltCallback                  0x0800132d   Thumb Code     2  stm32f1xx_hal_uart.o(i.HAL_UART_RxCpltCallback)
    HAL_UART_Transmit                        0x0800132f   Thumb Code   160  stm32f1xx_hal_uart.o(i.HAL_UART_Transmit)
    HAL_UART_TxCpltCallback                  0x080013cf   Thumb Code     2  stm32f1xx_hal_uart.o(i.HAL_UART_TxCpltCallback)
    HardFault_Handler                        0x080013d1   Thumb Code     2  stm32f1xx_it.o(i.HardFault_Handler)
    MX_GPIO_Init                             0x080013d5   Thumb Code   134  gpio.o(i.MX_GPIO_Init)
    MX_I2C1_Init                             0x08001469   Thumb Code    50  i2c.o(i.MX_I2C1_Init)
    MX_USART2_UART_Init                      0x080014a9   Thumb Code    48  usart.o(i.MX_USART2_UART_Init)
    MemManage_Handler                        0x080014e1   Thumb Code     2  stm32f1xx_it.o(i.MemManage_Handler)
    NMI_Handler                              0x080014e3   Thumb Code     2  stm32f1xx_it.o(i.NMI_Handler)
    PendSV_Handler                           0x080014e5   Thumb Code     4  stm32f1xx_it.o(i.PendSV_Handler)
    SVC_Handler                              0x080014e9   Thumb Code     4  stm32f1xx_it.o(i.SVC_Handler)
    SysTick_Handler                          0x080014ed   Thumb Code     4  stm32f1xx_it.o(i.SysTick_Handler)
    SystemClock_Config                       0x080014f1   Thumb Code    94  main.o(i.SystemClock_Config)
    SystemInit                               0x0800154f   Thumb Code     2  system_stm32f1xx.o(i.SystemInit)
    TIM4_IRQHandler                          0x08001551   Thumb Code     6  stm32f1xx_it.o(i.TIM4_IRQHandler)
    TIM_Base_SetConfig                       0x0800155d   Thumb Code   108  stm32f1xx_hal_tim.o(i.TIM_Base_SetConfig)
    USART2_IRQHandler                        0x08001821   Thumb Code     6  stm32f1xx_it.o(i.USART2_IRQHandler)
    UsageFault_Handler                       0x0800182d   Thumb Code     2  stm32f1xx_it.o(i.UsageFault_Handler)
    Wled_task                                0x08001831   Thumb Code    28  main.o(i.Wled_task)
    __0printf$bare                           0x0800185d   Thumb Code     8  printfb.o(i.__0printf$bare)
    __1printf$bare                           0x0800185d   Thumb Code     0  printfb.o(i.__0printf$bare)
    __2printf                                0x0800185d   Thumb Code     0  printfb.o(i.__0printf$bare)
    __scatterload_copy                       0x0800188d   Thumb Code    14  handlers.o(i.__scatterload_copy)
    __scatterload_null                       0x0800189b   Thumb Code     2  handlers.o(i.__scatterload_null)
    __scatterload_zeroinit                   0x0800189d   Thumb Code    14  handlers.o(i.__scatterload_zeroinit)
    fputc                                    0x080018cd   Thumb Code    20  main.o(i.fputc)
    key1_task                                0x080018e5   Thumb Code    76  main.o(i.key1_task)
    main                                     0x08001955   Thumb Code    62  main.o(i.main)
    pvPortMalloc                             0x08002045   Thumb Code   146  heap_4.o(i.pvPortMalloc)
    pxPortInitialiseStack                    0x080020dd   Thumb Code    32  port.o(i.pxPortInitialiseStack)
    start_task                               0x08002101   Thumb Code   124  main.o(i.start_task)
    uxListRemove                             0x08002255   Thumb Code    38  list.o(i.uxListRemove)
    vListInitialise                          0x0800227b   Thumb Code    22  list.o(i.vListInitialise)
    vListInitialiseItem                      0x08002291   Thumb Code     6  list.o(i.vListInitialiseItem)
    vListInsert                              0x08002297   Thumb Code    48  list.o(i.vListInsert)
    vListInsertEnd                           0x080022c7   Thumb Code    24  list.o(i.vListInsertEnd)
    vPortEnterCritical                       0x080022e1   Thumb Code    24  port.o(i.vPortEnterCritical)
    vPortExitCritical                        0x080022fd   Thumb Code    16  port.o(i.vPortExitCritical)
    vPortFree                                0x08002311   Thumb Code    64  heap_4.o(i.vPortFree)
    vPortSetupTimerInterrupt                 0x08002355   Thumb Code    20  port.o(i.vPortSetupTimerInterrupt)
    vQueueAddToRegistry                      0x0800236d   Thumb Code    54  queue.o(i.vQueueAddToRegistry)
    vQueueWaitForMessageRestricted           0x080023a9   Thumb Code    68  queue.o(i.vQueueWaitForMessageRestricted)
    vTaskDelay                               0x080023ed   Thumb Code    44  tasks.o(i.vTaskDelay)
    vTaskDelete                              0x0800241d   Thumb Code   142  tasks.o(i.vTaskDelete)
    vTaskInternalSetTimeOutState             0x080024bd   Thumb Code    12  tasks.o(i.vTaskInternalSetTimeOutState)
    vTaskMissedYield                         0x080024cd   Thumb Code     8  tasks.o(i.vTaskMissedYield)
    vTaskPlaceOnEventList                    0x080024d9   Thumb Code    26  tasks.o(i.vTaskPlaceOnEventList)
    vTaskPlaceOnEventListRestricted          0x080024f9   Thumb Code    58  tasks.o(i.vTaskPlaceOnEventListRestricted)
    vTaskStartScheduler                      0x08002539   Thumb Code    72  tasks.o(i.vTaskStartScheduler)
    vTaskSuspendAll                          0x08002591   Thumb Code    10  tasks.o(i.vTaskSuspendAll)
    vTaskSwitchContext                       0x080025a1   Thumb Code    60  tasks.o(i.vTaskSwitchContext)
    xPortStartScheduler                      0x080025e5   Thumb Code    38  port.o(i.xPortStartScheduler)
    xPortSysTickHandler                      0x08002615   Thumb Code    38  port.o(i.xPortSysTickHandler)
    xQueueGenericCreate                      0x08002641   Thumb Code    70  queue.o(i.xQueueGenericCreate)
    xQueueGenericReset                       0x08002689   Thumb Code   144  queue.o(i.xQueueGenericReset)
    xQueueReceive                            0x0800271d   Thumb Code   236  queue.o(i.xQueueReceive)
    xTaskCheckForTimeOut                     0x0800280d   Thumb Code    82  tasks.o(i.xTaskCheckForTimeOut)
    xTaskCreate                              0x08002865   Thumb Code    92  tasks.o(i.xTaskCreate)
    xTaskGetTickCount                        0x080028c1   Thumb Code     6  tasks.o(i.xTaskGetTickCount)
    xTaskIncrementTick                       0x080028cd   Thumb Code   282  tasks.o(i.xTaskIncrementTick)
    xTaskRemoveFromEventList                 0x080029f1   Thumb Code   190  tasks.o(i.xTaskRemoveFromEventList)
    xTaskResumeAll                           0x08002abd   Thumb Code   266  tasks.o(i.xTaskResumeAll)
    xTimerCreateTimerTask                    0x08002bd9   Thumb Code    42  timers.o(i.xTimerCreateTimerTask)
    AHBPrescTable                            0x08002c26   Data          16  system_stm32f1xx.o(.constdata)
    APBPrescTable                            0x08002c36   Data           8  system_stm32f1xx.o(.constdata)
    Region$$Table$$Base                      0x08002c40   Number         0  anon$$obj.o(Region$$Table)
    Region$$Table$$Limit                     0x08002c60   Number         0  anon$$obj.o(Region$$Table)
    Star_TaskHandle_t                        0x20000000   Data           4  main.o(.data)
    Wled_TaskHandle_t                        0x20000004   Data           4  main.o(.data)
    Gled_TaskHandle_t                        0x20000008   Data           4  main.o(.data)
    Key1_TaskHandle_t                        0x2000000c   Data           4  main.o(.data)
    uwTickFreq                               0x20000010   Data           1  stm32f1xx_hal.o(.data)
    uwTickPrio                               0x20000014   Data           4  stm32f1xx_hal.o(.data)
    uwTick                                   0x20000018   Data           4  stm32f1xx_hal.o(.data)
    SystemCoreClock                          0x2000001c   Data           4  system_stm32f1xx.o(.data)
    pxCurrentTCB                             0x20000020   Data           4  tasks.o(.data)
    uxTopUsedPriority                        0x20000050   Data           4  tasks.o(.data)
    __stdout                                 0x20000094   Data           4  stdout.o(.data)
    hi2c1                                    0x20000098   Data          84  i2c.o(.bss)
    huart2                                   0x200000ec   Data          72  usart.o(.bss)
    htim4                                    0x20000134   Data          72  stm32f1xx_hal_timebase_tim.o(.bss)
    xQueueRegistry                           0x2000017c   Data          80  queue.o(.bss)
    __initial_sp                             0x200028d8   Data           0  startup_stm32f103xb.o(STACK)



==============================================================================

Memory Map of the image

  Image Entry point : 0x080000ed

  Load Region LR_IROM1 (Base: 0x08000000, Size: 0x00002cf8, Max: 0x00010000, ABSOLUTE)

    Execution Region ER_IROM1 (Exec base: 0x08000000, Load base: 0x08000000, Size: 0x00002c60, Max: 0x00010000, ABSOLUTE)

    Exec Addr    Load Addr    Size         Type   Attr      Idx    E Section Name        Object

    0x08000000   0x08000000   0x000000ec   Data   RO            3    RESET               startup_stm32f103xb.o
    0x080000ec   0x080000ec   0x00000000   Code   RO         4517  * .ARM.Collect$$$$00000000  mc_w.l(entry.o)
    0x080000ec   0x080000ec   0x00000004   Code   RO         4788    .ARM.Collect$$$$00000001  mc_w.l(entry2.o)
    0x080000f0   0x080000f0   0x00000004   Code   RO         4791    .ARM.Collect$$$$00000004  mc_w.l(entry5.o)
    0x080000f4   0x080000f4   0x00000000   Code   RO         4793    .ARM.Collect$$$$00000008  mc_w.l(entry7b.o)
    0x080000f4   0x080000f4   0x00000000   Code   RO         4795    .ARM.Collect$$$$0000000A  mc_w.l(entry8b.o)
    0x080000f4   0x080000f4   0x00000008   Code   RO         4796    .ARM.Collect$$$$0000000B  mc_w.l(entry9a.o)
    0x080000fc   0x080000fc   0x00000000   Code   RO         4798    .ARM.Collect$$$$0000000D  mc_w.l(entry10a.o)
    0x080000fc   0x080000fc   0x00000000   Code   RO         4800    .ARM.Collect$$$$0000000F  mc_w.l(entry11a.o)
    0x080000fc   0x080000fc   0x00000004   Code   RO         4789    .ARM.Collect$$$$00002712  mc_w.l(entry2.o)
    0x08000100   0x08000100   0x00000096   Code   RO         4216    .emb_text           port.o
    0x08000196   0x08000196   0x00000002   PAD
    0x08000198   0x08000198   0x00000024   Code   RO            4    .text               startup_stm32f103xb.o
    0x080001bc   0x080001bc   0x00000024   Code   RO         4522    .text               mc_w.l(memcpya.o)
    0x080001e0   0x080001e0   0x00000024   Code   RO         4524    .text               mc_w.l(memseta.o)
    0x08000204   0x08000204   0x00000024   Code   RO         4818    .text               mc_w.l(init.o)
    0x08000228   0x08000228   0x00000002   Code   RO          346    i.BusFault_Handler  stm32f1xx_it.o
    0x0800022a   0x0800022a   0x00000002   Code   RO          347    i.DebugMon_Handler  stm32f1xx_it.o
    0x0800022c   0x0800022c   0x00000004   Code   RO           13    i.Error_Handler     main.o
    0x08000230   0x08000230   0x0000002c   Code   RO           14    i.Gled_task         main.o
    0x0800025c   0x0800025c   0x00000046   Code   RO         1351    i.HAL_DMA_Abort     stm32f1xx_hal_dma.o
    0x080002a2   0x080002a2   0x00000002   PAD
    0x080002a4   0x080002a4   0x00000098   Code   RO         1352    i.HAL_DMA_Abort_IT  stm32f1xx_hal_dma.o
    0x0800033c   0x0800033c   0x000001e0   Code   RO         1287    i.HAL_GPIO_Init     stm32f1xx_hal_gpio.o
    0x0800051c   0x0800051c   0x0000000a   Code   RO         1289    i.HAL_GPIO_ReadPin  stm32f1xx_hal_gpio.o
    0x08000526   0x08000526   0x00000010   Code   RO         1290    i.HAL_GPIO_TogglePin  stm32f1xx_hal_gpio.o
    0x08000536   0x08000536   0x0000000a   Code   RO         1291    i.HAL_GPIO_WritePin  stm32f1xx_hal_gpio.o
    0x08000540   0x08000540   0x0000000c   Code   RO          981    i.HAL_GetTick       stm32f1xx_hal.o
    0x0800054c   0x0800054c   0x00000188   Code   RO          544    i.HAL_I2C_Init      stm32f1xx_hal_i2c.o
    0x080006d4   0x080006d4   0x0000005c   Code   RO          263    i.HAL_I2C_MspInit   i2c.o
    0x08000730   0x08000730   0x00000010   Code   RO          987    i.HAL_IncTick       stm32f1xx_hal.o
    0x08000740   0x08000740   0x00000024   Code   RO          988    i.HAL_Init          stm32f1xx_hal.o
    0x08000764   0x08000764   0x00000098   Code   RO          458    i.HAL_InitTick      stm32f1xx_hal_timebase_tim.o
    0x080007fc   0x080007fc   0x0000003c   Code   RO          434    i.HAL_MspInit       stm32f1xx_hal_msp.o
    0x08000838   0x08000838   0x0000001a   Code   RO         1447    i.HAL_NVIC_EnableIRQ  stm32f1xx_hal_cortex.o
    0x08000852   0x08000852   0x00000002   PAD
    0x08000854   0x08000854   0x00000040   Code   RO         1453    i.HAL_NVIC_SetPriority  stm32f1xx_hal_cortex.o
    0x08000894   0x08000894   0x00000024   Code   RO         1454    i.HAL_NVIC_SetPriorityGrouping  stm32f1xx_hal_cortex.o
    0x080008b8   0x080008b8   0x0000012c   Code   RO         1145    i.HAL_RCC_ClockConfig  stm32f1xx_hal_rcc.o
    0x080009e4   0x080009e4   0x00000040   Code   RO         1149    i.HAL_RCC_GetClockConfig  stm32f1xx_hal_rcc.o
    0x08000a24   0x08000a24   0x00000020   Code   RO         1152    i.HAL_RCC_GetPCLK1Freq  stm32f1xx_hal_rcc.o
    0x08000a44   0x08000a44   0x00000020   Code   RO         1153    i.HAL_RCC_GetPCLK2Freq  stm32f1xx_hal_rcc.o
    0x08000a64   0x08000a64   0x0000004c   Code   RO         1154    i.HAL_RCC_GetSysClockFreq  stm32f1xx_hal_rcc.o
    0x08000ab0   0x08000ab0   0x00000320   Code   RO         1157    i.HAL_RCC_OscConfig  stm32f1xx_hal_rcc.o
    0x08000dd0   0x08000dd0   0x00000002   Code   RO         2653    i.HAL_TIMEx_BreakCallback  stm32f1xx_hal_tim_ex.o
    0x08000dd2   0x08000dd2   0x00000002   Code   RO         2654    i.HAL_TIMEx_CommutCallback  stm32f1xx_hal_tim_ex.o
    0x08000dd4   0x08000dd4   0x0000005a   Code   RO         1949    i.HAL_TIM_Base_Init  stm32f1xx_hal_tim.o
    0x08000e2e   0x08000e2e   0x00000002   Code   RO         1951    i.HAL_TIM_Base_MspInit  stm32f1xx_hal_tim.o
    0x08000e30   0x08000e30   0x00000058   Code   RO         1954    i.HAL_TIM_Base_Start_IT  stm32f1xx_hal_tim.o
    0x08000e88   0x08000e88   0x00000002   Code   RO         1983    i.HAL_TIM_IC_CaptureCallback  stm32f1xx_hal_tim.o
    0x08000e8a   0x08000e8a   0x00000130   Code   RO         1997    i.HAL_TIM_IRQHandler  stm32f1xx_hal_tim.o
    0x08000fba   0x08000fba   0x00000002   Code   RO         2000    i.HAL_TIM_OC_DelayElapsedCallback  stm32f1xx_hal_tim.o
    0x08000fbc   0x08000fbc   0x00000002   Code   RO         2027    i.HAL_TIM_PWM_PulseFinishedCallback  stm32f1xx_hal_tim.o
    0x08000fbe   0x08000fbe   0x00000002   PAD
    0x08000fc0   0x08000fc0   0x00000014   Code   RO           15    i.HAL_TIM_PeriodElapsedCallback  main.o
    0x08000fd4   0x08000fd4   0x00000002   Code   RO         2040    i.HAL_TIM_TriggerCallback  stm32f1xx_hal_tim.o
    0x08000fd6   0x08000fd6   0x00000002   Code   RO         2932    i.HAL_UARTEx_RxEventCallback  stm32f1xx_hal_uart.o
    0x08000fd8   0x08000fd8   0x00000002   Code   RO         2946    i.HAL_UART_ErrorCallback  stm32f1xx_hal_uart.o
    0x08000fda   0x08000fda   0x00000002   PAD
    0x08000fdc   0x08000fdc   0x0000026c   Code   RO         2949    i.HAL_UART_IRQHandler  stm32f1xx_hal_uart.o
    0x08001248   0x08001248   0x00000064   Code   RO         2950    i.HAL_UART_Init     stm32f1xx_hal_uart.o
    0x080012ac   0x080012ac   0x00000080   Code   RO          305    i.HAL_UART_MspInit  usart.o
    0x0800132c   0x0800132c   0x00000002   Code   RO         2956    i.HAL_UART_RxCpltCallback  stm32f1xx_hal_uart.o
    0x0800132e   0x0800132e   0x000000a0   Code   RO         2958    i.HAL_UART_Transmit  stm32f1xx_hal_uart.o
    0x080013ce   0x080013ce   0x00000002   Code   RO         2961    i.HAL_UART_TxCpltCallback  stm32f1xx_hal_uart.o
    0x080013d0   0x080013d0   0x00000002   Code   RO          348    i.HardFault_Handler  stm32f1xx_it.o
    0x080013d2   0x080013d2   0x00000002   PAD
    0x080013d4   0x080013d4   0x00000094   Code   RO          238    i.MX_GPIO_Init      gpio.o
    0x08001468   0x08001468   0x00000040   Code   RO          264    i.MX_I2C1_Init      i2c.o
    0x080014a8   0x080014a8   0x00000038   Code   RO          306    i.MX_USART2_UART_Init  usart.o
    0x080014e0   0x080014e0   0x00000002   Code   RO          349    i.MemManage_Handler  stm32f1xx_it.o
    0x080014e2   0x080014e2   0x00000002   Code   RO          350    i.NMI_Handler       stm32f1xx_it.o
    0x080014e4   0x080014e4   0x00000004   Code   RO          351    i.PendSV_Handler    stm32f1xx_it.o
    0x080014e8   0x080014e8   0x00000004   Code   RO          352    i.SVC_Handler       stm32f1xx_it.o
    0x080014ec   0x080014ec   0x00000004   Code   RO          353    i.SysTick_Handler   stm32f1xx_it.o
    0x080014f0   0x080014f0   0x0000005e   Code   RO           16    i.SystemClock_Config  main.o
    0x0800154e   0x0800154e   0x00000002   Code   RO         3284    i.SystemInit        system_stm32f1xx.o
    0x08001550   0x08001550   0x0000000c   Code   RO          354    i.TIM4_IRQHandler   stm32f1xx_it.o
    0x0800155c   0x0800155c   0x00000078   Code   RO         2042    i.TIM_Base_SetConfig  stm32f1xx_hal_tim.o
    0x080015d4   0x080015d4   0x00000010   Code   RO         2963    i.UART_DMAAbortOnError  stm32f1xx_hal_uart.o
    0x080015e4   0x080015e4   0x0000004e   Code   RO         2973    i.UART_EndRxTransfer  stm32f1xx_hal_uart.o
    0x08001632   0x08001632   0x000000c2   Code   RO         2975    i.UART_Receive_IT   stm32f1xx_hal_uart.o
    0x080016f4   0x080016f4   0x000000b8   Code   RO         2976    i.UART_SetConfig    stm32f1xx_hal_uart.o
    0x080017ac   0x080017ac   0x00000072   Code   RO         2979    i.UART_WaitOnFlagUntilTimeout  stm32f1xx_hal_uart.o
    0x0800181e   0x0800181e   0x00000002   PAD
    0x08001820   0x08001820   0x0000000c   Code   RO          355    i.USART2_IRQHandler  stm32f1xx_it.o
    0x0800182c   0x0800182c   0x00000002   Code   RO          356    i.UsageFault_Handler  stm32f1xx_it.o
    0x0800182e   0x0800182e   0x00000002   PAD
    0x08001830   0x08001830   0x0000002c   Code   RO           17    i.Wled_task         main.o
    0x0800185c   0x0800185c   0x00000010   Code   RO         4529    i.__0printf$bare    mc_w.l(printfb.o)
    0x0800186c   0x0800186c   0x00000020   Code   RO         1460    i.__NVIC_SetPriority  stm32f1xx_hal_cortex.o
    0x0800188c   0x0800188c   0x0000000e   Code   RO         4828    i.__scatterload_copy  mc_w.l(handlers.o)
    0x0800189a   0x0800189a   0x00000002   Code   RO         4829    i.__scatterload_null  mc_w.l(handlers.o)
    0x0800189c   0x0800189c   0x0000000e   Code   RO         4830    i.__scatterload_zeroinit  mc_w.l(handlers.o)
    0x080018aa   0x080018aa   0x00000022   Code   RO         4536    i._printf_core      mc_w.l(printfb.o)
    0x080018cc   0x080018cc   0x00000018   Code   RO           18    i.fputc             main.o
    0x080018e4   0x080018e4   0x00000070   Code   RO           19    i.key1_task         main.o
    0x08001954   0x08001954   0x0000008c   Code   RO           20    i.main              main.o
    0x080019e0   0x080019e0   0x00000088   Code   RO         3761    i.prvAddCurrentTaskToDelayedList  tasks.o
    0x08001a68   0x08001a68   0x000000f0   Code   RO         3762    i.prvAddNewTaskToReadyList  tasks.o
    0x08001b58   0x08001b58   0x00000050   Code   RO         4084    i.prvCheckForValidListAndQueue  timers.o
    0x08001ba8   0x08001ba8   0x00000026   Code   RO         3459    i.prvCopyDataFromQueue  queue.o
    0x08001bce   0x08001bce   0x00000014   Code   RO         3763    i.prvDeleteTCB      tasks.o
    0x08001be2   0x08001be2   0x00000002   PAD
    0x08001be4   0x08001be4   0x00000044   Code   RO         4287    i.prvHeapInit       heap_4.o
    0x08001c28   0x08001c28   0x00000060   Code   RO         3764    i.prvIdleTask       tasks.o
    0x08001c88   0x08001c88   0x00000072   Code   RO         3765    i.prvInitialiseNewTask  tasks.o
    0x08001cfa   0x08001cfa   0x00000002   PAD
    0x08001cfc   0x08001cfc   0x0000004c   Code   RO         4288    i.prvInsertBlockIntoFreeList  heap_4.o
    0x08001d48   0x08001d48   0x00000038   Code   RO         4085    i.prvInsertTimerInActiveList  timers.o
    0x08001d80   0x08001d80   0x0000001c   Code   RO         3461    i.prvIsQueueEmpty   queue.o
    0x08001d9c   0x08001d9c   0x00000040   Code   RO         4086    i.prvProcessExpiredTimer  timers.o
    0x08001ddc   0x08001ddc   0x000000d0   Code   RO         4087    i.prvProcessReceivedCommands  timers.o
    0x08001eac   0x08001eac   0x0000006c   Code   RO         4088    i.prvProcessTimerOrBlockTask  timers.o
    0x08001f18   0x08001f18   0x00000028   Code   RO         4089    i.prvReloadTimer    timers.o
    0x08001f40   0x08001f40   0x0000001c   Code   RO         3766    i.prvResetNextTaskUnblockTime  tasks.o
    0x08001f5c   0x08001f5c   0x00000048   Code   RO         4090    i.prvSampleTimeNow  timers.o
    0x08001fa4   0x08001fa4   0x00000010   Code   RO         4217    i.prvTaskExitError  port.o
    0x08001fb4   0x08001fb4   0x00000024   Code   RO         4091    i.prvTimerTask      timers.o
    0x08001fd8   0x08001fd8   0x0000006a   Code   RO         3462    i.prvUnlockQueue    queue.o
    0x08002042   0x08002042   0x00000002   PAD
    0x08002044   0x08002044   0x00000098   Code   RO         4290    i.pvPortMalloc      heap_4.o
    0x080020dc   0x080020dc   0x00000024   Code   RO         4218    i.pxPortInitialiseStack  port.o
    0x08002100   0x08002100   0x00000154   Code   RO           22    i.start_task        main.o
    0x08002254   0x08002254   0x00000026   Code   RO         3419    i.uxListRemove      list.o
    0x0800227a   0x0800227a   0x00000016   Code   RO         3420    i.vListInitialise   list.o
    0x08002290   0x08002290   0x00000006   Code   RO         3421    i.vListInitialiseItem  list.o
    0x08002296   0x08002296   0x00000030   Code   RO         3422    i.vListInsert       list.o
    0x080022c6   0x080022c6   0x00000018   Code   RO         3423    i.vListInsertEnd    list.o
    0x080022de   0x080022de   0x00000002   PAD
    0x080022e0   0x080022e0   0x0000001c   Code   RO         4220    i.vPortEnterCritical  port.o
    0x080022fc   0x080022fc   0x00000014   Code   RO         4221    i.vPortExitCritical  port.o
    0x08002310   0x08002310   0x00000044   Code   RO         4291    i.vPortFree         heap_4.o
    0x08002354   0x08002354   0x00000018   Code   RO         4222    i.vPortSetupTimerInterrupt  port.o
    0x0800236c   0x0800236c   0x0000003c   Code   RO         3466    i.vQueueAddToRegistry  queue.o
    0x080023a8   0x080023a8   0x00000044   Code   RO         3469    i.vQueueWaitForMessageRestricted  queue.o
    0x080023ec   0x080023ec   0x00000030   Code   RO         3775    i.vTaskDelay        tasks.o
    0x0800241c   0x0800241c   0x000000a0   Code   RO         3776    i.vTaskDelete       tasks.o
    0x080024bc   0x080024bc   0x00000010   Code   RO         3779    i.vTaskInternalSetTimeOutState  tasks.o
    0x080024cc   0x080024cc   0x0000000c   Code   RO         3780    i.vTaskMissedYield  tasks.o
    0x080024d8   0x080024d8   0x00000020   Code   RO         3781    i.vTaskPlaceOnEventList  tasks.o
    0x080024f8   0x080024f8   0x00000040   Code   RO         3782    i.vTaskPlaceOnEventListRestricted  tasks.o
    0x08002538   0x08002538   0x00000058   Code   RO         3789    i.vTaskStartScheduler  tasks.o
    0x08002590   0x08002590   0x00000010   Code   RO         3791    i.vTaskSuspendAll   tasks.o
    0x080025a0   0x080025a0   0x00000044   Code   RO         3792    i.vTaskSwitchContext  tasks.o
    0x080025e4   0x080025e4   0x00000030   Code   RO         4223    i.xPortStartScheduler  port.o
    0x08002614   0x08002614   0x0000002c   Code   RO         4224    i.xPortSysTickHandler  port.o
    0x08002640   0x08002640   0x00000046   Code   RO         3471    i.xQueueGenericCreate  queue.o
    0x08002686   0x08002686   0x00000002   PAD
    0x08002688   0x08002688   0x00000094   Code   RO         3472    i.xQueueGenericReset  queue.o
    0x0800271c   0x0800271c   0x000000f0   Code   RO         3480    i.xQueueReceive     queue.o
    0x0800280c   0x0800280c   0x00000058   Code   RO         3794    i.xTaskCheckForTimeOut  tasks.o
    0x08002864   0x08002864   0x0000005c   Code   RO         3795    i.xTaskCreate       tasks.o
    0x080028c0   0x080028c0   0x0000000c   Code   RO         3803    i.xTaskGetTickCount  tasks.o
    0x080028cc   0x080028cc   0x00000124   Code   RO         3805    i.xTaskIncrementTick  tasks.o
    0x080029f0   0x080029f0   0x000000cc   Code   RO         3808    i.xTaskRemoveFromEventList  tasks.o
    0x08002abc   0x08002abc   0x0000011c   Code   RO         3809    i.xTaskResumeAll    tasks.o
    0x08002bd8   0x08002bd8   0x0000003c   Code   RO         4097    i.xTimerCreateTimerTask  timers.o
    0x08002c14   0x08002c14   0x00000012   Data   RO         1158    .constdata          stm32f1xx_hal_rcc.o
    0x08002c26   0x08002c26   0x00000010   Data   RO         3285    .constdata          system_stm32f1xx.o
    0x08002c36   0x08002c36   0x00000008   Data   RO         3286    .constdata          system_stm32f1xx.o
    0x08002c3e   0x08002c3e   0x00000002   PAD
    0x08002c40   0x08002c40   0x00000020   Data   RO         4826    Region$$Table       anon$$obj.o


    Execution Region RW_IRAM1 (Exec base: 0x20000000, Load base: 0x08002c60, Size: 0x000028d8, Max: 0x00005000, ABSOLUTE)

    Exec Addr    Load Addr    Size         Type   Attr      Idx    E Section Name        Object

    0x20000000   0x08002c60   0x00000010   Data   RW           23    .data               main.o
    0x20000010   0x08002c70   0x0000000c   Data   RW          995    .data               stm32f1xx_hal.o
    0x2000001c   0x08002c7c   0x00000004   Data   RW         3287    .data               system_stm32f1xx.o
    0x20000020   0x08002c80   0x00000040   Data   RW         3812    .data               tasks.o
    0x20000060   0x08002cc0   0x00000014   Data   RW         4105    .data               timers.o
    0x20000074   0x08002cd4   0x00000004   Data   RW         4225    .data               port.o
    0x20000078   0x08002cd8   0x0000001c   Data   RW         4297    .data               heap_4.o
    0x20000094   0x08002cf4   0x00000004   Data   RW         4802    .data               mc_w.l(stdout.o)
    0x20000098        -       0x00000054   Zero   RW          265    .bss                i2c.o
    0x200000ec        -       0x00000048   Zero   RW          307    .bss                usart.o
    0x20000134        -       0x00000048   Zero   RW          461    .bss                stm32f1xx_hal_timebase_tim.o
    0x2000017c        -       0x00000050   Zero   RW         3483    .bss                queue.o
    0x200001cc        -       0x000002e4   Zero   RW         3811    .bss                tasks.o
    0x200004b0        -       0x00000028   Zero   RW         4104    .bss                timers.o
    0x200004d8        -       0x00002000   Zero   RW         4296    .bss                heap_4.o
    0x200024d8        -       0x00000400   Zero   RW            1    STACK               startup_stm32f103xb.o


==============================================================================

Image component sizes


      Code (inc. data)   RO Data    RW Data    ZI Data      Debug   Object Name

         0          0          0          0          0      14556   event_groups.o
       148         14          0          0          0        911   gpio.o
       364         22          0         28       8192       4571   heap_4.o
       156         26          0          0         84       1585   i2c.o
       138          0          0          0          0       3018   list.o
       822        372          0         16          0     454294   main.o
       366         44          0          4          0       9048   port.o
       758         14          0          0         80      11239   queue.o
        36          8        236          0       1024        792   startup_stm32f103xb.o
        64         14          0         12          0       4582   stm32f1xx_hal.o
       158         14          0          0          0      28142   stm32f1xx_hal_cortex.o
       222          4          0          0          0       1739   stm32f1xx_hal_dma.o
       516         34          0          0          0       4072   stm32f1xx_hal_gpio.o
       392         16          0          0          0       3187   stm32f1xx_hal_i2c.o
        60          8          0          0          0        854   stm32f1xx_hal_msp.o
      1304         94         18          0          0       5669   stm32f1xx_hal_rcc.o
       612         24          0          0          0       7072   stm32f1xx_hal_tim.o
         4          0          0          0          0       1549   stm32f1xx_hal_tim_ex.o
       152         20          0          0         72       1447   stm32f1xx_hal_timebase_tim.o
      1474         10          0          0          0       9960   stm32f1xx_hal_uart.o
        48         12          0          0          0       4628   stm32f1xx_it.o
         2          0         24          4          0       1083   system_stm32f1xx.o
      2110        170          0         64        740      29889   tasks.o
       724         80          0         20         40      12314   timers.o
       184         22          0          0         72       1650   usart.o

    ----------------------------------------------------------------------
     10840       1022        312        148      10304     617851   Object Totals
         0          0         32          0          0          0   (incl. Generated)
        26          0          2          0          0          0   (incl. Padding)

    ----------------------------------------------------------------------

      Code (inc. data)   RO Data    RW Data    ZI Data      Debug   Library Member Name

         0          0          0          0          0          0   entry.o
         0          0          0          0          0          0   entry10a.o
         0          0          0          0          0          0   entry11a.o
         8          4          0          0          0          0   entry2.o
         4          0          0          0          0          0   entry5.o
         0          0          0          0          0          0   entry7b.o
         0          0          0          0          0          0   entry8b.o
         8          4          0          0          0          0   entry9a.o
        30          0          0          0          0          0   handlers.o
        36          8          0          0          0         68   init.o
        36          0          0          0          0         68   memcpya.o
        36          0          0          0          0        108   memseta.o
        50          8          0          0          0        152   printfb.o
         0          0          0          4          0          0   stdout.o

    ----------------------------------------------------------------------
       208         24          0          4          0        396   Library Totals
         0          0          0          0          0          0   (incl. Padding)

    ----------------------------------------------------------------------

      Code (inc. data)   RO Data    RW Data    ZI Data      Debug   Library Name

       208         24          0          4          0        396   mc_w.l

    ----------------------------------------------------------------------
       208         24          0          4          0        396   Library Totals

    ----------------------------------------------------------------------

==============================================================================


      Code (inc. data)   RO Data    RW Data    ZI Data      Debug   

     11048       1046        312        152      10304     612003   Grand Totals
     11048       1046        312        152      10304     612003   ELF Image Totals
     11048       1046        312        152          0          0   ROM Totals

==============================================================================

    Total RO  Size (Code + RO Data)                11360 (  11.09kB)
    Total RW  Size (RW Data + ZI Data)             10456 (  10.21kB)
    Total ROM Size (Code + RO Data + RW Data)      11512 (  11.24kB)

==============================================================================

