Component: ARM Compiler 5.06 update 6 (build 750) Tool: armlink [4d35ed]

==============================================================================

Section Cross References

    startup_stm32f103xb.o(RESET) refers to startup_stm32f103xb.o(STACK) for __initial_sp
    startup_stm32f103xb.o(RESET) refers to startup_stm32f103xb.o(.text) for Reset_Handler
    startup_stm32f103xb.o(RESET) refers to stm32f1xx_it.o(i.NMI_Handler) for NMI_Handler
    startup_stm32f103xb.o(RESET) refers to stm32f1xx_it.o(i.HardFault_Handler) for HardFault_Handler
    startup_stm32f103xb.o(RESET) refers to stm32f1xx_it.o(i.MemManage_Handler) for MemManage_Handler
    startup_stm32f103xb.o(RESET) refers to stm32f1xx_it.o(i.BusFault_Handler) for BusFault_Handler
    startup_stm32f103xb.o(RESET) refers to stm32f1xx_it.o(i.UsageFault_Handler) for UsageFault_Handler
    startup_stm32f103xb.o(RESET) refers to stm32f1xx_it.o(i.SVC_Handler) for SVC_Handler
    startup_stm32f103xb.o(RESET) refers to stm32f1xx_it.o(i.DebugMon_Handler) for DebugMon_Handler
    startup_stm32f103xb.o(RESET) refers to stm32f1xx_it.o(i.PendSV_Handler) for PendSV_Handler
    startup_stm32f103xb.o(RESET) refers to stm32f1xx_it.o(i.SysTick_Handler) for SysTick_Handler
    startup_stm32f103xb.o(RESET) refers to stm32f1xx_it.o(i.EXTI1_IRQHandler) for EXTI1_IRQHandler
    startup_stm32f103xb.o(RESET) refers to stm32f1xx_it.o(i.TIM2_IRQHandler) for TIM2_IRQHandler
    startup_stm32f103xb.o(RESET) refers to stm32f1xx_it.o(i.USART2_IRQHandler) for USART2_IRQHandler
    startup_stm32f103xb.o(.text) refers to system_stm32f1xx.o(i.SystemInit) for SystemInit
    startup_stm32f103xb.o(.text) refers to entry.o(.ARM.Collect$$$$00000000) for __main
    main.o(i.HAL_GPIO_EXTI_Callback) refers to queue.o(i.xQueueGiveFromISR) for xQueueGiveFromISR
    main.o(i.HAL_GPIO_EXTI_Callback) refers to stm32f1xx_hal_gpio.o(i.HAL_GPIO_TogglePin) for HAL_GPIO_TogglePin
    main.o(i.HAL_GPIO_EXTI_Callback) refers to main.o(.data) for .data
    main.o(i.HAL_TIM_PeriodElapsedCallback) refers to stm32f1xx_hal.o(i.HAL_IncTick) for HAL_IncTick
    main.o(i.SystemClock_Config) refers to memseta.o(.text) for __aeabi_memclr4
    main.o(i.SystemClock_Config) refers to stm32f1xx_hal_rcc.o(i.HAL_RCC_OscConfig) for HAL_RCC_OscConfig
    main.o(i.SystemClock_Config) refers to stm32f1xx_hal_rcc.o(i.HAL_RCC_ClockConfig) for HAL_RCC_ClockConfig
    main.o(i.fputc) refers to stm32f1xx_hal_uart.o(i.HAL_UART_Transmit) for HAL_UART_Transmit
    main.o(i.fputc) refers to usart.o(.bss) for huart2
    main.o(i.main) refers to stm32f1xx_hal.o(i.HAL_Init) for HAL_Init
    main.o(i.main) refers to main.o(i.SystemClock_Config) for SystemClock_Config
    main.o(i.main) refers to gpio.o(i.MX_GPIO_Init) for MX_GPIO_Init
    main.o(i.main) refers to usart.o(i.MX_USART2_UART_Init) for MX_USART2_UART_Init
    main.o(i.main) refers to i2c.o(i.MX_I2C1_Init) for MX_I2C1_Init
    main.o(i.main) refers to oled.o(i.OLED_Init) for OLED_Init
    main.o(i.main) refers to oled.o(i.OLED_Clear) for OLED_Clear
    main.o(i.main) refers to tasks.o(i.xTaskCreate) for xTaskCreate
    main.o(i.main) refers to printf1.o(i.__0printf$1) for __2printf
    main.o(i.main) refers to tasks.o(i.vTaskStartScheduler) for vTaskStartScheduler
    main.o(i.main) refers to mytask.o(.data) for Star_TaskHandle_t
    main.o(i.main) refers to mytask.o(i.start_task) for start_task
    gpio.o(i.MX_GPIO_Init) refers to stm32f1xx_hal_gpio.o(i.HAL_GPIO_WritePin) for HAL_GPIO_WritePin
    gpio.o(i.MX_GPIO_Init) refers to stm32f1xx_hal_gpio.o(i.HAL_GPIO_Init) for HAL_GPIO_Init
    gpio.o(i.MX_GPIO_Init) refers to stm32f1xx_hal_cortex.o(i.HAL_NVIC_SetPriority) for HAL_NVIC_SetPriority
    gpio.o(i.MX_GPIO_Init) refers to stm32f1xx_hal_cortex.o(i.HAL_NVIC_EnableIRQ) for HAL_NVIC_EnableIRQ
    i2c.o(i.HAL_I2C_MspDeInit) refers to stm32f1xx_hal_gpio.o(i.HAL_GPIO_DeInit) for HAL_GPIO_DeInit
    i2c.o(i.HAL_I2C_MspInit) refers to stm32f1xx_hal_gpio.o(i.HAL_GPIO_Init) for HAL_GPIO_Init
    i2c.o(i.MX_I2C1_Init) refers to stm32f1xx_hal_i2c.o(i.HAL_I2C_Init) for HAL_I2C_Init
    i2c.o(i.MX_I2C1_Init) refers to main.o(i.Error_Handler) for Error_Handler
    i2c.o(i.MX_I2C1_Init) refers to i2c.o(.bss) for .bss
    usart.o(i.HAL_UART_MspDeInit) refers to stm32f1xx_hal_gpio.o(i.HAL_GPIO_DeInit) for HAL_GPIO_DeInit
    usart.o(i.HAL_UART_MspDeInit) refers to stm32f1xx_hal_cortex.o(i.HAL_NVIC_DisableIRQ) for HAL_NVIC_DisableIRQ
    usart.o(i.HAL_UART_MspInit) refers to stm32f1xx_hal_gpio.o(i.HAL_GPIO_Init) for HAL_GPIO_Init
    usart.o(i.HAL_UART_MspInit) refers to stm32f1xx_hal_cortex.o(i.HAL_NVIC_SetPriority) for HAL_NVIC_SetPriority
    usart.o(i.HAL_UART_MspInit) refers to stm32f1xx_hal_cortex.o(i.HAL_NVIC_EnableIRQ) for HAL_NVIC_EnableIRQ
    usart.o(i.MX_USART2_UART_Init) refers to stm32f1xx_hal_uart.o(i.HAL_UART_Init) for HAL_UART_Init
    usart.o(i.MX_USART2_UART_Init) refers to main.o(i.Error_Handler) for Error_Handler
[...]
    ../clib/microlib/printf/printf.c         0x00000000   Number         0  printf5.o ABSOLUTE
    ../clib/microlib/printf/printf.c         0x00000000   Number         0  printf7.o ABSOLUTE
    ../clib/microlib/printf/printf.c         0x00000000   Number         0  printf8.o ABSOLUTE
    ../clib/microlib/printf/printf.c         0x00000000   Number         0  printfa.o ABSOLUTE
    ../clib/microlib/printf/printf.c         0x00000000   Number         0  printf4.o ABSOLUTE
    ../clib/microlib/printf/printf.c         0x00000000   Number         0  printfb.o ABSOLUTE
    ../clib/microlib/printf/printf.c         0x00000000   Number         0  printf0.o ABSOLUTE
    ../clib/microlib/printf/stubs.s          0x00000000   Number         0  stubs.o ABSOLUTE
    ../clib/microlib/stdio/streams.c         0x00000000   Number         0  stdout.o ABSOLUTE
    ../clib/microlib/string/memcpy.c         0x00000000   Number         0  memcpya.o ABSOLUTE
    ../clib/microlib/string/memcpy.c         0x00000000   Number         0  memcpyb.o ABSOLUTE
    ../clib/microlib/string/memset.c         0x00000000   Number         0  memseta.o ABSOLUTE
    ../clib/microlib/stubs.s                 0x00000000   Number         0  iusefp.o ABSOLUTE
    ../fplib/microlib/fpadd.c                0x00000000   Number         0  dadd.o ABSOLUTE
    ../fplib/microlib/fpdiv.c                0x00000000   Number         0  ddiv.o ABSOLUTE
    ../fplib/microlib/fpepilogue.c           0x00000000   Number         0  depilogue.o ABSOLUTE
    ../fplib/microlib/fpfix.c                0x00000000   Number         0  dfixui.o ABSOLUTE
    ../fplib/microlib/fpfix.c                0x00000000   Number         0  dfixul.o ABSOLUTE
    ../fplib/microlib/fpfix.c                0x00000000   Number         0  dfixi.o ABSOLUTE
    ../fplib/microlib/fpflt.c                0x00000000   Number         0  dflti.o ABSOLUTE
    ../fplib/microlib/fpmul.c                0x00000000   Number         0  dmul.o ABSOLUTE
    ..\Core\Src\gpio.c                       0x00000000   Number         0  gpio.o ABSOLUTE
    ..\Core\Src\i2c.c                        0x00000000   Number         0  i2c.o ABSOLUTE
    ..\Core\Src\main.c                       0x00000000   Number         0  main.o ABSOLUTE
    ..\Core\Src\stm32f1xx_hal_msp.c          0x00000000   Number         0  stm32f1xx_hal_msp.o ABSOLUTE
    ..\Core\Src\stm32f1xx_hal_timebase_tim.c 0x00000000   Number         0  stm32f1xx_hal_timebase_tim.o ABSOLUTE
    ..\Core\Src\stm32f1xx_it.c               0x00000000   Number         0  stm32f1xx_it.o ABSOLUTE
    ..\Core\Src\system_stm32f1xx.c           0x00000000   Number         0  system_stm32f1xx.o ABSOLUTE
    ..\Core\Src\usart.c                      0x00000000   Number         0  usart.o ABSOLUTE
    ..\Drivers\STM32F1xx_HAL_Driver\Src\stm32f1xx_hal.c 0x00000000   Number         0  stm32f1xx_hal.o ABSOLUTE
    ..\Drivers\STM32F1xx_HAL_Driver\Src\stm32f1xx_hal_cortex.c 0x00000000   Number         0  stm32f1xx_hal_cortex.o ABSOLUTE
    ..\Drivers\STM32F1xx_HAL_Driver\Src\stm32f1xx_hal_dma.c 0x00000000   Number         0  stm32f1xx_hal_dma.o ABSOLUTE
    ..\Drivers\STM32F1xx_HAL_Driver\Src\stm32f1xx_hal_exti.c 0x00000000   Number         0  stm32f1xx_hal_exti.o ABSOLUTE
    ..\Drivers\STM32F1xx_HAL_Driver\Src\stm32f1xx_hal_flash.c 0x00000000   Number         0  stm32f1xx_hal_flash.o ABSOLUTE
    ..\Drivers\STM32F1xx_HAL_Driver\Src\stm32f1xx_hal_flash_ex.c 0x00000000   Number         0  stm32f1xx_hal_flash_ex.o ABSOLUTE
    ..\Drivers\STM32F1xx_HAL_Driver\Src\stm32f1xx_hal_gpio.c 0x00000000   Number         0  stm32f1xx_hal_gpio.o ABSOLUTE
    ..\Drivers\STM32F1xx_HAL_Driver\Src\stm32f1xx_hal_gpio_ex.c 0x00000000   Number         0  stm32f1xx_hal_gpio_ex.o ABSOLUTE
    ..\Drivers\STM32F1xx_HAL_Driver\Src\stm32f1xx_hal_i2c.c 0x00000000   Number         0  stm32f1xx_hal_i2c.o ABSOLUTE
    ..\Drivers\STM32F1xx_HAL_Driver\Src\stm32f1xx_hal_pwr.c 0x00000000   Number         0  stm32f1xx_hal_pwr.o ABSOLUTE
    ..\Drivers\STM32F1xx_HAL_Driver\Src\stm32f1xx_hal_rcc.c 0x00000000   Number         0  stm32f1xx_hal_rcc.o ABSOLUTE
    ..\Drivers\STM32F1xx_HAL_Driver\Src\stm32f1xx_hal_rcc_ex.c 0x00000000   Number         0  stm32f1xx_hal_rcc_ex.o ABSOLUTE
    ..\Drivers\STM32F1xx_HAL_Driver\Src\stm32f1xx_hal_tim.c 0x00000000   Number         0  stm32f1xx_hal_tim.o ABSOLUTE
    ..\Drivers\STM32F1xx_HAL_Driver\Src\stm32f1xx_hal_tim_ex.c 0x00000000   Number         0  stm32f1xx_hal_tim_ex.o ABSOLUTE
    ..\Drivers\STM32F1xx_HAL_Driver\Src\stm32f1xx_hal_uart.c 0x00000000   Number         0  stm32f1xx_hal_uart.o ABSOLUTE
    ..\FreeRtos\croutine.c                   0x00000000   Number         0  croutine.o ABSOLUTE
    ..\FreeRtos\event_groups.c               0x00000000   Number         0  event_groups.o ABSOLUTE
    ..\FreeRtos\list.c                       0x00000000   Number         0  list.o ABSOLUTE
    ..\FreeRtos\portable\MemMang\heap_4.c    0x00000000   Number         0  heap_4.o ABSOLUTE
    ..\FreeRtos\portable\RVDS\ARM_CM3\port.c 0x00000000   Number         0  port.o ABSOLUTE
    ..\FreeRtos\queue.c                      0x00000000   Number         0  queue.o ABSOLUTE
    ..\FreeRtos\stream_buffer.c              0x00000000   Number         0  stream_buffer.o ABSOLUTE
    ..\FreeRtos\tasks.c                      0x00000000   Number         0  tasks.o ABSOLUTE
    ..\FreeRtos\timers.c                     0x00000000   Number         0  timers.o ABSOLUTE
    ..\Mycore\Task\mytask.c                  0x00000000   Number         0  mytask.o ABSOLUTE
    ..\Mycore\oled\oled.c                    0x00000000   Number         0  oled.o ABSOLUTE
    ..\\FreeRtos\\portable\\RVDS\\ARM_CM3\\port.c 0x00000000   Number         0  port.o ABSOLUTE
    ..\\Mycore\\Task\\mytask.c               0x00000000   Number         0  mytask.o ABSOLUTE
    ..\\Mycore\\oled\\oled.c                 0x00000000   Number         0  oled.o ABSOLUTE
    cdcmple.s                                0x00000000   Number         0  cdcmple.o ABSOLUTE
    cdrcmple.s                               0x00000000   Number         0  cdrcmple.o ABSOLUTE
    dc.s                                     0x00000000   Number         0  dc.o ABSOLUTE
    handlers.s                               0x00000000   Number         0  handlers.o ABSOLUTE
    init.s                                   0x00000000   Number         0  init.o ABSOLUTE
    startup_stm32f103xb.s                    0x00000000   Number         0  startup_stm32f103xb.o ABSOLUTE
    RESET                                    0x08000000   Section      236  startup_stm32f103xb.o(RESET)
    .ARM.Collect$$$$00000000                 0x080000ec   Section        0  entry.o(.ARM.Collect$$$$00000000)
    .ARM.Collect$$$$00000001                 0x080000ec   Section        4  entry2.o(.ARM.Collect$$$$00000001)
    .ARM.Collect$$$$00000004                 0x080000f0   Section        4  entry5.o(.ARM.Collect$$$$00000004)
    .ARM.Collect$$$$00000008                 0x080000f4   Section        0  entry7b.o(.ARM.Collect$$$$00000008)
    .ARM.Collect$$$$0000000A                 0x080000f4   Section        0  entry8b.o(.ARM.Collect$$$$0000000A)
    .ARM.Collect$$$$0000000B                 0x080000f4   Section        8  entry9a.o(.ARM.Collect$$$$0000000B)
    .ARM.Collect$$$$0000000D                 0x080000fc   Section        0  entry10a.o(.ARM.Collect$$$$0000000D)
    .ARM.Collect$$$$0000000F                 0x080000fc   Section        0  entry11a.o(.ARM.Collect$$$$0000000F)
    .ARM.Collect$$$$00002712                 0x080000fc   Section        4  entry2.o(.ARM.Collect$$$$00002712)
    __lit__00000000                          0x080000fc   Data           4  entry2.o(.ARM.Collect$$$$00002712)
    .emb_text                                0x08000100   Section      150  port.o(.emb_text)
    .text                                    0x08000198   Section       36  startup_stm32f103xb.o(.text)
    .text                                    0x080001bc   Section        0  memcpya.o(.text)
    .text                                    0x080001e0   Section        0  memseta.o(.text)
    .text                                    0x08000204   Section        0  uidiv.o(.text)
    .text                                    0x08000230   Section       36  init.o(.text)
    i.Bled_task                              0x08000254   Section        0  mytask.o(i.Bled_task)
    i.BusFault_Handler                       0x080002d4   Section        0  stm32f1xx_it.o(i.BusFault_Handler)
    i.DebugMon_Handler                       0x080002d6   Section        0  stm32f1xx_it.o(i.DebugMon_Handler)
    i.EXTI1_IRQHandler                       0x080002d8   Section        0  stm32f1xx_it.o(i.EXTI1_IRQHandler)
    i.Error_Handler                          0x080002de   Section        0  main.o(i.Error_Handler)
    i.HAL_DMA_Abort                          0x080002e2   Section        0  stm32f1xx_hal_dma.o(i.HAL_DMA_Abort)
    i.HAL_DMA_Abort_IT                       0x08000328   Section        0  stm32f1xx_hal_dma.o(i.HAL_DMA_Abort_IT)
    i.HAL_Delay                              0x080003c0   Section        0  stm32f1xx_hal.o(i.HAL_Delay)
    i.HAL_GPIO_EXTI_Callback                 0x080003e4   Section        0  main.o(i.HAL_GPIO_EXTI_Callback)
    i.HAL_GPIO_EXTI_IRQHandler               0x0800040c   Section        0  stm32f1xx_hal_gpio.o(i.HAL_GPIO_EXTI_IRQHandler)
    i.HAL_GPIO_Init                          0x08000424   Section        0  stm32f1xx_hal_gpio.o(i.HAL_GPIO_Init)
    i.HAL_GPIO_TogglePin                     0x08000604   Section        0  stm32f1xx_hal_gpio.o(i.HAL_GPIO_TogglePin)
    i.HAL_GPIO_WritePin                      0x08000614   Section        0  stm32f1xx_hal_gpio.o(i.HAL_GPIO_WritePin)
    i.HAL_GetTick                            0x08000620   Section        0  stm32f1xx_hal.o(i.HAL_GetTick)
    i.HAL_I2C_Init                           0x0800062c   Section        0  stm32f1xx_hal_i2c.o(i.HAL_I2C_Init)
    i.HAL_I2C_Mem_Write                      0x080007b4   Section        0  stm32f1xx_hal_i2c.o(i.HAL_I2C_Mem_Write)
    i.HAL_I2C_MspInit                        0x080008e4   Section        0  i2c.o(i.HAL_I2C_MspInit)
    i.HAL_IncTick                            0x08000954   Section        0  stm32f1xx_hal.o(i.HAL_IncTick)
    i.HAL_Init                               0x08000964   Section        0  stm32f1xx_hal.o(i.HAL_Init)
    i.HAL_InitTick                           0x08000988   Section        0  stm32f1xx_hal_timebase_tim.o(i.HAL_InitTick)
    i.HAL_MspInit                            0x08000a20   Section        0  stm32f1xx_hal_msp.o(i.HAL_MspInit)
    i.HAL_NVIC_EnableIRQ                     0x08000a5c   Section        0  stm32f1xx_hal_cortex.o(i.HAL_NVIC_EnableIRQ)
    i.HAL_NVIC_SetPriority                   0x08000a78   Section        0  stm32f1xx_hal_cortex.o(i.HAL_NVIC_SetPriority)
    i.HAL_NVIC_SetPriorityGrouping           0x08000ab8   Section        0  stm32f1xx_hal_cortex.o(i.HAL_NVIC_SetPriorityGrouping)
    i.HAL_RCC_ClockConfig                    0x08000adc   Section        0  stm32f1xx_hal_rcc.o(i.HAL_RCC_ClockConfig)
    i.HAL_RCC_GetClockConfig                 0x08000c08   Section        0  stm32f1xx_hal_rcc.o(i.HAL_RCC_GetClockConfig)
    i.HAL_RCC_GetPCLK1Freq                   0x08000c48   Section        0  stm32f1xx_hal_rcc.o(i.HAL_RCC_GetPCLK1Freq)
    i.HAL_RCC_GetPCLK2Freq                   0x08000c68   Section        0  stm32f1xx_hal_rcc.o(i.HAL_RCC_GetPCLK2Freq)
    i.HAL_RCC_GetSysClockFreq                0x08000c88   Section        0  stm32f1xx_hal_rcc.o(i.HAL_RCC_GetSysClockFreq)
    i.HAL_RCC_OscConfig                      0x08000cd4   Section        0  stm32f1xx_hal_rcc.o(i.HAL_RCC_OscConfig)
    i.HAL_TIMEx_BreakCallback                0x08000ff4   Section        0  stm32f1xx_hal_tim_ex.o(i.HAL_TIMEx_BreakCallback)
    i.HAL_TIMEx_CommutCallback               0x08000ff6   Section        0  stm32f1xx_hal_tim_ex.o(i.HAL_TIMEx_CommutCallback)
    i.HAL_TIM_Base_Init                      0x08000ff8   Section        0  stm32f1xx_hal_tim.o(i.HAL_TIM_Base_Init)
    i.HAL_TIM_Base_MspInit                   0x08001052   Section        0  stm32f1xx_hal_tim.o(i.HAL_TIM_Base_MspInit)
    i.HAL_TIM_Base_Start_IT                  0x08001054   Section        0  stm32f1xx_hal_tim.o(i.HAL_TIM_Base_Start_IT)
    i.HAL_TIM_IC_CaptureCallback             0x080010ac   Section        0  stm32f1xx_hal_tim.o(i.HAL_TIM_IC_CaptureCallback)
    i.HAL_TIM_IRQHandler                     0x080010ae   Section        0  stm32f1xx_hal_tim.o(i.HAL_TIM_IRQHandler)
    i.HAL_TIM_OC_DelayElapsedCallback        0x080011de   Section        0  stm32f1xx_hal_tim.o(i.HAL_TIM_OC_DelayElapsedCallback)
    i.HAL_TIM_PWM_PulseFinishedCallback      0x080011e0   Section        0  stm32f1xx_hal_tim.o(i.HAL_TIM_PWM_PulseFinishedCallback)
    i.HAL_TIM_PeriodElapsedCallback          0x080011e2   Section        0  main.o(i.HAL_TIM_PeriodElapsedCallback)
    i.HAL_TIM_TriggerCallback                0x080011f0   Section        0  stm32f1xx_hal_tim.o(i.HAL_TIM_TriggerCallback)
    i.HAL_UARTEx_RxEventCallback             0x080011f2   Section        0  stm32f1xx_hal_uart.o(i.HAL_UARTEx_RxEventCallback)
    i.HAL_UART_ErrorCallback                 0x080011f4   Section        0  stm32f1xx_hal_uart.o(i.HAL_UART_ErrorCallback)
    i.HAL_UART_IRQHandler                    0x080011f8   Section        0  stm32f1xx_hal_uart.o(i.HAL_UART_IRQHandler)
    i.HAL_UART_Init                          0x08001464   Section        0  stm32f1xx_hal_uart.o(i.HAL_UART_Init)
    i.HAL_UART_MspInit                       0x080014c8   Section        0  usart.o(i.HAL_UART_MspInit)
    i.HAL_UART_RxCpltCallback                0x08001548   Section        0  stm32f1xx_hal_uart.o(i.HAL_UART_RxCpltCallback)
    i.HAL_UART_Transmit                      0x0800154a   Section        0  stm32f1xx_hal_uart.o(i.HAL_UART_Transmit)
    i.HAL_UART_TxCpltCallback                0x080015ea   Section        0  stm32f1xx_hal_uart.o(i.HAL_UART_TxCpltCallback)
    i.HardFault_Handler                      0x080015ec   Section        0  stm32f1xx_it.o(i.HardFault_Handler)
    i.I2C_IsAcknowledgeFailed                0x080015ee   Section        0  stm32f1xx_hal_i2c.o(i.I2C_IsAcknowledgeFailed)
    I2C_IsAcknowledgeFailed                  0x080015ef   Thumb Code    46  stm32f1xx_hal_i2c.o(i.I2C_IsAcknowledgeFailed)
    i.I2C_RequestMemoryWrite                 0x0800161c   Section        0  stm32f1xx_hal_i2c.o(i.I2C_RequestMemoryWrite)
    I2C_RequestMemoryWrite                   0x0800161d   Thumb Code   162  stm32f1xx_hal_i2c.o(i.I2C_RequestMemoryWrite)
    i.I2C_WaitOnBTFFlagUntilTimeout          0x080016c4   Section        0  stm32f1xx_hal_i2c.o(i.I2C_WaitOnBTFFlagUntilTimeout)
    I2C_WaitOnBTFFlagUntilTimeout            0x080016c5   Thumb Code    86  stm32f1xx_hal_i2c.o(i.I2C_WaitOnBTFFlagUntilTimeout)
    i.I2C_WaitOnFlagUntilTimeout             0x0800171c   Section        0  stm32f1xx_hal_i2c.o(i.I2C_WaitOnFlagUntilTimeout)
    I2C_WaitOnFlagUntilTimeout               0x0800171d   Thumb Code   144  stm32f1xx_hal_i2c.o(i.I2C_WaitOnFlagUntilTimeout)
    i.I2C_WaitOnMasterAddressFlagUntilTimeout 0x080017ac   Section        0  stm32f1xx_hal_i2c.o(i.I2C_WaitOnMasterAddressFlagUntilTimeout)
    I2C_WaitOnMasterAddressFlagUntilTimeout  0x080017ad   Thumb Code   188  stm32f1xx_hal_i2c.o(i.I2C_WaitOnMasterAddressFlagUntilTimeout)
    i.I2C_WaitOnTXEFlagUntilTimeout          0x08001868   Section        0  stm32f1xx_hal_i2c.o(i.I2C_WaitOnTXEFlagUntilTimeout)
    I2C_WaitOnTXEFlagUntilTimeout            0x08001869   Thumb Code    86  stm32f1xx_hal_i2c.o(i.I2C_WaitOnTXEFlagUntilTimeout)
    i.Key1_task                              0x080018c0   Section        0  mytask.o(i.Key1_task)
    i.MX_GPIO_Init                           0x08001950   Section        0  gpio.o(i.MX_GPIO_Init)
    i.MX_I2C1_Init                           0x08001a08   Section        0  i2c.o(i.MX_I2C1_Init)
    i.MX_USART2_UART_Init                    0x08001a48   Section        0  usart.o(i.MX_USART2_UART_Init)
    i.MemManage_Handler                      0x08001a80   Section        0  stm32f1xx_it.o(i.MemManage_Handler)
    i.NMI_Handler                            0x08001a82   Section        0  stm32f1xx_it.o(i.NMI_Handler)
    i.OLED_Clear                             0x08001a84   Section        0  oled.o(i.OLED_Clear)
    i.OLED_Init                              0x08001ab8   Section        0  oled.o(i.OLED_Init)
    i.OLED_Set_Pos                           0x08001ac8   Section        0  oled.o(i.OLED_Set_Pos)
    i.OLED_ShowChar                          0x08001aec   Section        0  oled.o(i.OLED_ShowChar)
    i.OLED_ShowString                        0x08001b74   Section        0  oled.o(i.OLED_ShowString)
    i.OLED_WR_CMD                            0x08001bac   Section        0  oled.o(i.OLED_WR_CMD)
    i.OLED_WR_DATA                           0x08001bd0   Section        0  oled.o(i.OLED_WR_DATA)
    i.PendSV_Handler                         0x08001bf4   Section        0  stm32f1xx_it.o(i.PendSV_Handler)
    i.Rled_task                              0x08001bf8   Section        0  mytask.o(i.Rled_task)
    i.SVC_Handler                            0x08001ca0   Section        0  stm32f1xx_it.o(i.SVC_Handler)
    i.SysTick_Handler                        0x08001ca4   Section        0  stm32f1xx_it.o(i.SysTick_Handler)
    i.SystemClock_Config                     0x08001ca8   Section        0  main.o(i.SystemClock_Config)
    i.SystemInit                             0x08001d06   Section        0  system_stm32f1xx.o(i.SystemInit)
    i.TIM2_IRQHandler                        0x08001d08   Section        0  stm32f1xx_it.o(i.TIM2_IRQHandler)
    i.TIM_Base_SetConfig                     0x08001d14   Section        0  stm32f1xx_hal_tim.o(i.TIM_Base_SetConfig)
    i.UART_DMAAbortOnError                   0x08001d8c   Section        0  stm32f1xx_hal_uart.o(i.UART_DMAAbortOnError)
    UART_DMAAbortOnError                     0x08001d8d   Thumb Code    16  stm32f1xx_hal_uart.o(i.UART_DMAAbortOnError)
    i.UART_EndRxTransfer                     0x08001d9c   Section        0  stm32f1xx_hal_uart.o(i.UART_EndRxTransfer)
    UART_EndRxTransfer                       0x08001d9d   Thumb Code    78  stm32f1xx_hal_uart.o(i.UART_EndRxTransfer)
    i.UART_Receive_IT                        0x08001dea   Section        0  stm32f1xx_hal_uart.o(i.UART_Receive_IT)
    UART_Receive_IT                          0x08001deb   Thumb Code   194  stm32f1xx_hal_uart.o(i.UART_Receive_IT)
    i.UART_SetConfig                         0x08001eac   Section        0  stm32f1xx_hal_uart.o(i.UART_SetConfig)
    UART_SetConfig                           0x08001ead   Thumb Code   178  stm32f1xx_hal_uart.o(i.UART_SetConfig)
    i.UART_WaitOnFlagUntilTimeout            0x08001f64   Section        0  stm32f1xx_hal_uart.o(i.UART_WaitOnFlagUntilTimeout)
    UART_WaitOnFlagUntilTimeout              0x08001f65   Thumb Code   114  stm32f1xx_hal_uart.o(i.UART_WaitOnFlagUntilTimeout)
    i.USART2_IRQHandler                      0x08001fd8   Section        0  stm32f1xx_it.o(i.USART2_IRQHandler)
    i.UsageFault_Handler                     0x08001fe4   Section        0  stm32f1xx_it.o(i.UsageFault_Handler)
    i.WriteCmd                               0x08001fe8   Section        0  oled.o(i.WriteCmd)
    i.__0printf$1                            0x0800201c   Section        0  printf1.o(i.__0printf$1)
    i.__0sprintf$1                           0x0800203c   Section        0  printf1.o(i.__0sprintf$1)
    i.__NVIC_SetPriority                     0x08002064   Section        0  stm32f1xx_hal_cortex.o(i.__NVIC_SetPriority)
    __NVIC_SetPriority                       0x08002065   Thumb Code    32  stm32f1xx_hal_cortex.o(i.__NVIC_SetPriority)
    i.__scatterload_copy                     0x08002084   Section       14  handlers.o(i.__scatterload_copy)
    i.__scatterload_null                     0x08002092   Section        2  handlers.o(i.__scatterload_null)
    i.__scatterload_zeroinit                 0x08002094   Section       14  handlers.o(i.__scatterload_zeroinit)
    i._printf_core                           0x080020a4   Section        0  printf1.o(i._printf_core)
    _printf_core                             0x080020a5   Thumb Code   336  printf1.o(i._printf_core)
    i._sputc                                 0x080021f8   Section        0  printf1.o(i._sputc)
    _sputc                                   0x080021f9   Thumb Code    10  printf1.o(i._sputc)
    i.fputc                                  0x08002204   Section        0  main.o(i.fputc)
    i.main                                   0x0800221c   Section        0  main.o(i.main)
    i.prvAddCurrentTaskToDelayedList         0x080022b0   Section        0  tasks.o(i.prvAddCurrentTaskToDelayedList)
    prvAddCurrentTaskToDelayedList           0x080022b1   Thumb Code   128  tasks.o(i.prvAddCurrentTaskToDelayedList)
    i.prvAddNewTaskToReadyList               0x08002338   Section        0  tasks.o(i.prvAddNewTaskToReadyList)
    prvAddNewTaskToReadyList                 0x08002339   Thumb Code   222  tasks.o(i.prvAddNewTaskToReadyList)
    i.prvCheckForValidListAndQueue           0x08002428   Section        0  timers.o(i.prvCheckForValidListAndQueue)
    prvCheckForValidListAndQueue             0x08002429   Thumb Code    62  timers.o(i.prvCheckForValidListAndQueue)
    i.prvCopyDataFromQueue                   0x08002478   Section        0  queue.o(i.prvCopyDataFromQueue)
    prvCopyDataFromQueue                     0x08002479   Thumb Code    38  queue.o(i.prvCopyDataFromQueue)
    i.prvCopyDataToQueue                     0x0800249e   Section        0  queue.o(i.prvCopyDataToQueue)
    prvCopyDataToQueue                       0x0800249f   Thumb Code   108  queue.o(i.prvCopyDataToQueue)
    i.prvDeleteTCB                           0x0800250a   Section        0  tasks.o(i.prvDeleteTCB)
    prvDeleteTCB                             0x0800250b   Thumb Code    20  tasks.o(i.prvDeleteTCB)
    i.prvHeapInit                            0x08002520   Section        0  heap_4.o(i.prvHeapInit)
    prvHeapInit                              0x08002521   Thumb Code    60  heap_4.o(i.prvHeapInit)
    i.prvIdleTask                            0x08002564   Section        0  tasks.o(i.prvIdleTask)
    prvIdleTask                              0x08002565   Thumb Code    82  tasks.o(i.prvIdleTask)
    i.prvInitialiseNewTask                   0x080025c4   Section        0  tasks.o(i.prvInitialiseNewTask)
    prvInitialiseNewTask                     0x080025c5   Thumb Code   114  tasks.o(i.prvInitialiseNewTask)
    i.prvInsertBlockIntoFreeList             0x08002638   Section        0  heap_4.o(i.prvInsertBlockIntoFreeList)
    prvInsertBlockIntoFreeList               0x08002639   Thumb Code    72  heap_4.o(i.prvInsertBlockIntoFreeList)
    i.prvInsertTimerInActiveList             0x08002684   Section        0  timers.o(i.prvInsertTimerInActiveList)
    prvInsertTimerInActiveList               0x08002685   Thumb Code    52  timers.o(i.prvInsertTimerInActiveList)
    i.prvIsQueueEmpty                        0x080026bc   Section        0  queue.o(i.prvIsQueueEmpty)
    prvIsQueueEmpty                          0x080026bd   Thumb Code    28  queue.o(i.prvIsQueueEmpty)
    i.prvProcessExpiredTimer                 0x080026d8   Section        0  timers.o(i.prvProcessExpiredTimer)
    prvProcessExpiredTimer                   0x080026d9   Thumb Code    58  timers.o(i.prvProcessExpiredTimer)
    i.prvProcessReceivedCommands             0x08002718   Section        0  timers.o(i.prvProcessReceivedCommands)
    prvProcessReceivedCommands               0x08002719   Thumb Code   204  timers.o(i.prvProcessReceivedCommands)
    i.prvProcessTimerOrBlockTask             0x080027e8   Section        0  timers.o(i.prvProcessTimerOrBlockTask)
    prvProcessTimerOrBlockTask               0x080027e9   Thumb Code    98  timers.o(i.prvProcessTimerOrBlockTask)
    i.prvReloadTimer                         0x08002854   Section        0  timers.o(i.prvReloadTimer)
    prvReloadTimer                           0x08002855   Thumb Code    40  timers.o(i.prvReloadTimer)
    i.prvResetNextTaskUnblockTime            0x0800287c   Section        0  tasks.o(i.prvResetNextTaskUnblockTime)
    prvResetNextTaskUnblockTime              0x0800287d   Thumb Code    24  tasks.o(i.prvResetNextTaskUnblockTime)
    i.prvSampleTimeNow                       0x08002898   Section        0  timers.o(i.prvSampleTimeNow)
    prvSampleTimeNow                         0x08002899   Thumb Code    66  timers.o(i.prvSampleTimeNow)
    i.prvTaskExitError                       0x080028e0   Section        0  port.o(i.prvTaskExitError)
    prvTaskExitError                         0x080028e1   Thumb Code    16  port.o(i.prvTaskExitError)
    i.prvTimerTask                           0x080028f0   Section        0  timers.o(i.prvTimerTask)
    prvTimerTask                             0x080028f1   Thumb Code    32  timers.o(i.prvTimerTask)
    i.prvUnlockQueue                         0x08002914   Section        0  queue.o(i.prvUnlockQueue)
    prvUnlockQueue                           0x08002915   Thumb Code   106  queue.o(i.prvUnlockQueue)
    i.pvPortMalloc                           0x08002980   Section        0  heap_4.o(i.pvPortMalloc)
    i.pvTaskIncrementMutexHeldCount          0x08002a18   Section        0  tasks.o(i.pvTaskIncrementMutexHeldCount)
    i.pvTimerGetTimerID                      0x08002a30   Section        0  timers.o(i.pvTimerGetTimerID)
    i.pxPortInitialiseStack                  0x08002a44   Section        0  port.o(i.pxPortInitialiseStack)
    i.showCallback                           0x08002a68   Section        0  mytask.o(i.showCallback)
    i.start_task                             0x08002ab4   Section        0  mytask.o(i.start_task)
    i.uxListRemove                           0x08002c68   Section        0  list.o(i.uxListRemove)
    i.uxTaskGetNumberOfTasks                 0x08002c90   Section        0  tasks.o(i.uxTaskGetNumberOfTasks)
    i.vListInitialise                        0x08002c9c   Section        0  list.o(i.vListInitialise)
    i.vListInitialiseItem                    0x08002cb2   Section        0  list.o(i.vListInitialiseItem)
    i.vListInsert                            0x08002cb8   Section        0  list.o(i.vListInsert)
    i.vListInsertEnd                         0x08002ce8   Section        0  list.o(i.vListInsertEnd)
    i.vPortEnterCritical                     0x08002d00   Section        0  port.o(i.vPortEnterCritical)
    i.vPortExitCritical                      0x08002d1c   Section        0  port.o(i.vPortExitCritical)
    i.vPortFree                              0x08002d30   Section        0  heap_4.o(i.vPortFree)
    i.vPortSetupTimerInterrupt               0x08002d74   Section        0  port.o(i.vPortSetupTimerInterrupt)
    i.vQueueAddToRegistry                    0x08002d8c   Section        0  queue.o(i.vQueueAddToRegistry)
    i.vQueueWaitForMessageRestricted         0x08002dc8   Section        0  queue.o(i.vQueueWaitForMessageRestricted)
    i.vTaskDelay                             0x08002e0c   Section        0  tasks.o(i.vTaskDelay)
    i.vTaskDelete                            0x08002e3c   Section        0  tasks.o(i.vTaskDelete)
    i.vTaskInternalSetTimeOutState           0x08002edc   Section        0  tasks.o(i.vTaskInternalSetTimeOutState)
    i.vTaskMissedYield                       0x08002eec   Section        0  tasks.o(i.vTaskMissedYield)
    i.vTaskPlaceOnEventList                  0x08002ef8   Section        0  tasks.o(i.vTaskPlaceOnEventList)
    i.vTaskPlaceOnEventListRestricted        0x08002f18   Section        0  tasks.o(i.vTaskPlaceOnEventListRestricted)
    i.vTaskPriorityDisinheritAfterTimeout    0x08002f58   Section        0  tasks.o(i.vTaskPriorityDisinheritAfterTimeout)
    i.vTaskStartScheduler                    0x08002ff4   Section        0  tasks.o(i.vTaskStartScheduler)
    i.vTaskSuspendAll                        0x0800304c   Section        0  tasks.o(i.vTaskSuspendAll)
    i.vTaskSwitchContext                     0x0800305c   Section        0  tasks.o(i.vTaskSwitchContext)
    i.xPortStartScheduler                    0x080030a0   Section        0  port.o(i.xPortStartScheduler)
    i.xPortSysTickHandler                    0x080030d0   Section        0  port.o(i.xPortSysTickHandler)
    i.xQueueCreateMutex                      0x080030fc   Section        0  queue.o(i.xQueueCreateMutex)
    i.xQueueGenericCreate                    0x08003120   Section        0  queue.o(i.xQueueGenericCreate)
    i.xQueueGenericReset                     0x08003168   Section        0  queue.o(i.xQueueGenericReset)
    i.xQueueGenericSend                      0x080031fc   Section        0  queue.o(i.xQueueGenericSend)
    i.xQueueGenericSendFromISR               0x080032f4   Section        0  queue.o(i.xQueueGenericSendFromISR)
    i.xQueueGiveFromISR                      0x08003364   Section        0  queue.o(i.xQueueGiveFromISR)
    i.xQueueReceive                          0x080033cc   Section        0  queue.o(i.xQueueReceive)
    i.xQueueSemaphoreTake                    0x080034bc   Section        0  queue.o(i.xQueueSemaphoreTake)
    i.xTaskCheckForTimeOut                   0x080035e4   Section        0  tasks.o(i.xTaskCheckForTimeOut)
    i.xTaskCreate                            0x0800363c   Section        0  tasks.o(i.xTaskCreate)
    i.xTaskGetSchedulerState                 0x08003698   Section        0  tasks.o(i.xTaskGetSchedulerState)
    i.xTaskGetTickCount                      0x080036b4   Section        0  tasks.o(i.xTaskGetTickCount)
    i.xTaskIncrementTick                     0x080036c0   Section        0  tasks.o(i.xTaskIncrementTick)
    i.xTaskPriorityDisinherit                0x080037e4   Section        0  tasks.o(i.xTaskPriorityDisinherit)
    i.xTaskPriorityInherit                   0x08003870   Section        0  tasks.o(i.xTaskPriorityInherit)
    i.xTaskRemoveFromEventList               0x08003920   Section        0  tasks.o(i.xTaskRemoveFromEventList)
    i.xTaskResumeAll                         0x080039ec   Section        0  tasks.o(i.xTaskResumeAll)
    i.xTimerCreate                           0x08003b08   Section        0  timers.o(i.xTimerCreate)
    i.xTimerCreateTimerTask                  0x08003b54   Section        0  timers.o(i.xTimerCreateTimerTask)
    i.xTimerGenericCommand                   0x08003b90   Section        0  timers.o(i.xTimerGenericCommand)
    .constdata                               0x08003bd8   Section       18  stm32f1xx_hal_rcc.o(.constdata)
    aPredivFactorTable                       0x08003bd8   Data           2  stm32f1xx_hal_rcc.o(.constdata)
    aPLLMULFactorTable                       0x08003bda   Data          16  stm32f1xx_hal_rcc.o(.constdata)
    .constdata                               0x08003bea   Section       16  system_stm32f1xx.o(.constdata)
    .constdata                               0x08003bfa   Section        8  system_stm32f1xx.o(.constdata)
    .constdata                               0x08003c02   Section     2504  oled.o(.constdata)
    .data                                    0x20000000   Section        4  main.o(.data)
    .data                                    0x20000004   Section       12  stm32f1xx_hal.o(.data)
    .data                                    0x20000010   Section        4  system_stm32f1xx.o(.data)
    .data                                    0x20000014   Section       64  tasks.o(.data)
    uxDeletedTasksWaitingCleanUp             0x20000018   Data           4  tasks.o(.data)
    uxCurrentNumberOfTasks                   0x2000001c   Data           4  tasks.o(.data)
    xTickCount                               0x20000020   Data           4  tasks.o(.data)
    uxTopReadyPriority                       0x20000024   Data           4  tasks.o(.data)
    xSchedulerRunning                        0x20000028   Data           4  tasks.o(.data)
    xPendedTicks                             0x2000002c   Data           4  tasks.o(.data)
    xYieldPending                            0x20000030   Data           4  tasks.o(.data)
    xNumOfOverflows                          0x20000034   Data           4  tasks.o(.data)
    uxTaskNumber                             0x20000038   Data           4  tasks.o(.data)
    xNextTaskUnblockTime                     0x2000003c   Data           4  tasks.o(.data)
    xIdleTaskHandle                          0x20000040   Data           4  tasks.o(.data)
    uxSchedulerSuspended                     0x20000048   Data           4  tasks.o(.data)
    pxDelayedTaskList                        0x2000004c   Data           4  tasks.o(.data)
    pxOverflowDelayedTaskList                0x20000050   Data           4  tasks.o(.data)
    .data                                    0x20000054   Section       20  timers.o(.data)
    xTimerQueue                              0x20000054   Data           4  timers.o(.data)
    xTimerTaskHandle                         0x20000058   Data           4  timers.o(.data)
    xLastTime                                0x2000005c   Data           4  timers.o(.data)
    pxCurrentTimerList                       0x20000060   Data           4  timers.o(.data)
    pxOverflowTimerList                      0x20000064   Data           4  timers.o(.data)
    .data                                    0x20000068   Section        4  port.o(.data)
    uxCriticalNesting                        0x20000068   Data           4  port.o(.data)
    .data                                    0x2000006c   Section       28  heap_4.o(.data)
    pxEnd                                    0x2000006c   Data           4  heap_4.o(.data)
    xFreeBytesRemaining                      0x20000070   Data           4  heap_4.o(.data)
    xMinimumEverFreeBytesRemaining           0x20000074   Data           4  heap_4.o(.data)
    xNumberOfSuccessfulAllocations           0x20000078   Data           4  heap_4.o(.data)
    xNumberOfSuccessfulFrees                 0x2000007c   Data           4  heap_4.o(.data)
    xStart                                   0x20000080   Data           8  heap_4.o(.data)
    .data                                    0x20000088   Section       28  mytask.o(.data)
    c                                        0x20000088   Data           1  mytask.o(.data)
    xOled_Semaphore                          0x2000008c   Data           4  mytask.o(.data)
    TIM1Handle_t                             0x20000090   Data           4  mytask.o(.data)
    Bled_TaskHandle_t                        0x20000094   Data           4  mytask.o(.data)
    Rled_TaskHandle_t                        0x20000098   Data           4  mytask.o(.data)
    Key1_TaskHandle_t                        0x2000009c   Data           4  mytask.o(.data)
    xRled_contl_Semaphore                    0x200000a0   Data           4  mytask.o(.data)
    .data                                    0x200000a4   Section        4  mytask.o(.data)
    .data                                    0x200000a8   Section       27  oled.o(.data)
    .data                                    0x200000c4   Section        4  stdout.o(.data)
    .bss                                     0x200000c8   Section       84  i2c.o(.bss)
    .bss                                     0x2000011c   Section       72  usart.o(.bss)
    .bss                                     0x20000164   Section       72  stm32f1xx_hal_timebase_tim.o(.bss)
    .bss                                     0x200001ac   Section       80  queue.o(.bss)
    .bss                                     0x200001fc   Section      740  tasks.o(.bss)
    pxReadyTasksLists                        0x200001fc   Data         640  tasks.o(.bss)
    xDelayedTaskList1                        0x2000047c   Data          20  tasks.o(.bss)
    xDelayedTaskList2                        0x20000490   Data          20  tasks.o(.bss)
    xPendingReadyList                        0x200004a4   Data          20  tasks.o(.bss)
    xTasksWaitingTermination                 0x200004b8   Data          20  tasks.o(.bss)
    xSuspendedTaskList                       0x200004cc   Data          20  tasks.o(.bss)
    .bss                                     0x200004e0   Section       40  timers.o(.bss)
    xActiveTimerList1                        0x200004e0   Data          20  timers.o(.bss)
    xActiveTimerList2                        0x200004f4   Data          20  timers.o(.bss)
    .bss                                     0x20000508   Section     8192  heap_4.o(.bss)
    ucHeap                                   0x20000508   Data        8192  heap_4.o(.bss)
    .bss                                     0x20002508   Section       15  mytask.o(.bss)
    oled_buff                                0x20002508   Data          15  mytask.o(.bss)
    STACK                                    0x20002518   Section     5120  startup_stm32f103xb.o(STACK)

    Global Symbols

    Symbol Name                              Value     Ov Type        Size  Object(Section)

    BuildAttributes$$THM_ISAv4$P$D$K$B$S$PE$A:L22UL41UL21$X:L11$S22US41US21$IEEE1$IW$USESV6$~STKCKD$USESV7$~SHL$OSPACE$ROPI$EBA8$MICROLIB$REQ8$PRES8$EABIv2 0x00000000   Number         0  anon$$obj.o ABSOLUTE
    __ARM_use_no_argv                        0x00000000   Number         0  main.o ABSOLUTE
    _printf_a                                0x00000000   Number         0  stubs.o ABSOLUTE
    _printf_c                                0x00000000   Number         0  stubs.o ABSOLUTE
    _printf_charcount                        0x00000000   Number         0  stubs.o ABSOLUTE
    _printf_d                                0x00000000   Number         0  stubs.o ABSOLUTE
    _printf_e                                0x00000000   Number         0  stubs.o ABSOLUTE
    _printf_f                                0x00000000   Number         0  stubs.o ABSOLUTE
    _printf_flags                            0x00000000   Number         0  stubs.o ABSOLUTE
    _printf_fp_dec                           0x00000000   Number         0  stubs.o ABSOLUTE
    _printf_fp_hex                           0x00000000   Number         0  stubs.o ABSOLUTE
    _printf_g                                0x00000000   Number         0  stubs.o ABSOLUTE
    _printf_i                                0x00000000   Number         0  stubs.o ABSOLUTE
    _printf_int_dec                          0x00000000   Number         0  stubs.o ABSOLUTE
    _printf_l                                0x00000000   Number         0  stubs.o ABSOLUTE
    _printf_lc                               0x00000000   Number         0  stubs.o ABSOLUTE
    _printf_ll                               0x00000000   Number         0  stubs.o ABSOLUTE
    _printf_lld                              0x00000000   Number         0  stubs.o ABSOLUTE
    _printf_lli                              0x00000000   Number         0  stubs.o ABSOLUTE
    _printf_llo                              0x00000000   Number         0  stubs.o ABSOLUTE
    _printf_llu                              0x00000000   Number         0  stubs.o ABSOLUTE
    _printf_llx                              0x00000000   Number         0  stubs.o ABSOLUTE
    _printf_longlong_dec                     0x00000000   Number         0  stubs.o ABSOLUTE
    _printf_longlong_hex                     0x00000000   Number         0  stubs.o ABSOLUTE
    _printf_longlong_oct                     0x00000000   Number         0  stubs.o ABSOLUTE
    _printf_ls                               0x00000000   Number         0  stubs.o ABSOLUTE
    _printf_mbtowc                           0x00000000   Number         0  stubs.o ABSOLUTE
    _printf_n                                0x00000000   Number         0  stubs.o ABSOLUTE
    _printf_o                                0x00000000   Number         0  stubs.o ABSOLUTE
    _printf_p                                0x00000000   Number         0  stubs.o ABSOLUTE
    _printf_percent                          0x00000000   Number         0  stubs.o ABSOLUTE
    _printf_pre_padding                      0x00000000   Number         0  stubs.o ABSOLUTE
    _printf_return_value                     0x00000000   Number         0  stubs.o ABSOLUTE
    _printf_s                                0x00000000   Number         0  stubs.o ABSOLUTE
    _printf_sizespec                         0x00000000   Number         0  stubs.o ABSOLUTE
    _printf_str                              0x00000000   Number         0  stubs.o ABSOLUTE
    _printf_truncate_signed                  0x00000000   Number         0  stubs.o ABSOLUTE
    _printf_truncate_unsigned                0x00000000   Number         0  stubs.o ABSOLUTE
    _printf_u                                0x00000000   Number         0  stubs.o ABSOLUTE
    _printf_wc                               0x00000000   Number         0  stubs.o ABSOLUTE
    _printf_wctomb                           0x00000000   Number         0  stubs.o ABSOLUTE
    _printf_widthprec                        0x00000000   Number         0  stubs.o ABSOLUTE
    _printf_x                                0x00000000   Number         0  stubs.o ABSOLUTE
    __cpp_initialize__aeabi_                  - Undefined Weak Reference
    __cxa_finalize                            - Undefined Weak Reference
    __decompress                              - Undefined Weak Reference
    _clock_init                               - Undefined Weak Reference
    _microlib_exit                            - Undefined Weak Reference
    __Vectors_Size                           0x000000ec   Number         0  startup_stm32f103xb.o ABSOLUTE
    __Vectors                                0x08000000   Data           4  startup_stm32f103xb.o(RESET)
    __Vectors_End                            0x080000ec   Data           0  startup_stm32f103xb.o(RESET)
    __main                                   0x080000ed   Thumb Code     0  entry.o(.ARM.Collect$$$$00000000)
    _main_stk                                0x080000ed   Thumb Code     0  entry2.o(.ARM.Collect$$$$00000001)
    _main_scatterload                        0x080000f1   Thumb Code     0  entry5.o(.ARM.Collect$$$$00000004)
    __main_after_scatterload                 0x080000f5   Thumb Code     0  entry5.o(.ARM.Collect$$$$00000004)
    _main_clock                              0x080000f5   Thumb Code     0  entry7b.o(.ARM.Collect$$$$00000008)
    _main_cpp_init                           0x080000f5   Thumb Code     0  entry8b.o(.ARM.Collect$$$$0000000A)
    _main_init                               0x080000f5   Thumb Code     0  entry9a.o(.ARM.Collect$$$$0000000B)
    __rt_final_cpp                           0x080000fd   Thumb Code     0  entry10a.o(.ARM.Collect$$$$0000000D)
    __rt_final_exit                          0x080000fd   Thumb Code     0  entry11a.o(.ARM.Collect$$$$0000000F)
    vPortSVCHandler                          0x08000101   Thumb Code    32  port.o(.emb_text)
    __asm___6_port_c_39a90d8d__prvStartFirstTask 0x08000125   Thumb Code    28  port.o(.emb_text)
    xPortPendSVHandler                       0x08000145   Thumb Code    72  port.o(.emb_text)
    vPortGetIPSR                             0x08000191   Thumb Code     6  port.o(.emb_text)
    Reset_Handler                            0x08000199   Thumb Code     8  startup_stm32f103xb.o(.text)
    ADC1_2_IRQHandler                        0x080001b3   Thumb Code     0  startup_stm32f103xb.o(.text)
    CAN1_RX1_IRQHandler                      0x080001b3   Thumb Code     0  startup_stm32f103xb.o(.text)
    CAN1_SCE_IRQHandler                      0x080001b3   Thumb Code     0  startup_stm32f103xb.o(.text)
    DMA1_Channel1_IRQHandler                 0x080001b3   Thumb Code     0  startup_stm32f103xb.o(.text)
    DMA1_Channel2_IRQHandler                 0x080001b3   Thumb Code     0  startup_stm32f103xb.o(.text)
    DMA1_Channel3_IRQHandler                 0x080001b3   Thumb Code     0  startup_stm32f103xb.o(.text)
    DMA1_Channel4_IRQHandler                 0x080001b3   Thumb Code     0  startup_stm32f103xb.o(.text)
    DMA1_Channel5_IRQHandler                 0x080001b3   Thumb Code     0  startup_stm32f103xb.o(.text)
    DMA1_Channel6_IRQHandler                 0x080001b3   Thumb Code     0  startup_stm32f103xb.o(.text)
    DMA1_Channel7_IRQHandler                 0x080001b3   Thumb Code     0  startup_stm32f103xb.o(.text)
    EXTI0_IRQHandler                         0x080001b3   Thumb Code     0  startup_stm32f103xb.o(.text)
    EXTI15_10_IRQHandler                     0x080001b3   Thumb Code     0  startup_stm32f103xb.o(.text)
    EXTI2_IRQHandler                         0x080001b3   Thumb Code     0  startup_stm32f103xb.o(.text)
    EXTI3_IRQHandler                         0x080001b3   Thumb Code     0  startup_stm32f103xb.o(.text)
    EXTI4_IRQHandler                         0x080001b3   Thumb Code     0  startup_stm32f103xb.o(.text)
    EXTI9_5_IRQHandler                       0x080001b3   Thumb Code     0  startup_stm32f103xb.o(.text)
    FLASH_IRQHandler                         0x080001b3   Thumb Code     0  startup_stm32f103xb.o(.text)
    I2C1_ER_IRQHandler                       0x080001b3   Thumb Code     0  startup_stm32f103xb.o(.text)
    I2C1_EV_IRQHandler                       0x080001b3   Thumb Code     0  startup_stm32f103xb.o(.text)
    I2C2_ER_IRQHandler                       0x080001b3   Thumb Code     0  startup_stm32f103xb.o(.text)
    I2C2_EV_IRQHandler                       0x080001b3   Thumb Code     0  startup_stm32f103xb.o(.text)
    PVD_IRQHandler                           0x080001b3   Thumb Code     0  startup_stm32f103xb.o(.text)
    RCC_IRQHandler                           0x080001b3   Thumb Code     0  startup_stm32f103xb.o(.text)
    RTC_Alarm_IRQHandler                     0x080001b3   Thumb Code     0  startup_stm32f103xb.o(.text)
    RTC_IRQHandler                           0x080001b3   Thumb Code     0  startup_stm32f103xb.o(.text)
    SPI1_IRQHandler                          0x080001b3   Thumb Code     0  startup_stm32f103xb.o(.text)
    SPI2_IRQHandler                          0x080001b3   Thumb Code     0  startup_stm32f103xb.o(.text)
    TAMPER_IRQHandler                        0x080001b3   Thumb Code     0  startup_stm32f103xb.o(.text)
    TIM1_BRK_IRQHandler                      0x080001b3   Thumb Code     0  startup_stm32f103xb.o(.text)
    TIM1_CC_IRQHandler                       0x080001b3   Thumb Code     0  startup_stm32f103xb.o(.text)
    TIM1_TRG_COM_IRQHandler                  0x080001b3   Thumb Code     0  startup_stm32f103xb.o(.text)
    TIM1_UP_IRQHandler                       0x080001b3   Thumb Code     0  startup_stm32f103xb.o(.text)
    TIM3_IRQHandler                          0x080001b3   Thumb Code     0  startup_stm32f103xb.o(.text)
    TIM4_IRQHandler                          0x080001b3   Thumb Code     0  startup_stm32f103xb.o(.text)
    USART1_IRQHandler                        0x080001b3   Thumb Code     0  startup_stm32f103xb.o(.text)
    USART3_IRQHandler                        0x080001b3   Thumb Code     0  startup_stm32f103xb.o(.text)
    USBWakeUp_IRQHandler                     0x080001b3   Thumb Code     0  startup_stm32f103xb.o(.text)
    USB_HP_CAN1_TX_IRQHandler                0x080001b3   Thumb Code     0  startup_stm32f103xb.o(.text)
    USB_LP_CAN1_RX0_IRQHandler               0x080001b3   Thumb Code     0  startup_stm32f103xb.o(.text)
    WWDG_IRQHandler                          0x080001b3   Thumb Code     0  startup_stm32f103xb.o(.text)
    __aeabi_memcpy                           0x080001bd   Thumb Code    36  memcpya.o(.text)
    __aeabi_memcpy4                          0x080001bd   Thumb Code     0  memcpya.o(.text)
    __aeabi_memcpy8                          0x080001bd   Thumb Code     0  memcpya.o(.text)
    __aeabi_memset                           0x080001e1   Thumb Code    14  memseta.o(.text)
    __aeabi_memset4                          0x080001e1   Thumb Code     0  memseta.o(.text)
    __aeabi_memset8                          0x080001e1   Thumb Code     0  memseta.o(.text)
    __aeabi_memclr                           0x080001ef   Thumb Code     4  memseta.o(.text)
    __aeabi_memclr4                          0x080001ef   Thumb Code     0  memseta.o(.text)
    __aeabi_memclr8                          0x080001ef   Thumb Code     0  memseta.o(.text)
    _memset$wrapper                          0x080001f3   Thumb Code    18  memseta.o(.text)
    __aeabi_uidiv                            0x08000205   Thumb Code     0  uidiv.o(.text)
    __aeabi_uidivmod                         0x08000205   Thumb Code    44  uidiv.o(.text)
    __scatterload                            0x08000231   Thumb Code    28  init.o(.text)
    __scatterload_rt2                        0x08000231   Thumb Code     0  init.o(.text)
    Bled_task                                0x08000255   Thumb Code    86  mytask.o(i.Bled_task)
    BusFault_Handler                         0x080002d5   Thumb Code     2  stm32f1xx_it.o(i.BusFault_Handler)
    DebugMon_Handler                         0x080002d7   Thumb Code     2  stm32f1xx_it.o(i.DebugMon_Handler)
    EXTI1_IRQHandler                         0x080002d9   Thumb Code     6  stm32f1xx_it.o(i.EXTI1_IRQHandler)
    Error_Handler                            0x080002df   Thumb Code     4  main.o(i.Error_Handler)
    HAL_DMA_Abort                            0x080002e3   Thumb Code    70  stm32f1xx_hal_dma.o(i.HAL_DMA_Abort)
    HAL_DMA_Abort_IT                         0x08000329   Thumb Code   148  stm32f1xx_hal_dma.o(i.HAL_DMA_Abort_IT)
    HAL_Delay                                0x080003c1   Thumb Code    32  stm32f1xx_hal.o(i.HAL_Delay)
    HAL_GPIO_EXTI_Callback                   0x080003e5   Thumb Code    32  main.o(i.HAL_GPIO_EXTI_Callback)
    HAL_GPIO_EXTI_IRQHandler                 0x0800040d   Thumb Code    18  stm32f1xx_hal_gpio.o(i.HAL_GPIO_EXTI_IRQHandler)
    HAL_GPIO_Init                            0x08000425   Thumb Code   446  stm32f1xx_hal_gpio.o(i.HAL_GPIO_Init)
    HAL_GPIO_TogglePin                       0x08000605   Thumb Code    16  stm32f1xx_hal_gpio.o(i.HAL_GPIO_TogglePin)
    HAL_GPIO_WritePin                        0x08000615   Thumb Code    10  stm32f1xx_hal_gpio.o(i.HAL_GPIO_WritePin)
    HAL_GetTick                              0x08000621   Thumb Code     6  stm32f1xx_hal.o(i.HAL_GetTick)
    HAL_I2C_Init                             0x0800062d   Thumb Code   376  stm32f1xx_hal_i2c.o(i.HAL_I2C_Init)
    HAL_I2C_Mem_Write                        0x080007b5   Thumb Code   294  stm32f1xx_hal_i2c.o(i.HAL_I2C_Mem_Write)
    HAL_I2C_MspInit                          0x080008e5   Thumb Code    96  i2c.o(i.HAL_I2C_MspInit)
    HAL_IncTick                              0x08000955   Thumb Code    12  stm32f1xx_hal.o(i.HAL_IncTick)
    HAL_Init                                 0x08000965   Thumb Code    32  stm32f1xx_hal.o(i.HAL_Init)
    HAL_InitTick                             0x08000989   Thumb Code   134  stm32f1xx_hal_timebase_tim.o(i.HAL_InitTick)
    HAL_MspInit                              0x08000a21   Thumb Code    52  stm32f1xx_hal_msp.o(i.HAL_MspInit)
    HAL_NVIC_EnableIRQ                       0x08000a5d   Thumb Code    26  stm32f1xx_hal_cortex.o(i.HAL_NVIC_EnableIRQ)
    HAL_NVIC_SetPriority                     0x08000a79   Thumb Code    60  stm32f1xx_hal_cortex.o(i.HAL_NVIC_SetPriority)
    HAL_NVIC_SetPriorityGrouping             0x08000ab9   Thumb Code    26  stm32f1xx_hal_cortex.o(i.HAL_NVIC_SetPriorityGrouping)
    HAL_RCC_ClockConfig                      0x08000add   Thumb Code   280  stm32f1xx_hal_rcc.o(i.HAL_RCC_ClockConfig)
    HAL_RCC_GetClockConfig                   0x08000c09   Thumb Code    54  stm32f1xx_hal_rcc.o(i.HAL_RCC_GetClockConfig)
    HAL_RCC_GetPCLK1Freq                     0x08000c49   Thumb Code    20  stm32f1xx_hal_rcc.o(i.HAL_RCC_GetPCLK1Freq)
    HAL_RCC_GetPCLK2Freq                     0x08000c69   Thumb Code    20  stm32f1xx_hal_rcc.o(i.HAL_RCC_GetPCLK2Freq)
    HAL_RCC_GetSysClockFreq                  0x08000c89   Thumb Code    58  stm32f1xx_hal_rcc.o(i.HAL_RCC_GetSysClockFreq)
    HAL_RCC_OscConfig                        0x08000cd5   Thumb Code   778  stm32f1xx_hal_rcc.o(i.HAL_RCC_OscConfig)
    HAL_TIMEx_BreakCallback                  0x08000ff5   Thumb Code     2  stm32f1xx_hal_tim_ex.o(i.HAL_TIMEx_BreakCallback)
    HAL_TIMEx_CommutCallback                 0x08000ff7   Thumb Code     2  stm32f1xx_hal_tim_ex.o(i.HAL_TIMEx_CommutCallback)
    HAL_TIM_Base_Init                        0x08000ff9   Thumb Code    90  stm32f1xx_hal_tim.o(i.HAL_TIM_Base_Init)
    HAL_TIM_Base_MspInit                     0x08001053   Thumb Code     2  stm32f1xx_hal_tim.o(i.HAL_TIM_Base_MspInit)
    HAL_TIM_Base_Start_IT                    0x08001055   Thumb Code    76  stm32f1xx_hal_tim.o(i.HAL_TIM_Base_Start_IT)
    HAL_TIM_IC_CaptureCallback               0x080010ad   Thumb Code     2  stm32f1xx_hal_tim.o(i.HAL_TIM_IC_CaptureCallback)
    HAL_TIM_IRQHandler                       0x080010af   Thumb Code   304  stm32f1xx_hal_tim.o(i.HAL_TIM_IRQHandler)
    HAL_TIM_OC_DelayElapsedCallback          0x080011df   Thumb Code     2  stm32f1xx_hal_tim.o(i.HAL_TIM_OC_DelayElapsedCallback)
    HAL_TIM_PWM_PulseFinishedCallback        0x080011e1   Thumb Code     2  stm32f1xx_hal_tim.o(i.HAL_TIM_PWM_PulseFinishedCallback)
    HAL_TIM_PeriodElapsedCallback            0x080011e3   Thumb Code    14  main.o(i.HAL_TIM_PeriodElapsedCallback)
    HAL_TIM_TriggerCallback                  0x080011f1   Thumb Code     2  stm32f1xx_hal_tim.o(i.HAL_TIM_TriggerCallback)
    HAL_UARTEx_RxEventCallback               0x080011f3   Thumb Code     2  stm32f1xx_hal_uart.o(i.HAL_UARTEx_RxEventCallback)
    HAL_UART_ErrorCallback                   0x080011f5   Thumb Code     2  stm32f1xx_hal_uart.o(i.HAL_UART_ErrorCallback)
    HAL_UART_IRQHandler                      0x080011f9   Thumb Code   616  stm32f1xx_hal_uart.o(i.HAL_UART_IRQHandler)
    HAL_UART_Init                            0x08001465   Thumb Code   100  stm32f1xx_hal_uart.o(i.HAL_UART_Init)
    HAL_UART_MspInit                         0x080014c9   Thumb Code   114  usart.o(i.HAL_UART_MspInit)
    HAL_UART_RxCpltCallback                  0x08001549   Thumb Code     2  stm32f1xx_hal_uart.o(i.HAL_UART_RxCpltCallback)
    HAL_UART_Transmit                        0x0800154b   Thumb Code   160  stm32f1xx_hal_uart.o(i.HAL_UART_Transmit)
    HAL_UART_TxCpltCallback                  0x080015eb   Thumb Code     2  stm32f1xx_hal_uart.o(i.HAL_UART_TxCpltCallback)
    HardFault_Handler                        0x080015ed   Thumb Code     2  stm32f1xx_it.o(i.HardFault_Handler)
    Key1_task                                0x080018c1   Thumb Code   104  mytask.o(i.Key1_task)
    MX_GPIO_Init                             0x08001951   Thumb Code   168  gpio.o(i.MX_GPIO_Init)
    MX_I2C1_Init                             0x08001a09   Thumb Code    50  i2c.o(i.MX_I2C1_Init)
    MX_USART2_UART_Init                      0x08001a49   Thumb Code    48  usart.o(i.MX_USART2_UART_Init)
    MemManage_Handler                        0x08001a81   Thumb Code     2  stm32f1xx_it.o(i.MemManage_Handler)
    NMI_Handler                              0x08001a83   Thumb Code     2  stm32f1xx_it.o(i.NMI_Handler)
    OLED_Clear                               0x08001a85   Thumb Code    52  oled.o(i.OLED_Clear)
    OLED_Init                                0x08001ab9   Thumb Code    16  oled.o(i.OLED_Init)
    OLED_Set_Pos                             0x08001ac9   Thumb Code    34  oled.o(i.OLED_Set_Pos)
    OLED_ShowChar                            0x08001aed   Thumb Code   126  oled.o(i.OLED_ShowChar)
    OLED_ShowString                          0x08001b75   Thumb Code    54  oled.o(i.OLED_ShowString)
    OLED_WR_CMD                              0x08001bad   Thumb Code    32  oled.o(i.OLED_WR_CMD)
    OLED_WR_DATA                             0x08001bd1   Thumb Code    32  oled.o(i.OLED_WR_DATA)
    PendSV_Handler                           0x08001bf5   Thumb Code     4  stm32f1xx_it.o(i.PendSV_Handler)
    Rled_task                                0x08001bf9   Thumb Code   112  mytask.o(i.Rled_task)
    SVC_Handler                              0x08001ca1   Thumb Code     4  stm32f1xx_it.o(i.SVC_Handler)
    SysTick_Handler                          0x08001ca5   Thumb Code     4  stm32f1xx_it.o(i.SysTick_Handler)
    SystemClock_Config                       0x08001ca9   Thumb Code    94  main.o(i.SystemClock_Config)
    SystemInit                               0x08001d07   Thumb Code     2  system_stm32f1xx.o(i.SystemInit)
    TIM2_IRQHandler                          0x08001d09   Thumb Code     6  stm32f1xx_it.o(i.TIM2_IRQHandler)
    TIM_Base_SetConfig                       0x08001d15   Thumb Code   108  stm32f1xx_hal_tim.o(i.TIM_Base_SetConfig)
    USART2_IRQHandler                        0x08001fd9   Thumb Code     6  stm32f1xx_it.o(i.USART2_IRQHandler)
    UsageFault_Handler                       0x08001fe5   Thumb Code     2  stm32f1xx_it.o(i.UsageFault_Handler)
    WriteCmd                                 0x08001fe9   Thumb Code    42  oled.o(i.WriteCmd)
    __0printf$1                              0x0800201d   Thumb Code    22  printf1.o(i.__0printf$1)
    __1printf$1                              0x0800201d   Thumb Code     0  printf1.o(i.__0printf$1)
    __2printf                                0x0800201d   Thumb Code     0  printf1.o(i.__0printf$1)
    __0sprintf$1                             0x0800203d   Thumb Code    34  printf1.o(i.__0sprintf$1)
    __1sprintf$1                             0x0800203d   Thumb Code     0  printf1.o(i.__0sprintf$1)
    __2sprintf                               0x0800203d   Thumb Code     0  printf1.o(i.__0sprintf$1)
    __scatterload_copy                       0x08002085   Thumb Code    14  handlers.o(i.__scatterload_copy)
    __scatterload_null                       0x08002093   Thumb Code     2  handlers.o(i.__scatterload_null)
    __scatterload_zeroinit                   0x08002095   Thumb Code    14  handlers.o(i.__scatterload_zeroinit)
    fputc                                    0x08002205   Thumb Code    20  main.o(i.fputc)
    main                                     0x0800221d   Thumb Code    70  main.o(i.main)
    pvPortMalloc                             0x08002981   Thumb Code   146  heap_4.o(i.pvPortMalloc)
    pvTaskIncrementMutexHeldCount            0x08002a19   Thumb Code    18  tasks.o(i.pvTaskIncrementMutexHeldCount)
    pvTimerGetTimerID                        0x08002a31   Thumb Code    18  timers.o(i.pvTimerGetTimerID)
    pxPortInitialiseStack                    0x08002a45   Thumb Code    32  port.o(i.pxPortInitialiseStack)
    showCallback                             0x08002a69   Thumb Code    58  mytask.o(i.showCallback)
    start_task                               0x08002ab5   Thumb Code   206  mytask.o(i.start_task)
    uxListRemove                             0x08002c69   Thumb Code    38  list.o(i.uxListRemove)
    uxTaskGetNumberOfTasks                   0x08002c91   Thumb Code     6  tasks.o(i.uxTaskGetNumberOfTasks)
    vListInitialise                          0x08002c9d   Thumb Code    22  list.o(i.vListInitialise)
    vListInitialiseItem                      0x08002cb3   Thumb Code     6  list.o(i.vListInitialiseItem)
    vListInsert                              0x08002cb9   Thumb Code    48  list.o(i.vListInsert)
    vListInsertEnd                           0x08002ce9   Thumb Code    24  list.o(i.vListInsertEnd)
    vPortEnterCritical                       0x08002d01   Thumb Code    24  port.o(i.vPortEnterCritical)
    vPortExitCritical                        0x08002d1d   Thumb Code    16  port.o(i.vPortExitCritical)
    vPortFree                                0x08002d31   Thumb Code    64  heap_4.o(i.vPortFree)
    vPortSetupTimerInterrupt                 0x08002d75   Thumb Code    20  port.o(i.vPortSetupTimerInterrupt)
    vQueueAddToRegistry                      0x08002d8d   Thumb Code    54  queue.o(i.vQueueAddToRegistry)
    vQueueWaitForMessageRestricted           0x08002dc9   Thumb Code    68  queue.o(i.vQueueWaitForMessageRestricted)
    vTaskDelay                               0x08002e0d   Thumb Code    44  tasks.o(i.vTaskDelay)
    vTaskDelete                              0x08002e3d   Thumb Code   142  tasks.o(i.vTaskDelete)
    vTaskInternalSetTimeOutState             0x08002edd   Thumb Code    12  tasks.o(i.vTaskInternalSetTimeOutState)
    vTaskMissedYield                         0x08002eed   Thumb Code     8  tasks.o(i.vTaskMissedYield)
    vTaskPlaceOnEventList                    0x08002ef9   Thumb Code    26  tasks.o(i.vTaskPlaceOnEventList)
    vTaskPlaceOnEventListRestricted          0x08002f19   Thumb Code    58  tasks.o(i.vTaskPlaceOnEventListRestricted)
    vTaskPriorityDisinheritAfterTimeout      0x08002f59   Thumb Code   146  tasks.o(i.vTaskPriorityDisinheritAfterTimeout)
    vTaskStartScheduler                      0x08002ff5   Thumb Code    72  tasks.o(i.vTaskStartScheduler)
    vTaskSuspendAll                          0x0800304d   Thumb Code    10  tasks.o(i.vTaskSuspendAll)
    vTaskSwitchContext                       0x0800305d   Thumb Code    60  tasks.o(i.vTaskSwitchContext)
    xPortStartScheduler                      0x080030a1   Thumb Code    38  port.o(i.xPortStartScheduler)
    xPortSysTickHandler                      0x080030d1   Thumb Code    38  port.o(i.xPortSysTickHandler)
    xQueueCreateMutex                        0x080030fd   Thumb Code    36  queue.o(i.xQueueCreateMutex)
    xQueueGenericCreate                      0x08003121   Thumb Code    70  queue.o(i.xQueueGenericCreate)
    xQueueGenericReset                       0x08003169   Thumb Code   144  queue.o(i.xQueueGenericReset)
    xQueueGenericSend                        0x080031fd   Thumb Code   242  queue.o(i.xQueueGenericSend)
    xQueueGenericSendFromISR                 0x080032f5   Thumb Code   112  queue.o(i.xQueueGenericSendFromISR)
    xQueueGiveFromISR                        0x08003365   Thumb Code   102  queue.o(i.xQueueGiveFromISR)
    xQueueReceive                            0x080033cd   Thumb Code   236  queue.o(i.xQueueReceive)
    xQueueSemaphoreTake                      0x080034bd   Thumb Code   292  queue.o(i.xQueueSemaphoreTake)
    xTaskCheckForTimeOut                     0x080035e5   Thumb Code    82  tasks.o(i.xTaskCheckForTimeOut)
    xTaskCreate                              0x0800363d   Thumb Code    92  tasks.o(i.xTaskCreate)
    xTaskGetSchedulerState                   0x08003699   Thumb Code    22  tasks.o(i.xTaskGetSchedulerState)
    xTaskGetTickCount                        0x080036b5   Thumb Code     6  tasks.o(i.xTaskGetTickCount)
    xTaskIncrementTick                       0x080036c1   Thumb Code   282  tasks.o(i.xTaskIncrementTick)
    xTaskPriorityDisinherit                  0x080037e5   Thumb Code   132  tasks.o(i.xTaskPriorityDisinherit)
    xTaskPriorityInherit                     0x08003871   Thumb Code   168  tasks.o(i.xTaskPriorityInherit)
    xTaskRemoveFromEventList                 0x08003921   Thumb Code   190  tasks.o(i.xTaskRemoveFromEventList)
    xTaskResumeAll                           0x080039ed   Thumb Code   266  tasks.o(i.xTaskResumeAll)
    xTimerCreate                             0x08003b09   Thumb Code    74  timers.o(i.xTimerCreate)
    xTimerCreateTimerTask                    0x08003b55   Thumb Code    42  timers.o(i.xTimerCreateTimerTask)
    xTimerGenericCommand                     0x08003b91   Thumb Code    68  timers.o(i.xTimerGenericCommand)
    AHBPrescTable                            0x08003bea   Data          16  system_stm32f1xx.o(.constdata)
    APBPrescTable                            0x08003bfa   Data           8  system_stm32f1xx.o(.constdata)
    F6x8                                     0x08003c02   Data         552  oled.o(.constdata)
    F8X16                                    0x08003e2a   Data        1504  oled.o(.constdata)
    Hzk                                      0x0800440a   Data         448  oled.o(.constdata)
    Region$$Table$$Base                      0x080045cc   Number         0  anon$$obj.o(Region$$Table)
    Region$$Table$$Limit                     0x080045ec   Number         0  anon$$obj.o(Region$$Table)
    xKeySemaphore                            0x20000000   Data           4  main.o(.data)
    uwTickFreq                               0x20000004   Data           1  stm32f1xx_hal.o(.data)
    uwTickPrio                               0x20000008   Data           4  stm32f1xx_hal.o(.data)
    uwTick                                   0x2000000c   Data           4  stm32f1xx_hal.o(.data)
    SystemCoreClock                          0x20000010   Data           4  system_stm32f1xx.o(.data)
    pxCurrentTCB                             0x20000014   Data           4  tasks.o(.data)
    uxTopUsedPriority                        0x20000044   Data           4  tasks.o(.data)
    Star_TaskHandle_t                        0x200000a4   Data           4  mytask.o(.data)
    CMD_Data                                 0x200000a8   Data          27  oled.o(.data)
    __stdout                                 0x200000c4   Data           4  stdout.o(.data)
    hi2c1                                    0x200000c8   Data          84  i2c.o(.bss)
    huart2                                   0x2000011c   Data          72  usart.o(.bss)
    htim2                                    0x20000164   Data          72  stm32f1xx_hal_timebase_tim.o(.bss)
    xQueueRegistry                           0x200001ac   Data          80  queue.o(.bss)
    __initial_sp                             0x20003918   Data           0  startup_stm32f103xb.o(STACK)



==============================================================================

Memory Map of the image

  Image Entry point : 0x080000ed

  Load Region LR_IROM1 (Base: 0x08000000, Size: 0x000046b4, Max: 0x00010000, ABSOLUTE)

    Execution Region ER_IROM1 (Exec base: 0x08000000, Load base: 0x08000000, Size: 0x000045ec, Max: 0x00010000, ABSOLUTE)

    Exec Addr    Load Addr    Size         Type   Attr      Idx    E Section Name        Object

    0x08000000   0x08000000   0x000000ec   Data   RO            3    RESET               startup_stm32f103xb.o
    0x080000ec   0x080000ec   0x00000000   Code   RO         4640  * .ARM.Collect$$$$00000000  mc_w.l(entry.o)
    0x080000ec   0x080000ec   0x00000004   Code   RO         4924    .ARM.Collect$$$$00000001  mc_w.l(entry2.o)
    0x080000f0   0x080000f0   0x00000004   Code   RO         4927    .ARM.Collect$$$$00000004  mc_w.l(entry5.o)
    0x080000f4   0x080000f4   0x00000000   Code   RO         4929    .ARM.Collect$$$$00000008  mc_w.l(entry7b.o)
    0x080000f4   0x080000f4   0x00000000   Code   RO         4931    .ARM.Collect$$$$0000000A  mc_w.l(entry8b.o)
    0x080000f4   0x080000f4   0x00000008   Code   RO         4932    .ARM.Collect$$$$0000000B  mc_w.l(entry9a.o)
    0x080000fc   0x080000fc   0x00000000   Code   RO         4934    .ARM.Collect$$$$0000000D  mc_w.l(entry10a.o)
    0x080000fc   0x080000fc   0x00000000   Code   RO         4936    .ARM.Collect$$$$0000000F  mc_w.l(entry11a.o)
    0x080000fc   0x080000fc   0x00000004   Code   RO         4925    .ARM.Collect$$$$00002712  mc_w.l(entry2.o)
    0x08000100   0x08000100   0x00000096   Code   RO         4325    .emb_text           port.o
    0x08000196   0x08000196   0x00000002   PAD
    0x08000198   0x08000198   0x00000024   Code   RO            4    .text               startup_stm32f103xb.o
    0x080001bc   0x080001bc   0x00000024   Code   RO         4645    .text               mc_w.l(memcpya.o)
    0x080001e0   0x080001e0   0x00000024   Code   RO         4647    .text               mc_w.l(memseta.o)
    0x08000204   0x08000204   0x0000002c   Code   RO         4939    .text               mc_w.l(uidiv.o)
    0x08000230   0x08000230   0x00000024   Code   RO         4956    .text               mc_w.l(init.o)
    0x08000254   0x08000254   0x00000080   Code   RO         4460    i.Bled_task         mytask.o
    0x080002d4   0x080002d4   0x00000002   Code   RO          416    i.BusFault_Handler  stm32f1xx_it.o
    0x080002d6   0x080002d6   0x00000002   Code   RO          417    i.DebugMon_Handler  stm32f1xx_it.o
    0x080002d8   0x080002d8   0x00000006   Code   RO          418    i.EXTI1_IRQHandler  stm32f1xx_it.o
    0x080002de   0x080002de   0x00000004   Code   RO           13    i.Error_Handler     main.o
    0x080002e2   0x080002e2   0x00000046   Code   RO         1427    i.HAL_DMA_Abort     stm32f1xx_hal_dma.o
    0x08000328   0x08000328   0x00000098   Code   RO         1428    i.HAL_DMA_Abort_IT  stm32f1xx_hal_dma.o
    0x080003c0   0x080003c0   0x00000024   Code   RO         1053    i.HAL_Delay         stm32f1xx_hal.o
    0x080003e4   0x080003e4   0x00000028   Code   RO           14    i.HAL_GPIO_EXTI_Callback  main.o
    0x0800040c   0x0800040c   0x00000018   Code   RO         1362    i.HAL_GPIO_EXTI_IRQHandler  stm32f1xx_hal_gpio.o
    0x08000424   0x08000424   0x000001e0   Code   RO         1363    i.HAL_GPIO_Init     stm32f1xx_hal_gpio.o
    0x08000604   0x08000604   0x00000010   Code   RO         1366    i.HAL_GPIO_TogglePin  stm32f1xx_hal_gpio.o
    0x08000614   0x08000614   0x0000000a   Code   RO         1367    i.HAL_GPIO_WritePin  stm32f1xx_hal_gpio.o
    0x0800061e   0x0800061e   0x00000002   PAD
    0x08000620   0x08000620   0x0000000c   Code   RO         1057    i.HAL_GetTick       stm32f1xx_hal.o
    0x0800062c   0x0800062c   0x00000188   Code   RO          620    i.HAL_I2C_Init      stm32f1xx_hal_i2c.o
    0x080007b4   0x080007b4   0x00000130   Code   RO          641    i.HAL_I2C_Mem_Write  stm32f1xx_hal_i2c.o
    0x080008e4   0x080008e4   0x00000070   Code   RO          333    i.HAL_I2C_MspInit   i2c.o
    0x08000954   0x08000954   0x00000010   Code   RO         1063    i.HAL_IncTick       stm32f1xx_hal.o
    0x08000964   0x08000964   0x00000024   Code   RO         1064    i.HAL_Init          stm32f1xx_hal.o
    0x08000988   0x08000988   0x00000098   Code   RO          534    i.HAL_InitTick      stm32f1xx_hal_timebase_tim.o
    0x08000a20   0x08000a20   0x0000003c   Code   RO          510    i.HAL_MspInit       stm32f1xx_hal_msp.o
    0x08000a5c   0x08000a5c   0x0000001a   Code   RO         1523    i.HAL_NVIC_EnableIRQ  stm32f1xx_hal_cortex.o
    0x08000a76   0x08000a76   0x00000002   PAD
    0x08000a78   0x08000a78   0x00000040   Code   RO         1529    i.HAL_NVIC_SetPriority  stm32f1xx_hal_cortex.o
    0x08000ab8   0x08000ab8   0x00000024   Code   RO         1530    i.HAL_NVIC_SetPriorityGrouping  stm32f1xx_hal_cortex.o
    0x08000adc   0x08000adc   0x0000012c   Code   RO         1221    i.HAL_RCC_ClockConfig  stm32f1xx_hal_rcc.o
    0x08000c08   0x08000c08   0x00000040   Code   RO         1225    i.HAL_RCC_GetClockConfig  stm32f1xx_hal_rcc.o
    0x08000c48   0x08000c48   0x00000020   Code   RO         1228    i.HAL_RCC_GetPCLK1Freq  stm32f1xx_hal_rcc.o
    0x08000c68   0x08000c68   0x00000020   Code   RO         1229    i.HAL_RCC_GetPCLK2Freq  stm32f1xx_hal_rcc.o
    0x08000c88   0x08000c88   0x0000004c   Code   RO         1230    i.HAL_RCC_GetSysClockFreq  stm32f1xx_hal_rcc.o
    0x08000cd4   0x08000cd4   0x00000320   Code   RO         1233    i.HAL_RCC_OscConfig  stm32f1xx_hal_rcc.o
    0x08000ff4   0x08000ff4   0x00000002   Code   RO         2729    i.HAL_TIMEx_BreakCallback  stm32f1xx_hal_tim_ex.o
    0x08000ff6   0x08000ff6   0x00000002   Code   RO         2730    i.HAL_TIMEx_CommutCallback  stm32f1xx_hal_tim_ex.o
    0x08000ff8   0x08000ff8   0x0000005a   Code   RO         2025    i.HAL_TIM_Base_Init  stm32f1xx_hal_tim.o
    0x08001052   0x08001052   0x00000002   Code   RO         2027    i.HAL_TIM_Base_MspInit  stm32f1xx_hal_tim.o
    0x08001054   0x08001054   0x00000058   Code   RO         2030    i.HAL_TIM_Base_Start_IT  stm32f1xx_hal_tim.o
    0x080010ac   0x080010ac   0x00000002   Code   RO         2059    i.HAL_TIM_IC_CaptureCallback  stm32f1xx_hal_tim.o
    0x080010ae   0x080010ae   0x00000130   Code   RO         2073    i.HAL_TIM_IRQHandler  stm32f1xx_hal_tim.o
    0x080011de   0x080011de   0x00000002   Code   RO         2076    i.HAL_TIM_OC_DelayElapsedCallback  stm32f1xx_hal_tim.o
    0x080011e0   0x080011e0   0x00000002   Code   RO         2103    i.HAL_TIM_PWM_PulseFinishedCallback  stm32f1xx_hal_tim.o
    0x080011e2   0x080011e2   0x0000000e   Code   RO           15    i.HAL_TIM_PeriodElapsedCallback  main.o
    0x080011f0   0x080011f0   0x00000002   Code   RO         2116    i.HAL_TIM_TriggerCallback  stm32f1xx_hal_tim.o
    0x080011f2   0x080011f2   0x00000002   Code   RO         3008    i.HAL_UARTEx_RxEventCallback  stm32f1xx_hal_uart.o
    0x080011f4   0x080011f4   0x00000002   Code   RO         3022    i.HAL_UART_ErrorCallback  stm32f1xx_hal_uart.o
    0x080011f6   0x080011f6   0x00000002   PAD
    0x080011f8   0x080011f8   0x0000026c   Code   RO         3025    i.HAL_UART_IRQHandler  stm32f1xx_hal_uart.o
    0x08001464   0x08001464   0x00000064   Code   RO         3026    i.HAL_UART_Init     stm32f1xx_hal_uart.o
    0x080014c8   0x080014c8   0x00000080   Code   RO          375    i.HAL_UART_MspInit  usart.o
    0x08001548   0x08001548   0x00000002   Code   RO         3032    i.HAL_UART_RxCpltCallback  stm32f1xx_hal_uart.o
    0x0800154a   0x0800154a   0x000000a0   Code   RO         3034    i.HAL_UART_Transmit  stm32f1xx_hal_uart.o
    0x080015ea   0x080015ea   0x00000002   Code   RO         3037    i.HAL_UART_TxCpltCallback  stm32f1xx_hal_uart.o
    0x080015ec   0x080015ec   0x00000002   Code   RO          419    i.HardFault_Handler  stm32f1xx_it.o
    0x080015ee   0x080015ee   0x0000002e   Code   RO          663    i.I2C_IsAcknowledgeFailed  stm32f1xx_hal_i2c.o
    0x0800161c   0x0800161c   0x000000a8   Code   RO          674    i.I2C_RequestMemoryWrite  stm32f1xx_hal_i2c.o
    0x080016c4   0x080016c4   0x00000056   Code   RO          678    i.I2C_WaitOnBTFFlagUntilTimeout  stm32f1xx_hal_i2c.o
    0x0800171a   0x0800171a   0x00000002   PAD
    0x0800171c   0x0800171c   0x00000090   Code   RO          679    i.I2C_WaitOnFlagUntilTimeout  stm32f1xx_hal_i2c.o
    0x080017ac   0x080017ac   0x000000bc   Code   RO          680    i.I2C_WaitOnMasterAddressFlagUntilTimeout  stm32f1xx_hal_i2c.o
    0x08001868   0x08001868   0x00000056   Code   RO          682    i.I2C_WaitOnTXEFlagUntilTimeout  stm32f1xx_hal_i2c.o
    0x080018be   0x080018be   0x00000002   PAD
    0x080018c0   0x080018c0   0x00000090   Code   RO         4461    i.Key1_task         mytask.o
    0x08001950   0x08001950   0x000000b8   Code   RO          221    i.MX_GPIO_Init      gpio.o
    0x08001a08   0x08001a08   0x00000040   Code   RO          334    i.MX_I2C1_Init      i2c.o
    0x08001a48   0x08001a48   0x00000038   Code   RO          376    i.MX_USART2_UART_Init  usart.o
    0x08001a80   0x08001a80   0x00000002   Code   RO          420    i.MemManage_Handler  stm32f1xx_it.o
    0x08001a82   0x08001a82   0x00000002   Code   RO          421    i.NMI_Handler       stm32f1xx_it.o
    0x08001a84   0x08001a84   0x00000034   Code   RO         4524    i.OLED_Clear        oled.o
    0x08001ab8   0x08001ab8   0x00000010   Code   RO         4528    i.OLED_Init         oled.o
    0x08001ac8   0x08001ac8   0x00000022   Code   RO         4530    i.OLED_Set_Pos      oled.o
    0x08001aea   0x08001aea   0x00000002   PAD
    0x08001aec   0x08001aec   0x00000088   Code   RO         4532    i.OLED_ShowChar     oled.o
    0x08001b74   0x08001b74   0x00000036   Code   RO         4534    i.OLED_ShowString   oled.o
    0x08001baa   0x08001baa   0x00000002   PAD
    0x08001bac   0x08001bac   0x00000024   Code   RO         4535    i.OLED_WR_CMD       oled.o
    0x08001bd0   0x08001bd0   0x00000024   Code   RO         4536    i.OLED_WR_DATA      oled.o
    0x08001bf4   0x08001bf4   0x00000004   Code   RO          422    i.PendSV_Handler    stm32f1xx_it.o
    0x08001bf8   0x08001bf8   0x000000a8   Code   RO         4462    i.Rled_task         mytask.o
    0x08001ca0   0x08001ca0   0x00000004   Code   RO          423    i.SVC_Handler       stm32f1xx_it.o
    0x08001ca4   0x08001ca4   0x00000004   Code   RO          424    i.SysTick_Handler   stm32f1xx_it.o
    0x08001ca8   0x08001ca8   0x0000005e   Code   RO           16    i.SystemClock_Config  main.o
    0x08001d06   0x08001d06   0x00000002   Code   RO         3360    i.SystemInit        system_stm32f1xx.o
    0x08001d08   0x08001d08   0x0000000c   Code   RO          425    i.TIM2_IRQHandler   stm32f1xx_it.o
    0x08001d14   0x08001d14   0x00000078   Code   RO         2118    i.TIM_Base_SetConfig  stm32f1xx_hal_tim.o
    0x08001d8c   0x08001d8c   0x00000010   Code   RO         3039    i.UART_DMAAbortOnError  stm32f1xx_hal_uart.o
    0x08001d9c   0x08001d9c   0x0000004e   Code   RO         3049    i.UART_EndRxTransfer  stm32f1xx_hal_uart.o
    0x08001dea   0x08001dea   0x000000c2   Code   RO         3051    i.UART_Receive_IT   stm32f1xx_hal_uart.o
    0x08001eac   0x08001eac   0x000000b8   Code   RO         3052    i.UART_SetConfig    stm32f1xx_hal_uart.o
    0x08001f64   0x08001f64   0x00000072   Code   RO         3055    i.UART_WaitOnFlagUntilTimeout  stm32f1xx_hal_uart.o
    0x08001fd6   0x08001fd6   0x00000002   PAD
    0x08001fd8   0x08001fd8   0x0000000c   Code   RO          426    i.USART2_IRQHandler  stm32f1xx_it.o
    0x08001fe4   0x08001fe4   0x00000002   Code   RO          427    i.UsageFault_Handler  stm32f1xx_it.o
    0x08001fe6   0x08001fe6   0x00000002   PAD
    0x08001fe8   0x08001fe8   0x00000034   Code   RO         4537    i.WriteCmd          oled.o
    0x0800201c   0x0800201c   0x00000020   Code   RO         4696    i.__0printf$1       mc_w.l(printf1.o)
    0x0800203c   0x0800203c   0x00000028   Code   RO         4698    i.__0sprintf$1      mc_w.l(printf1.o)
    0x08002064   0x08002064   0x00000020   Code   RO         1536    i.__NVIC_SetPriority  stm32f1xx_hal_cortex.o
    0x08002084   0x08002084   0x0000000e   Code   RO         4960    i.__scatterload_copy  mc_w.l(handlers.o)
    0x08002092   0x08002092   0x00000002   Code   RO         4961    i.__scatterload_null  mc_w.l(handlers.o)
    0x08002094   0x08002094   0x0000000e   Code   RO         4962    i.__scatterload_zeroinit  mc_w.l(handlers.o)
    0x080020a2   0x080020a2   0x00000002   PAD
    0x080020a4   0x080020a4   0x00000154   Code   RO         4703    i._printf_core      mc_w.l(printf1.o)
    0x080021f8   0x080021f8   0x0000000a   Code   RO         4705    i._sputc            mc_w.l(printf1.o)
    0x08002202   0x08002202   0x00000002   PAD
    0x08002204   0x08002204   0x00000018   Code   RO           17    i.fputc             main.o
    0x0800221c   0x0800221c   0x00000094   Code   RO           18    i.main              main.o
    0x080022b0   0x080022b0   0x00000088   Code   RO         3870    i.prvAddCurrentTaskToDelayedList  tasks.o
    0x08002338   0x08002338   0x000000f0   Code   RO         3871    i.prvAddNewTaskToReadyList  tasks.o
    0x08002428   0x08002428   0x00000050   Code   RO         4193    i.prvCheckForValidListAndQueue  timers.o
    0x08002478   0x08002478   0x00000026   Code   RO         3562    i.prvCopyDataFromQueue  queue.o
    0x0800249e   0x0800249e   0x0000006c   Code   RO         3563    i.prvCopyDataToQueue  queue.o
    0x0800250a   0x0800250a   0x00000014   Code   RO         3872    i.prvDeleteTCB      tasks.o
    0x0800251e   0x0800251e   0x00000002   PAD
    0x08002520   0x08002520   0x00000044   Code   RO         4396    i.prvHeapInit       heap_4.o
    0x08002564   0x08002564   0x00000060   Code   RO         3873    i.prvIdleTask       tasks.o
    0x080025c4   0x080025c4   0x00000072   Code   RO         3874    i.prvInitialiseNewTask  tasks.o
    0x08002636   0x08002636   0x00000002   PAD
    0x08002638   0x08002638   0x0000004c   Code   RO         4397    i.prvInsertBlockIntoFreeList  heap_4.o
    0x08002684   0x08002684   0x00000038   Code   RO         4194    i.prvInsertTimerInActiveList  timers.o
    0x080026bc   0x080026bc   0x0000001c   Code   RO         3564    i.prvIsQueueEmpty   queue.o
    0x080026d8   0x080026d8   0x00000040   Code   RO         4195    i.prvProcessExpiredTimer  timers.o
    0x08002718   0x08002718   0x000000d0   Code   RO         4196    i.prvProcessReceivedCommands  timers.o
    0x080027e8   0x080027e8   0x0000006c   Code   RO         4197    i.prvProcessTimerOrBlockTask  timers.o
    0x08002854   0x08002854   0x00000028   Code   RO         4198    i.prvReloadTimer    timers.o
    0x0800287c   0x0800287c   0x0000001c   Code   RO         3875    i.prvResetNextTaskUnblockTime  tasks.o
    0x08002898   0x08002898   0x00000048   Code   RO         4199    i.prvSampleTimeNow  timers.o
    0x080028e0   0x080028e0   0x00000010   Code   RO         4326    i.prvTaskExitError  port.o
    0x080028f0   0x080028f0   0x00000024   Code   RO         4200    i.prvTimerTask      timers.o
    0x08002914   0x08002914   0x0000006a   Code   RO         3565    i.prvUnlockQueue    queue.o
    0x0800297e   0x0800297e   0x00000002   PAD
    0x08002980   0x08002980   0x00000098   Code   RO         4399    i.pvPortMalloc      heap_4.o
    0x08002a18   0x08002a18   0x00000018   Code   RO         3877    i.pvTaskIncrementMutexHeldCount  tasks.o
    0x08002a30   0x08002a30   0x00000012   Code   RO         4201    i.pvTimerGetTimerID  timers.o
    0x08002a42   0x08002a42   0x00000002   PAD
    0x08002a44   0x08002a44   0x00000024   Code   RO         4327    i.pxPortInitialiseStack  port.o
    0x08002a68   0x08002a68   0x0000004c   Code   RO         4463    i.showCallback      mytask.o
    0x08002ab4   0x08002ab4   0x000001b4   Code   RO         4464    i.start_task        mytask.o
    0x08002c68   0x08002c68   0x00000026   Code   RO         3522    i.uxListRemove      list.o
    0x08002c8e   0x08002c8e   0x00000002   PAD
    0x08002c90   0x08002c90   0x0000000c   Code   RO         3880    i.uxTaskGetNumberOfTasks  tasks.o
    0x08002c9c   0x08002c9c   0x00000016   Code   RO         3523    i.vListInitialise   list.o
    0x08002cb2   0x08002cb2   0x00000006   Code   RO         3524    i.vListInitialiseItem  list.o
    0x08002cb8   0x08002cb8   0x00000030   Code   RO         3525    i.vListInsert       list.o
    0x08002ce8   0x08002ce8   0x00000018   Code   RO         3526    i.vListInsertEnd    list.o
    0x08002d00   0x08002d00   0x0000001c   Code   RO         4329    i.vPortEnterCritical  port.o
    0x08002d1c   0x08002d1c   0x00000014   Code   RO         4330    i.vPortExitCritical  port.o
    0x08002d30   0x08002d30   0x00000044   Code   RO         4400    i.vPortFree         heap_4.o
    0x08002d74   0x08002d74   0x00000018   Code   RO         4331    i.vPortSetupTimerInterrupt  port.o
    0x08002d8c   0x08002d8c   0x0000003c   Code   RO         3569    i.vQueueAddToRegistry  queue.o
    0x08002dc8   0x08002dc8   0x00000044   Code   RO         3572    i.vQueueWaitForMessageRestricted  queue.o
    0x08002e0c   0x08002e0c   0x00000030   Code   RO         3884    i.vTaskDelay        tasks.o
    0x08002e3c   0x08002e3c   0x000000a0   Code   RO         3885    i.vTaskDelete       tasks.o
    0x08002edc   0x08002edc   0x00000010   Code   RO         3888    i.vTaskInternalSetTimeOutState  tasks.o
    0x08002eec   0x08002eec   0x0000000c   Code   RO         3889    i.vTaskMissedYield  tasks.o
    0x08002ef8   0x08002ef8   0x00000020   Code   RO         3890    i.vTaskPlaceOnEventList  tasks.o
    0x08002f18   0x08002f18   0x00000040   Code   RO         3891    i.vTaskPlaceOnEventListRestricted  tasks.o
    0x08002f58   0x08002f58   0x0000009c   Code   RO         3893    i.vTaskPriorityDisinheritAfterTimeout  tasks.o
    0x08002ff4   0x08002ff4   0x00000058   Code   RO         3898    i.vTaskStartScheduler  tasks.o
    0x0800304c   0x0800304c   0x00000010   Code   RO         3900    i.vTaskSuspendAll   tasks.o
    0x0800305c   0x0800305c   0x00000044   Code   RO         3901    i.vTaskSwitchContext  tasks.o
    0x080030a0   0x080030a0   0x00000030   Code   RO         4332    i.xPortStartScheduler  port.o
    0x080030d0   0x080030d0   0x0000002c   Code   RO         4333    i.xPortSysTickHandler  port.o
    0x080030fc   0x080030fc   0x00000024   Code   RO         3574    i.xQueueCreateMutex  queue.o
    0x08003120   0x08003120   0x00000046   Code   RO         3575    i.xQueueGenericCreate  queue.o
    0x08003166   0x08003166   0x00000002   PAD
    0x08003168   0x08003168   0x00000094   Code   RO         3576    i.xQueueGenericReset  queue.o
    0x080031fc   0x080031fc   0x000000f8   Code   RO         3577    i.xQueueGenericSend  queue.o
    0x080032f4   0x080032f4   0x00000070   Code   RO         3578    i.xQueueGenericSendFromISR  queue.o
    0x08003364   0x08003364   0x00000066   Code   RO         3579    i.xQueueGiveFromISR  queue.o
    0x080033ca   0x080033ca   0x00000002   PAD
    0x080033cc   0x080033cc   0x000000f0   Code   RO         3584    i.xQueueReceive     queue.o
    0x080034bc   0x080034bc   0x00000128   Code   RO         3586    i.xQueueSemaphoreTake  queue.o
    0x080035e4   0x080035e4   0x00000058   Code   RO         3903    i.xTaskCheckForTimeOut  tasks.o
    0x0800363c   0x0800363c   0x0000005c   Code   RO         3904    i.xTaskCreate       tasks.o
    0x08003698   0x08003698   0x0000001c   Code   RO         3911    i.xTaskGetSchedulerState  tasks.o
    0x080036b4   0x080036b4   0x0000000c   Code   RO         3912    i.xTaskGetTickCount  tasks.o
    0x080036c0   0x080036c0   0x00000124   Code   RO         3914    i.xTaskIncrementTick  tasks.o
    0x080037e4   0x080037e4   0x0000008c   Code   RO         3915    i.xTaskPriorityDisinherit  tasks.o
    0x08003870   0x08003870   0x000000b0   Code   RO         3916    i.xTaskPriorityInherit  tasks.o
    0x08003920   0x08003920   0x000000cc   Code   RO         3917    i.xTaskRemoveFromEventList  tasks.o
    0x080039ec   0x080039ec   0x0000011c   Code   RO         3918    i.xTaskResumeAll    tasks.o
    0x08003b08   0x08003b08   0x0000004a   Code   RO         4205    i.xTimerCreate      timers.o
    0x08003b52   0x08003b52   0x00000002   PAD
    0x08003b54   0x08003b54   0x0000003c   Code   RO         4206    i.xTimerCreateTimerTask  timers.o
    0x08003b90   0x08003b90   0x00000048   Code   RO         4207    i.xTimerGenericCommand  timers.o
    0x08003bd8   0x08003bd8   0x00000012   Data   RO         1234    .constdata          stm32f1xx_hal_rcc.o
    0x08003bea   0x08003bea   0x00000010   Data   RO         3361    .constdata          system_stm32f1xx.o
    0x08003bfa   0x08003bfa   0x00000008   Data   RO         3362    .constdata          system_stm32f1xx.o
    0x08003c02   0x08003c02   0x000009c8   Data   RO         4539    .constdata          oled.o
    0x080045ca   0x080045ca   0x00000002   PAD
    0x080045cc   0x080045cc   0x00000020   Data   RO         4958    Region$$Table       anon$$obj.o


    Execution Region RW_IRAM1 (Exec base: 0x20000000, Load base: 0x080045ec, Size: 0x00003918, Max: 0x00005000, ABSOLUTE)

    Exec Addr    Load Addr    Size         Type   Attr      Idx    E Section Name        Object

    0x20000000   0x080045ec   0x00000004   Data   RW           19    .data               main.o
    0x20000004   0x080045f0   0x0000000c   Data   RW         1071    .data               stm32f1xx_hal.o
    0x20000010   0x080045fc   0x00000004   Data   RW         3363    .data               system_stm32f1xx.o
    0x20000014   0x08004600   0x00000040   Data   RW         3921    .data               tasks.o
    0x20000054   0x08004640   0x00000014   Data   RW         4214    .data               timers.o
    0x20000068   0x08004654   0x00000004   Data   RW         4334    .data               port.o
    0x2000006c   0x08004658   0x0000001c   Data   RW         4406    .data               heap_4.o
    0x20000088   0x08004674   0x0000001c   Data   RW         4466    .data               mytask.o
    0x200000a4   0x08004690   0x00000004   Data   RW         4467    .data               mytask.o
    0x200000a8   0x08004694   0x0000001b   Data   RW         4540    .data               oled.o
    0x200000c3   0x080046af   0x00000001   PAD
    0x200000c4   0x080046b0   0x00000004   Data   RW         4938    .data               mc_w.l(stdout.o)
    0x200000c8        -       0x00000054   Zero   RW          335    .bss                i2c.o
    0x2000011c        -       0x00000048   Zero   RW          377    .bss                usart.o
    0x20000164        -       0x00000048   Zero   RW          537    .bss                stm32f1xx_hal_timebase_tim.o
    0x200001ac        -       0x00000050   Zero   RW         3587    .bss                queue.o
    0x200001fc        -       0x000002e4   Zero   RW         3920    .bss                tasks.o
    0x200004e0        -       0x00000028   Zero   RW         4213    .bss                timers.o
    0x20000508        -       0x00002000   Zero   RW         4405    .bss                heap_4.o
    0x20002508        -       0x0000000f   Zero   RW         4465    .bss                mytask.o
    0x20002517   0x080046b4   0x00000001   PAD
    0x20002518        -       0x00001400   Zero   RW            1    STACK               startup_stm32f103xb.o


==============================================================================

Image component sizes


      Code (inc. data)   RO Data    RW Data    ZI Data      Debug   Object Name

         0          0          0          0          0      14212   croutine.o
         0          0          0          0          0      14572   event_groups.o
       184         16          0          0          0     429927   gpio.o
       364         22          0         28       8192       4595   heap_4.o
       176         30          0          0         84       1625   i2c.o
       138          0          0          0          0       3042   list.o
       324         90          0          4          0     433379   main.o
       952        386          0         32         15       3772   mytask.o
       416         28       2504         27          0       5625   oled.o
       366         44          0          4          0       9088   port.o
      1660         24          0          0         80      17768   queue.o
        36          8        236          0       5120        792   startup_stm32f103xb.o
       100         18          0         12          0       5178   stm32f1xx_hal.o
       158         14          0          0          0      28150   stm32f1xx_hal_cortex.o
       222          4          0          0          0       1743   stm32f1xx_hal_dma.o
       530         40          0          0          0       4044   stm32f1xx_hal_gpio.o
      1414         32          0          0          0       9295   stm32f1xx_hal_i2c.o
        60          8          0          0          0        854   stm32f1xx_hal_msp.o
      1304         94         18          0          0       5681   stm32f1xx_hal_rcc.o
       612         24          0          0          0       7084   stm32f1xx_hal_tim.o
         4          0          0          0          0       1557   stm32f1xx_hal_tim_ex.o
       152         18          0          0         72       1455   stm32f1xx_hal_timebase_tim.o
      1474         10          0          0          0       9964   stm32f1xx_hal_uart.o
        54         12          0          0          0       5063   stm32f1xx_it.o
         2          0         24          4          0       1091   system_stm32f1xx.o
      2646        214          0         64        740      33846   tasks.o
       888         84          0         20         40      14756   timers.o
       184         22          0          0         72       1654   usart.o

    ----------------------------------------------------------------------
     14456       1242       2816        196      14416    1069812   Object Totals
         0          0         32          0          0          0   (incl. Generated)
        36          0          2          1          1          0   (incl. Padding)

    ----------------------------------------------------------------------

      Code (inc. data)   RO Data    RW Data    ZI Data      Debug   Library Member Name

         0          0          0          0          0          0   entry.o
         0          0          0          0          0          0   entry10a.o
         0          0          0          0          0          0   entry11a.o
         8          4          0          0          0          0   entry2.o
         4          0          0          0          0          0   entry5.o
         0          0          0          0          0          0   entry7b.o
         0          0          0          0          0          0   entry8b.o
         8          4          0          0          0          0   entry9a.o
        30          0          0          0          0          0   handlers.o
        36          8          0          0          0         68   init.o
        36          0          0          0          0         68   memcpya.o
        36          0          0          0          0        108   memseta.o
       422         20          0          0          0        336   printf1.o
         0          0          0          4          0          0   stdout.o
        44          0          0          0          0         80   uidiv.o

    ----------------------------------------------------------------------
       628         36          0          4          0        660   Library Totals
         4          0          0          0          0          0   (incl. Padding)

    ----------------------------------------------------------------------

      Code (inc. data)   RO Data    RW Data    ZI Data      Debug   Library Name

       624         36          0          4          0        660   mc_w.l

    ----------------------------------------------------------------------
       628         36          0          4          0        660   Library Totals

    ----------------------------------------------------------------------

==============================================================================


      Code (inc. data)   RO Data    RW Data    ZI Data      Debug   

     15084       1278       2816        200      14416    1062304   Grand Totals
     15084       1278       2816        200      14416    1062304   ELF Image Totals
     15084       1278       2816        200          0          0   ROM Totals

==============================================================================

    Total RO  Size (Code + RO Data)                17900 (  17.48kB)
    Total RW  Size (RW Data + ZI Data)             14616 (  14.27kB)
    Total ROM Size (Code + RO Data + RW Data)      18100 (  17.68kB)

==============================================================================

